Archive member included to satisfy reference by file (symbol)

/home/user/Osek/Test-LDR/erika/lib/libarduinosdk.a(wiring.c.o)
                              obj/code.cpp.o (init)
/home/user/Osek/Test-LDR/erika/lib/libarduinosdk.a(wiring_digital.c.o)
                              obj/code.cpp.o (pinMode)
/home/user/Osek/Test-LDR/erika/lib/libarduinosdk.a(wiring_analog.c.o)
                              obj/task.cpp.o (analogRead)
/home/user/Osek/Test-LDR/erika/lib/libarduinosdk.a(HardwareSerial.cpp.o)
                              obj/code.cpp.o (_ZN14HardwareSerial5beginEmh)
/home/user/Osek/Test-LDR/erika/lib/libarduinosdk.a(HardwareSerial0.cpp.o)
                              obj/code.cpp.o (Serial)
/home/user/Osek/Test-LDR/erika/lib/libarduinosdk.a(Print.cpp.o)
                              obj/debug.cpp.o (_ZN5Print5writeEPKhj)
/home/user/Osek/Test-LDR/erika/lib/libarduinosdk.a(hooks.c.o)
                              /home/user/Osek/Test-LDR/erika/lib/libarduinosdk.a(wiring.c.o) (yield)
/home/user/Osek/Test-LDR/erika/lib/libarduinosdk.a(abi.cpp.o)
                              /home/user/Osek/Test-LDR/erika/lib/libarduinosdk.a(Print.cpp.o) (__cxa_pure_virtual)
/home/user/Osek/Test-LDR/erika/lib/libee.a(ee_oo_api_osek.c.o)
                              obj/code.cpp.o (StartOS)
/home/user/Osek/Test-LDR/erika/lib/libee.a(ee_oo_sched_entry_points.c.o)
                              /home/user/Osek/Test-LDR/erika/lib/libee.a(ee_oo_api_osek.c.o) (osEE_scheduler_task_end)
/home/user/Osek/Test-LDR/erika/lib/libee.a(ee_oo_scheduler.c.o)
                              /home/user/Osek/Test-LDR/erika/lib/libee.a(ee_oo_api_osek.c.o) (osEE_scheduler_rq_insert)
/home/user/Osek/Test-LDR/erika/lib/libee.a(ee_oo_sched_partitioned.c.o)
                              /home/user/Osek/Test-LDR/erika/lib/libee.a(ee_oo_api_osek.c.o) (osEE_scheduler_task_activated)
/home/user/Osek/Test-LDR/erika/lib/libee.a(ee_oo_alarm.c.o)
                              /home/user/Osek/Test-LDR/erika/lib/libee.a(ee_oo_api_osek.c.o) (osEE_alarm_set_rel)
/home/user/Osek/Test-LDR/erika/lib/libee.a(ee_atmega_intvect.c.o)
                              /home/user/Osek/Test-LDR/erika/lib/libee.a(ee_oo_api_osek.c.o) (osEE_atmega_intvect)
/home/user/Osek/Test-LDR/erika/lib/libee.a(ee_avr8_asm.S.o)
                              /home/user/Osek/Test-LDR/erika/lib/libee.a(ee_oo_api_osek.c.o) (osEE_hal_save_ctx_and_ready2stacked)
/home/user/Osek/Test-LDR/erika/lib/libee.a(ee_avr8_irqstub.c.o)
                              /home/user/Osek/Test-LDR/erika/lib/libee.a(ee_atmega_intvect.c.o) (osEE_avr8_isr2_stub)
/home/user/Osek/Test-LDR/erika/lib/libee.a(ee_atmega_system_timer.c.o)
                              /home/user/Osek/Test-LDR/erika/lib/libee.a(ee_oo_api_osek.c.o) (osEE_avr8_system_timer_init)
/home/user/Osek/Test-LDR/erika/lib/libee.a(ee_std_change_context.c.o)
                              /home/user/Osek/Test-LDR/erika/lib/libee.a(ee_oo_sched_partitioned.c.o) (osEE_change_context_from_running)
/home/user/Osek/Test-LDR/erika/lib/libee.a(ee_oo_counter.c.o)
                              /home/user/Osek/Test-LDR/erika/lib/libee.a(ee_oo_alarm.c.o) (osEE_counter_insert_abs_trigger)
/home/user/Osek/Test-LDR/erika/lib/libee.a(ee_atmega_timer1ctc.c.o)
                              /home/user/Osek/Test-LDR/erika/lib/libee.a(ee_atmega_system_timer.c.o) (OsEE_atmega_startTimer1)
/home/user/arduino-1.8.15/hardware/tools/avr/bin/../lib/gcc/avr/7.3.0/../../../../avr/lib/avr5/libm.a(addsf3.o)
                              obj/task.cpp.o (__subsf3)
/home/user/arduino-1.8.15/hardware/tools/avr/bin/../lib/gcc/avr/7.3.0/../../../../avr/lib/avr5/libm.a(addsf3x.o)
                              /home/user/arduino-1.8.15/hardware/tools/avr/bin/../lib/gcc/avr/7.3.0/../../../../avr/lib/avr5/libm.a(addsf3.o) (__addsf3x)
/home/user/arduino-1.8.15/hardware/tools/avr/bin/../lib/gcc/avr/7.3.0/../../../../avr/lib/avr5/libm.a(cmpsf2.o)
                              obj/task.cpp.o (__ltsf2)
/home/user/arduino-1.8.15/hardware/tools/avr/bin/../lib/gcc/avr/7.3.0/../../../../avr/lib/avr5/libm.a(divsf3.o)
                              obj/task.cpp.o (__divsf3)
/home/user/arduino-1.8.15/hardware/tools/avr/bin/../lib/gcc/avr/7.3.0/../../../../avr/lib/avr5/libm.a(divsf3x.o)
                              /home/user/arduino-1.8.15/hardware/tools/avr/bin/../lib/gcc/avr/7.3.0/../../../../avr/lib/avr5/libm.a(divsf3.o) (__divsf3x)
/home/user/arduino-1.8.15/hardware/tools/avr/bin/../lib/gcc/avr/7.3.0/../../../../avr/lib/avr5/libm.a(fixunssfsi.o)
                              /home/user/Osek/Test-LDR/erika/lib/libarduinosdk.a(Print.cpp.o) (__fixunssfsi)
/home/user/arduino-1.8.15/hardware/tools/avr/bin/../lib/gcc/avr/7.3.0/../../../../avr/lib/avr5/libm.a(floatsisf.o)
                              /home/user/Osek/Test-LDR/erika/lib/libarduinosdk.a(Print.cpp.o) (__floatunsisf)
/home/user/arduino-1.8.15/hardware/tools/avr/bin/../lib/gcc/avr/7.3.0/../../../../avr/lib/avr5/libm.a(fp_cmp.o)
[...]
Memory Configuration

Name             Origin             Length             Attributes
text             0x0000000000000000 0x0000000000020000 xr
data             0x0000000000800060 0x000000000000ffa0 rw !x
eeprom           0x0000000000810000 0x0000000000010000 rw !x
fuse             0x0000000000820000 0x0000000000000003 rw !x
lock             0x0000000000830000 0x0000000000000400 rw !x
signature        0x0000000000840000 0x0000000000000400 rw !x
user_signatures  0x0000000000850000 0x0000000000000400 rw !x
*default*        0x0000000000000000 0xffffffffffffffff

Linker script and memory map

Address of section .data set to 0x800100
LOAD /home/user/arduino-1.8.15/hardware/tools/avr/bin/../lib/gcc/avr/7.3.0/../../../../avr/lib/avr5/crtatmega328p.o
LOAD obj/code.cpp.o
LOAD obj/debug.cpp.o
LOAD obj/ee_applcfg.c.o
LOAD obj/task.cpp.o
START GROUP
LOAD /home/user/Osek/Test-LDR/erika/lib/libarduinosdk.a
LOAD /home/user/Osek/Test-LDR/erika/lib/libee.a
END GROUP
LOAD /home/user/arduino-1.8.15/hardware/tools/avr/bin/../lib/gcc/avr/7.3.0/../../../../avr/lib/avr5/libm.a
START GROUP
LOAD /home/user/arduino-1.8.15/hardware/tools/avr/bin/../lib/gcc/avr/7.3.0/avr5/libgcc.a
LOAD /home/user/arduino-1.8.15/hardware/tools/avr/bin/../lib/gcc/avr/7.3.0/../../../../avr/lib/avr5/libm.a
LOAD /home/user/arduino-1.8.15/hardware/tools/avr/bin/../lib/gcc/avr/7.3.0/../../../../avr/lib/avr5/libc.a
LOAD /home/user/arduino-1.8.15/hardware/tools/avr/bin/../lib/gcc/avr/7.3.0/../../../../avr/lib/avr5/libatmega328p.a
END GROUP
                0x0000000000020000                __TEXT_REGION_LENGTH__ = DEFINED (__TEXT_REGION_LENGTH__)?__TEXT_REGION_LENGTH__:0x20000
                0x000000000000ffa0                __DATA_REGION_LENGTH__ = DEFINED (__DATA_REGION_LENGTH__)?__DATA_REGION_LENGTH__:0xffa0
                0x0000000000010000                __EEPROM_REGION_LENGTH__ = DEFINED (__EEPROM_REGION_LENGTH__)?__EEPROM_REGION_LENGTH__:0x10000
                [0x0000000000000003]                __FUSE_REGION_LENGTH__ = DEFINED (__FUSE_REGION_LENGTH__)?__FUSE_REGION_LENGTH__:0x400
                0x0000000000000400                __LOCK_REGION_LENGTH__ = DEFINED (__LOCK_REGION_LENGTH__)?__LOCK_REGION_LENGTH__:0x400
                0x0000000000000400                __SIGNATURE_REGION_LENGTH__ = DEFINED (__SIGNATURE_REGION_LENGTH__)?__SIGNATURE_REGION_LENGTH__:0x400
                0x0000000000000400                __USER_SIGNATURE_REGION_LENGTH__ = DEFINED (__USER_SIGNATURE_REGION_LENGTH__)?__USER_SIGNATURE_REGION_LENGTH__:0x400
                0x0000000000800060                __DATA_REGION_ORIGIN__ = DEFINED (__DATA_REGION_ORIGIN__)?__DATA_REGION_ORIGIN__:0x800060

.hash
 *(.hash)

.dynsym
 *(.dynsym)

.dynstr
 *(.dynstr)

.gnu.version
 *(.gnu.version)

.gnu.version_d
 *(.gnu.version_d)

.gnu.version_r
 *(.gnu.version_r)

.rel.init
 *(.rel.init)

.rela.init
 *(.rela.init)

.rel.text
 *(.rel.text)
 *(.rel.text.*)
 *(.rel.gnu.linkonce.t*)

.rela.text
 *(.rela.text)
 *(.rela.text.*)
 *(.rela.gnu.linkonce.t*)

.rel.fini
 *(.rel.fini)

.rela.fini
 *(.rela.fini)

.rel.rodata
 *(.rel.rodata)
 *(.rel.rodata.*)
 *(.rel.gnu.linkonce.r*)

.rela.rodata
 *(.rela.rodata)
 *(.rela.rodata.*)
 *(.rela.gnu.linkonce.r*)

.rel.data
 *(.rel.data)
 *(.rel.data.*)
 *(.rel.gnu.linkonce.d*)

.rela.data
 *(.rela.data)
 *(.rela.data.*)
 *(.rela.gnu.linkonce.d*)

.rel.ctors
 *(.rel.ctors)

.rela.ctors
 *(.rela.ctors)

.rel.dtors
 *(.rel.dtors)

.rela.dtors
 *(.rela.dtors)

.rel.got
 *(.rel.got)

.rela.got
 *(.rela.got)

.rel.bss
 *(.rel.bss)

.rela.bss
 *(.rela.bss)

.rel.plt
 *(.rel.plt)

.rela.plt
 *(.rela.plt)

.text           0x0000000000000000     0x1fca
 *(.vectors)
 .vectors       0x0000000000000000       0x68 /home/user/arduino-1.8.15/hardware/tools/avr/bin/../lib/gcc/avr/7.3.0/../../../../avr/lib/avr5/crtatmega328p.o
                0x0000000000000000                __vectors
 *(.vectors)
 *(.progmem.gcc*)
 .progmem.gcc_fplib
                0x0000000000000068       0x28 /home/user/arduino-1.8.15/hardware/tools/avr/bin/../lib/gcc/avr/7.3.0/../../../../avr/lib/avr5/libm.a(exp.o)
 .progmem.gcc_fplib
                0x0000000000000090       0x5a /home/user/arduino-1.8.15/hardware/tools/avr/bin/../lib/gcc/avr/7.3.0/../../../../avr/lib/avr5/libm.a(log.o)
                0x00000000000000ea                . = ALIGN (0x2)
                0x00000000000000ea                __trampolines_start = .
 *(.trampolines)
 .trampolines   0x00000000000000ea        0x0 linker stubs
 *(.trampolines*)
                0x00000000000000ea                __trampolines_end = .
 *libprintf_flt.a:*(.progmem.data)
 *libc.a:*(.progmem.data)
 *(.progmem*)
 .progmem.data.digital_pin_to_timer_PGM
                0x00000000000000ea       0x14 /home/user/Osek/Test-LDR/erika/lib/libarduinosdk.a(wiring_digital.c.o)
                0x00000000000000ea                digital_pin_to_timer_PGM
 .progmem.data.digital_pin_to_bit_mask_PGM
                0x00000000000000fe       0x14 /home/user/Osek/Test-LDR/erika/lib/libarduinosdk.a(wiring_digital.c.o)
                0x00000000000000fe                digital_pin_to_bit_mask_PGM
 .progmem.data.digital_pin_to_port_PGM
                0x0000000000000112       0x14 /home/user/Osek/Test-LDR/erika/lib/libarduinosdk.a(wiring_digital.c.o)
                0x0000000000000112                digital_pin_to_port_PGM
 .progmem.data.port_to_output_PGM
                0x0000000000000126        0xa /home/user/Osek/Test-LDR/erika/lib/libarduinosdk.a(wiring_digital.c.o)
                0x0000000000000126                port_to_output_PGM
 .progmem.data.port_to_mode_PGM
                0x0000000000000130        0xa /home/user/Osek/Test-LDR/erika/lib/libarduinosdk.a(wiring_digital.c.o)
                0x0000000000000130                port_to_mode_PGM
                0x000000000000013a                . = ALIGN (0x2)
 *(.jumptables)
 *(.jumptables*)
 *(.lowtext)
 *(.lowtext*)
                0x000000000000013a                __ctors_start = .
 *(.ctors)
 .ctors         0x000000000000013a        0x2 /home/user/Osek/Test-LDR/erika/lib/libarduinosdk.a(HardwareSerial0.cpp.o)
                0x000000000000013c                __ctors_end = .
                0x000000000000013c                __dtors_start = .
 *(.dtors)
                0x000000000000013c                __dtors_end = .
 SORT(*)(.ctors)
 SORT(*)(.dtors)
 *(.init0)
 .init0         0x000000000000013c        0x0 /home/user/arduino-1.8.15/hardware/tools/avr/bin/../lib/gcc/avr/7.3.0/../../../../avr/lib/avr5/crtatmega328p.o
                0x000000000000013c                __init
 *(.init0)
 *(.init1)
 *(.init1)
 *(.init2)
 .init2         0x000000000000013c        0xc /home/user/arduino-1.8.15/hardware/tools/avr/bin/../lib/gcc/avr/7.3.0/../../../../avr/lib/avr5/crtatmega328p.o
 *(.init2)
 *(.init3)
 *(.init3)
 *(.init4)
 .init4         0x0000000000000148       0x16 /home/user/arduino-1.8.15/hardware/tools/avr/bin/../lib/gcc/avr/7.3.0/avr5/libgcc.a(_copy_data.o)
                0x0000000000000148                __do_copy_data
 .init4         0x000000000000015e       0x10 /home/user/arduino-1.8.15/hardware/tools/avr/bin/../lib/gcc/avr/7.3.0/avr5/libgcc.a(_clear_bss.o)
                0x000000000000015e                __do_clear_bss
 *(.init4)
 *(.init5)
 *(.init5)
 *(.init6)
 .init6         0x000000000000016e       0x16 /home/user/arduino-1.8.15/hardware/tools/avr/bin/../lib/gcc/avr/7.3.0/avr5/libgcc.a(_ctors.o)
                0x000000000000016e                __do_global_ctors
 *(.init6)
 *(.init7)
 *(.init7)
 *(.init8)
 *(.init8)
 *(.init9)
 .init9         0x0000000000000184        0x8 /home/user/arduino-1.8.15/hardware/tools/avr/bin/../lib/gcc/avr/7.3.0/../../../../avr/lib/avr5/crtatmega328p.o
 *(.init9)
 *(.text)
 .text          0x000000000000018c        0x4 /home/user/arduino-1.8.15/hardware/tools/avr/bin/../lib/gcc/avr/7.3.0/../../../../avr/lib/avr5/crtatmega328p.o
                0x000000000000018c                __vector_22
                0x000000000000018c                __vector_1
                0x000000000000018c                __vector_24
                0x000000000000018c                __vector_12
                0x000000000000018c                __bad_interrupt
                0x000000000000018c                __vector_6
                0x000000000000018c                __vector_3
                0x000000000000018c                __vector_23
                0x000000000000018c                __vector_25
                0x000000000000018c                __vector_13
                0x000000000000018c                __vector_17
                0x000000000000018c                __vector_7
                0x000000000000018c                __vector_5
                0x000000000000018c                __vector_4
                0x000000000000018c                __vector_9
                0x000000000000018c                __vector_2
                0x000000000000018c                __vector_21
                0x000000000000018c                __vector_15
                0x000000000000018c                __vector_8
                0x000000000000018c                __vector_14
                0x000000000000018c                __vector_10
                0x000000000000018c                __vector_20
 .text          0x0000000000000190       0xe4 /home/user/Osek/Test-LDR/erika/lib/libee.a(ee_avr8_asm.S.o)
                0x0000000000000190                osEE_hal_save_ctx_and_restore_ctx
                0x00000000000001d0                osEE_hal_restore_ctx
                0x0000000000000210                osEE_hal_ready2stacked
                0x0000000000000220                osEE_hal_save_ctx_and_ready2stacked
                0x0000000000000260                osEE_hal_terminate_ctx
                0x0000000000000274                . = ALIGN (0x2)
 *(.text.*)
 .text.idle_hook
                0x0000000000000274       0x78 obj/code.cpp.o
                0x0000000000000274                idle_hook
 .text.setup    0x00000000000002ec       0x36 obj/code.cpp.o
                0x00000000000002ec                setup
 .text.startup.main
                0x0000000000000322       0x14 obj/code.cpp.o
                0x0000000000000322                main
 .text.serial_print
                0x0000000000000336       0x20 obj/debug.cpp.o
                0x0000000000000336                serial_print
 .text.FuncDetectLight
                0x0000000000000356       0xce obj/task.cpp.o
                0x0000000000000356                FuncDetectLight
 .text.__vector_16
                0x0000000000000424       0x94 /home/user/Osek/Test-LDR/erika/lib/libarduinosdk.a(wiring.c.o)
                0x0000000000000424                __vector_16
 .text.init     0x00000000000004b8       0x76 /home/user/Osek/Test-LDR/erika/lib/libarduinosdk.a(wiring.c.o)
                0x00000000000004b8                init
 .text.turnOffPWM
                0x000000000000052e       0x52 /home/user/Osek/Test-LDR/erika/lib/libarduinosdk.a(wiring_digital.c.o)
 .text.pinMode  0x0000000000000580       0x78 /home/user/Osek/Test-LDR/erika/lib/libarduinosdk.a(wiring_digital.c.o)
                0x0000000000000580                pinMode
 .text.digitalWrite
                0x00000000000005f8       0x5c /home/user/Osek/Test-LDR/erika/lib/libarduinosdk.a(wiring_digital.c.o)
                0x00000000000005f8                digitalWrite
 .text.analogRead
                0x0000000000000654       0x36 /home/user/Osek/Test-LDR/erika/lib/libarduinosdk.a(wiring_analog.c.o)
                0x0000000000000654                analogRead
 .text._ZN14HardwareSerial9availableEv
                0x000000000000068a       0x18 /home/user/Osek/Test-LDR/erika/lib/libarduinosdk.a(HardwareSerial.cpp.o)
                0x000000000000068a                _ZN14HardwareSerial9availableEv
 .text._ZN14HardwareSerial4peekEv
                0x00000000000006a2       0x1c /home/user/Osek/Test-LDR/erika/lib/libarduinosdk.a(HardwareSerial.cpp.o)
                0x00000000000006a2                _ZN14HardwareSerial4peekEv
 .text._ZN14HardwareSerial4readEv
                0x00000000000006be       0x28 /home/user/Osek/Test-LDR/erika/lib/libarduinosdk.a(HardwareSerial.cpp.o)
                0x00000000000006be                _ZN14HardwareSerial4readEv
 .text._ZN14HardwareSerial17availableForWriteEv
                0x00000000000006e6       0x1e /home/user/Osek/Test-LDR/erika/lib/libarduinosdk.a(HardwareSerial.cpp.o)
                0x00000000000006e6                _ZN14HardwareSerial17availableForWriteEv
 .text._Z14serialEventRunv
                0x0000000000000704       0x1c /home/user/Osek/Test-LDR/erika/lib/libarduinosdk.a(HardwareSerial.cpp.o)
                0x0000000000000704                _Z14serialEventRunv
 .text._ZN14HardwareSerial17_tx_udr_empty_irqEv
                0x0000000000000720       0x44 /home/user/Osek/Test-LDR/erika/lib/libarduinosdk.a(HardwareSerial.cpp.o)
                0x0000000000000720                _ZN14HardwareSerial17_tx_udr_empty_irqEv
 .text._ZN14HardwareSerial5flushEv
                0x0000000000000764       0x40 /home/user/Osek/Test-LDR/erika/lib/libarduinosdk.a(HardwareSerial.cpp.o)
                0x0000000000000764                _ZN14HardwareSerial5flushEv
 .text._ZN14HardwareSerial5writeEh
                0x00000000000007a4       0x9a /home/user/Osek/Test-LDR/erika/lib/libarduinosdk.a(HardwareSerial.cpp.o)
                0x00000000000007a4                _ZN14HardwareSerial5writeEh
 .text._ZN14HardwareSerial5beginEmh
                0x000000000000083e       0xc4 /home/user/Osek/Test-LDR/erika/lib/libarduinosdk.a(HardwareSerial.cpp.o)
                0x000000000000083e                _ZN14HardwareSerial5beginEmh
 .text.__vector_18
                0x0000000000000902       0x64 /home/user/Osek/Test-LDR/erika/lib/libarduinosdk.a(HardwareSerial0.cpp.o)
                0x0000000000000902                __vector_18
 .text.__vector_19
                0x0000000000000966       0x4c /home/user/Osek/Test-LDR/erika/lib/libarduinosdk.a(HardwareSerial0.cpp.o)
                0x0000000000000966                __vector_19
 .text._Z17Serial0_availablev
                0x00000000000009b2       0x14 /home/user/Osek/Test-LDR/erika/lib/libarduinosdk.a(HardwareSerial0.cpp.o)
                0x00000000000009b2                _Z17Serial0_availablev
 .text.startup._GLOBAL__sub_I___vector_18
                0x00000000000009c6       0x5a /home/user/Osek/Test-LDR/erika/lib/libarduinosdk.a(HardwareSerial0.cpp.o)
 .text._ZN5Print5writeEPKhj
                0x0000000000000a20       0x5a /home/user/Osek/Test-LDR/erika/lib/libarduinosdk.a(Print.cpp.o)
                0x0000000000000a20                _ZN5Print5writeEPKhj
 .text._ZN5Print5writeEPKc.part.2
                0x0000000000000a7a       0x1e /home/user/Osek/Test-LDR/erika/lib/libarduinosdk.a(Print.cpp.o)
 .text._ZN5Print5printEc
                0x0000000000000a98        0xe /home/user/Osek/Test-LDR/erika/lib/libarduinosdk.a(Print.cpp.o)
                0x0000000000000a98                _ZN5Print5printEc
 .text._ZN5Print7printlnEv
                0x0000000000000aa6        0x8 /home/user/Osek/Test-LDR/erika/lib/libarduinosdk.a(Print.cpp.o)
                0x0000000000000aa6                _ZN5Print7printlnEv
 .text._ZN5Print7printlnEPKc
                0x0000000000000aae       0x2e /home/user/Osek/Test-LDR/erika/lib/libarduinosdk.a(Print.cpp.o)
                0x0000000000000aae                _ZN5Print7printlnEPKc
 .text._ZN5Print11printNumberEmh
                0x0000000000000adc       0x98 /home/user/Osek/Test-LDR/erika/lib/libarduinosdk.a(Print.cpp.o)
                0x0000000000000adc                _ZN5Print11printNumberEmh
 .text._ZN5Print5printEmi
                0x0000000000000b74       0x1a /home/user/Osek/Test-LDR/erika/lib/libarduinosdk.a(Print.cpp.o)
                0x0000000000000b74                _ZN5Print5printEmi
 .text._ZN5Print5printEji
                0x0000000000000b8e        0xc /home/user/Osek/Test-LDR/erika/lib/libarduinosdk.a(Print.cpp.o)
                0x0000000000000b8e                _ZN5Print5printEji
 .text._ZN5Print10printFloatEdh
                0x0000000000000b9a      0x1c8 /home/user/Osek/Test-LDR/erika/lib/libarduinosdk.a(Print.cpp.o)
                0x0000000000000b9a                _ZN5Print10printFloatEdh
 .text._ZN5Print7printlnEdi
                0x0000000000000d62       0x24 /home/user/Osek/Test-LDR/erika/lib/libarduinosdk.a(Print.cpp.o)
                0x0000000000000d62                _ZN5Print7printlnEdi
 .text.StartOS  0x0000000000000d86      0x1b4 /home/user/Osek/Test-LDR/erika/lib/libee.a(ee_oo_api_osek.c.o)
                0x0000000000000d86                StartOS
 .text.TerminateTask
                0x0000000000000f3a       0x1e /home/user/Osek/Test-LDR/erika/lib/libee.a(ee_oo_api_osek.c.o)
                0x0000000000000f3a                TerminateTask
 .text.osEE_scheduler_task_end
                0x0000000000000f58       0x30 /home/user/Osek/Test-LDR/erika/lib/libee.a(ee_oo_sched_entry_points.c.o)
                0x0000000000000f58                osEE_scheduler_task_end
 .text.osEE_scheduler_task_wrapper_restore
                0x0000000000000f88        0x2 /home/user/Osek/Test-LDR/erika/lib/libee.a(ee_oo_sched_entry_points.c.o)
                0x0000000000000f88                osEE_scheduler_task_wrapper_restore
 .text.osEE_scheduler_task_wrapper_run
                0x0000000000000f8a       0x24 /home/user/Osek/Test-LDR/erika/lib/libee.a(ee_oo_sched_entry_points.c.o)
                0x0000000000000f8a                osEE_scheduler_task_wrapper_run
 .text.osEE_idle_hook_wrapper
                0x0000000000000fae       0x54 /home/user/Osek/Test-LDR/erika/lib/libee.a(ee_oo_sched_entry_points.c.o)
                0x0000000000000fae                osEE_idle_hook_wrapper
 .text.osEE_scheduler_core_rq_preempt_stk
                0x0000000000001002       0xae /home/user/Osek/Test-LDR/erika/lib/libee.a(ee_oo_scheduler.c.o)
                0x0000000000001002                osEE_scheduler_core_rq_preempt_stk
 .text.osEE_sn_priority_insert
                0x00000000000010b0       0xaa /home/user/Osek/Test-LDR/erika/lib/libee.a(ee_oo_scheduler.c.o)
                0x00000000000010b0                osEE_sn_priority_insert
 .text.osEE_scheduler_rq_insert
                0x000000000000115a        0xe /home/user/Osek/Test-LDR/erika/lib/libee.a(ee_oo_scheduler.c.o)
                0x000000000000115a                osEE_scheduler_rq_insert
 .text.osEE_scheduler_core_pop_running
                0x0000000000001168       0x54 /home/user/Osek/Test-LDR/erika/lib/libee.a(ee_oo_scheduler.c.o)
                0x0000000000001168                osEE_scheduler_core_pop_running
 .text.osEE_scheduler_task_activated
                0x00000000000011bc       0xcc /home/user/Osek/Test-LDR/erika/lib/libee.a(ee_oo_sched_partitioned.c.o)
                0x00000000000011bc                osEE_scheduler_task_activated
 .text.osEE_scheduler_task_terminated
                0x0000000000001288       0xf0 /home/user/Osek/Test-LDR/erika/lib/libee.a(ee_oo_sched_partitioned.c.o)
                0x0000000000001288                osEE_scheduler_task_terminated
 .text.osEE_scheduler_task_preemption_point
                0x0000000000001378       0x32 /home/user/Osek/Test-LDR/erika/lib/libee.a(ee_oo_sched_partitioned.c.o)
                0x0000000000001378                osEE_scheduler_task_preemption_point
 .text.osEE_scheduler_task_set_running
                0x00000000000013aa       0x50 /home/user/Osek/Test-LDR/erika/lib/libee.a(ee_oo_sched_partitioned.c.o)
                0x00000000000013aa                osEE_scheduler_task_set_running
 .text.osEE_alarm_set_rel
                0x00000000000013fa       0x22 /home/user/Osek/Test-LDR/erika/lib/libee.a(ee_oo_alarm.c.o)
                0x00000000000013fa                osEE_alarm_set_rel
 .text.__vector_default
                0x000000000000141c        0x4 /home/user/Osek/Test-LDR/erika/lib/libee.a(ee_atmega_intvect.c.o)
                0x000000000000141c                __vector_default
                0x000000000000141c                tag___vector_default
 .text.osEE_atmega_intvect
                0x0000000000001420        0x4 /home/user/Osek/Test-LDR/erika/lib/libee.a(ee_atmega_intvect.c.o)
                0x0000000000001420                osEE_atmega_intvect
 .text.__vector_11
                0x0000000000001424       0x10 /home/user/Osek/Test-LDR/erika/lib/libee.a(ee_atmega_intvect.c.o)
                0x0000000000001424                __vector_11
                0x0000000000001424                tag___vector_11
 .text.osEE_avr8_isr2_stub
                0x0000000000001434       0x6c /home/user/Osek/Test-LDR/erika/lib/libee.a(ee_avr8_irqstub.c.o)
                0x0000000000001434                osEE_avr8_isr2_stub
 .text.osEE_avr8_system_timer_init
                0x00000000000014a0        0xc /home/user/Osek/Test-LDR/erika/lib/libee.a(ee_atmega_system_timer.c.o)
                0x00000000000014a0                osEE_avr8_system_timer_init
 .text.osEE_avr8_system_timer_handler
                0x00000000000014ac        0xc /home/user/Osek/Test-LDR/erika/lib/libee.a(ee_atmega_system_timer.c.o)
                0x00000000000014ac                osEE_avr8_system_timer_handler
 .text.osEE_change_context_from_running
                0x00000000000014b8       0x36 /home/user/Osek/Test-LDR/erika/lib/libee.a(ee_std_change_context.c.o)
                0x00000000000014b8                osEE_change_context_from_running
 .text.osEE_change_context_from_task_end
                0x00000000000014ee       0x2c /home/user/Osek/Test-LDR/erika/lib/libee.a(ee_std_change_context.c.o)
                0x00000000000014ee                osEE_change_context_from_task_end
 .text.osEE_idle_task_terminate
                0x000000000000151a       0x36 /home/user/Osek/Test-LDR/erika/lib/libee.a(ee_std_change_context.c.o)
                0x000000000000151a                osEE_idle_task_terminate
 .text.osEE_counter_insert_abs_trigger
                0x0000000000001550       0x96 /home/user/Osek/Test-LDR/erika/lib/libee.a(ee_oo_counter.c.o)
                0x0000000000001550                osEE_counter_insert_abs_trigger
 .text.osEE_counter_insert_rel_trigger
                0x00000000000015e6       0x40 /home/user/Osek/Test-LDR/erika/lib/libee.a(ee_oo_counter.c.o)
                0x00000000000015e6                osEE_counter_insert_rel_trigger
 .text.osEE_counter_increment
                0x0000000000001626      0x112 /home/user/Osek/Test-LDR/erika/lib/libee.a(ee_oo_counter.c.o)
                0x0000000000001626                osEE_counter_increment
 .text.OsEE_atmega_startTimer1
                0x0000000000001738       0xbc /home/user/Osek/Test-LDR/erika/lib/libee.a(ee_atmega_timer1ctc.c.o)
                0x0000000000001738                OsEE_atmega_startTimer1
 .text.avr-libc.fplib
                0x00000000000017f4        0xe /home/user/arduino-1.8.15/hardware/tools/avr/bin/../lib/gcc/avr/7.3.0/../../../../avr/lib/avr5/libm.a(addsf3.o)
                0x00000000000017f4                __subsf3
                0x00000000000017f6                __addsf3
 .text.avr-libc.fplib
                0x0000000000001802       0xcc /home/user/arduino-1.8.15/hardware/tools/avr/bin/../lib/gcc/avr/7.3.0/../../../../avr/lib/avr5/libm.a(addsf3x.o)
                0x0000000000001824                __addsf3x
 .text.avr-libc.fplib
                0x00000000000018ce        0xa /home/user/arduino-1.8.15/hardware/tools/avr/bin/../lib/gcc/avr/7.3.0/../../../../avr/lib/avr5/libm.a(cmpsf2.o)
                0x00000000000018ce                __lesf2
                0x00000000000018ce                __nesf2
                0x00000000000018ce                __eqsf2
                0x00000000000018ce                __cmpsf2
                0x00000000000018ce                __ltsf2
 .text.avr-libc.fplib
                0x00000000000018d8        0x8 /home/user/arduino-1.8.15/hardware/tools/avr/bin/../lib/gcc/avr/7.3.0/../../../../avr/lib/avr5/libm.a(divsf3.o)
                0x00000000000018d8                __divsf3
 .text.avr-libc.fplib
                0x00000000000018e0       0xdc /home/user/arduino-1.8.15/hardware/tools/avr/bin/../lib/gcc/avr/7.3.0/../../../../avr/lib/avr5/libm.a(divsf3x.o)
                0x0000000000001900                __divsf3x
                0x0000000000001906                __divsf3_pse
 .text.avr-libc.fplib
                0x00000000000019bc       0x5e /home/user/arduino-1.8.15/hardware/tools/avr/bin/../lib/gcc/avr/7.3.0/../../../../avr/lib/avr5/libm.a(fixunssfsi.o)
                0x00000000000019bc                __fixunssfsi
 .text.avr-libc.fplib
                0x0000000000001a1a       0x7a /home/user/arduino-1.8.15/hardware/tools/avr/bin/../lib/gcc/avr/7.3.0/../../../../avr/lib/avr5/libm.a(floatsisf.o)
                0x0000000000001a1a                __floatunsisf
                0x0000000000001a1e                __floatsisf
 .text.avr-libc.fplib
                0x0000000000001a94       0x48 /home/user/arduino-1.8.15/hardware/tools/avr/bin/../lib/gcc/avr/7.3.0/../../../../avr/lib/avr5/libm.a(fp_cmp.o)
                0x0000000000001a94                __fp_cmp
 .text.avr-libc.fplib
                0x0000000000001adc        0xc /home/user/arduino-1.8.15/hardware/tools/avr/bin/../lib/gcc/avr/7.3.0/../../../../avr/lib/avr5/libm.a(fp_inf.o)
                0x0000000000001adc                __fp_inf
 .text.avr-libc.fplib
                0x0000000000001ae8        0x6 /home/user/arduino-1.8.15/hardware/tools/avr/bin/../lib/gcc/avr/7.3.0/../../../../avr/lib/avr5/libm.a(fp_nan.o)
                0x0000000000001ae8                __fp_nan
 .text.avr-libc.fplib
                0x0000000000001aee        0xe /home/user/arduino-1.8.15/hardware/tools/avr/bin/../lib/gcc/avr/7.3.0/../../../../avr/lib/avr5/libm.a(fp_pscA.o)
                0x0000000000001aee                __fp_pscA
 .text.avr-libc.fplib
                0x0000000000001afc        0xe /home/user/arduino-1.8.15/hardware/tools/avr/bin/../lib/gcc/avr/7.3.0/../../../../avr/lib/avr5/libm.a(fp_pscB.o)
                0x0000000000001afc                __fp_pscB
 .text.avr-libc.fplib
                0x0000000000001b0a       0x22 /home/user/arduino-1.8.15/hardware/tools/avr/bin/../lib/gcc/avr/7.3.0/../../../../avr/lib/avr5/libm.a(fp_round.o)
                0x0000000000001b0a                __fp_round
 .text.avr-libc.fplib
                0x0000000000001b2c       0x44 /home/user/arduino-1.8.15/hardware/tools/avr/bin/../lib/gcc/avr/7.3.0/../../../../avr/lib/avr5/libm.a(fp_split3.o)
                0x0000000000001b2c                __fp_split3
                0x0000000000001b3c                __fp_splitA
 .text.avr-libc.fplib
                0x0000000000001b70        0xe /home/user/arduino-1.8.15/hardware/tools/avr/bin/../lib/gcc/avr/7.3.0/../../../../avr/lib/avr5/libm.a(fp_zero.o)
                0x0000000000001b70                __fp_zero
                0x0000000000001b72                __fp_szero
 .text.avr-libc.fplib
                0x0000000000001b7e        0xa /home/user/arduino-1.8.15/hardware/tools/avr/bin/../lib/gcc/avr/7.3.0/../../../../avr/lib/avr5/libm.a(gesf2.o)
                0x0000000000001b7e                __gtsf2
                0x0000000000001b7e                __gesf2
 .text.avr-libc.fplib
                0x0000000000001b88        0x8 /home/user/arduino-1.8.15/hardware/tools/avr/bin/../lib/gcc/avr/7.3.0/../../../../avr/lib/avr5/libm.a(mulsf3.o)
                0x0000000000001b88                __mulsf3
 .text.avr-libc.fplib
                0x0000000000001b90       0xd2 /home/user/arduino-1.8.15/hardware/tools/avr/bin/../lib/gcc/avr/7.3.0/../../../../avr/lib/avr5/libm.a(mulsf3x.o)
                0x0000000000001bae                __mulsf3x
                0x0000000000001bb4                __mulsf3_pse
 .text.avr-libc.fplib
                0x0000000000001c62       0xa0 /home/user/arduino-1.8.15/hardware/tools/avr/bin/../lib/gcc/avr/7.3.0/../../../../avr/lib/avr5/libm.a(pow.o)
                0x0000000000001c62                pow
 .text.avr-libc.fplib
                0x0000000000001d02        0xa /home/user/arduino-1.8.15/hardware/tools/avr/bin/../lib/gcc/avr/7.3.0/../../../../avr/lib/avr5/libm.a(unordsf2.o)
                0x0000000000001d02                __unordsf2
 .text.avr-libc.fplib
                0x0000000000001d0c       0x74 /home/user/arduino-1.8.15/hardware/tools/avr/bin/../lib/gcc/avr/7.3.0/../../../../avr/lib/avr5/libm.a(exp.o)
                0x0000000000001d1c                exp
 .text.avr-libc.fplib
                0x0000000000001d80       0x4e /home/user/arduino-1.8.15/hardware/tools/avr/bin/../lib/gcc/avr/7.3.0/../../../../avr/lib/avr5/libm.a(fp_powser.o)
                0x0000000000001d80                __fp_powser
 .text.avr-libc.fplib
                0x0000000000001dce       0x10 /home/user/arduino-1.8.15/hardware/tools/avr/bin/../lib/gcc/avr/7.3.0/../../../../avr/lib/avr5/libm.a(inverse.o)
                0x0000000000001dce                inverse
 .text.avr-libc.fplib
                0x0000000000001dde       0x74 /home/user/arduino-1.8.15/hardware/tools/avr/bin/../lib/gcc/avr/7.3.0/../../../../avr/lib/avr5/libm.a(ldexp.o)
                0x0000000000001de6                ldexp
 .text.avr-libc.fplib
                0x0000000000001e52       0xa0 /home/user/arduino-1.8.15/hardware/tools/avr/bin/../lib/gcc/avr/7.3.0/../../../../avr/lib/avr5/libm.a(log.o)
                0x0000000000001e62                log
 .text.avr-libc.fplib
                0x0000000000001ef2       0x68 /home/user/arduino-1.8.15/hardware/tools/avr/bin/../lib/gcc/avr/7.3.0/../../../../avr/lib/avr5/libm.a(modf.o)
                0x0000000000001ef2                modff
                0x0000000000001ef2                modf
 .text.avr-libc.fplib
                0x0000000000001f5a       0x1c /home/user/arduino-1.8.15/hardware/tools/avr/bin/../lib/gcc/avr/7.3.0/../../../../avr/lib/avr5/libm.a(fp_mpack.o)
                0x0000000000001f5a                __fp_mpack
                0x0000000000001f5e                __fp_mpack_finite
 .text.libgcc.div
                0x0000000000001f76       0x44 /home/user/arduino-1.8.15/hardware/tools/avr/bin/../lib/gcc/avr/7.3.0/avr5/libgcc.a(_udivmodsi4.o)
                0x0000000000001f76                __udivmodsi4
 .text.libgcc   0x0000000000001fba        0xc /home/user/arduino-1.8.15/hardware/tools/avr/bin/../lib/gcc/avr/7.3.0/avr5/libgcc.a(_tablejump2.o)
                0x0000000000001fba                __tablejump2__
                0x0000000000001fc6                . = ALIGN (0x2)
 *(.fini9)
 .fini9         0x0000000000001fc6        0x0 /home/user/arduino-1.8.15/hardware/tools/avr/bin/../lib/gcc/avr/7.3.0/avr5/libgcc.a(_exit.o)
                0x0000000000001fc6                exit
                0x0000000000001fc6                _exit
 *(.fini9)
 *(.fini8)
 *(.fini8)
 *(.fini7)
 *(.fini7)
 *(.fini6)
 *(.fini6)
 *(.fini5)
 *(.fini5)
 *(.fini4)
 *(.fini4)
 *(.fini3)
 *(.fini3)
 *(.fini2)
 *(.fini2)
 *(.fini1)
 *(.fini1)
 *(.fini0)
 .fini0         0x0000000000001fc6        0x4 /home/user/arduino-1.8.15/hardware/tools/avr/bin/../lib/gcc/avr/7.3.0/avr5/libgcc.a(_exit.o)
 *(.fini0)
                0x0000000000001fca                _etext = .

.data           0x0000000000800100       0xf0 load address 0x0000000000001fca
                0x0000000000800100                PROVIDE (__data_start, .)
 *(.data)
 *(.data*)
 .data.CCB      0x0000000000800100       0x12 obj/ee_applcfg.c.o
                0x0000000000800100                CCB
 .data.sn_array
                0x0000000000800112        0x8 obj/ee_applcfg.c.o
                0x0000000000800112                sn_array
 .data.tcb_array
                0x000000000080011a        0xc obj/ee_applcfg.c.o
                0x000000000080011a                tcb_array
 .data.analog_reference
                0x0000000000800126        0x1 /home/user/Osek/Test-LDR/erika/lib/libarduinosdk.a(wiring_analog.c.o)
                0x0000000000800126                analog_reference
 *(.gnu.linkonce.d*)
 *(.rodata)
 *(.rodata*)
 .rodata.idle_hook.str1.1
                0x0000000000800127       0x1b obj/code.cpp.o
 .rodata.setup.str1.1
                0x0000000000800142       0x14 obj/code.cpp.o
 .rodata.KDB    0x0000000000800156       0x12 obj/ee_applcfg.c.o
                0x0000000000800156                KDB
 .rodata.CDB    0x0000000000800168       0x10 obj/ee_applcfg.c.o
                0x0000000000800168                CDB
 .rodata.osEE_autostart_trigger_db
                0x0000000000800178        0x4 obj/ee_applcfg.c.o
                0x0000000000800178                osEE_autostart_trigger_db
 .rodata.trigger_autostart_info_OSDEFAULTAPPMODE
                0x000000000080017c        0x6 obj/ee_applcfg.c.o
                0x000000000080017c                trigger_autostart_info_OSDEFAULTAPPMODE
 .rodata.alarm_db_ptr_array
                0x0000000000800182        0x2 obj/ee_applcfg.c.o
                0x0000000000800182                alarm_db_ptr_array
 .rodata.alarm_db_array
                0x0000000000800184        0xc obj/ee_applcfg.c.o
                0x0000000000800184                alarm_db_array
 .rodata.counter_db_ptr_array
                0x0000000000800190        0x2 obj/ee_applcfg.c.o
                0x0000000000800190                counter_db_ptr_array
 .rodata.counter_db_array
                0x0000000000800192        0x6 obj/ee_applcfg.c.o
                0x0000000000800192                counter_db_array
 .rodata.osEE_autostart_tdb
                0x0000000000800198        0x4 obj/ee_applcfg.c.o
                0x0000000000800198                osEE_autostart_tdb
 .rodata.tdb_ptr_autostart_OSDEFAULTAPPMODE
                0x000000000080019c        0x2 obj/ee_applcfg.c.o
                0x000000000080019c                tdb_ptr_autostart_OSDEFAULTAPPMODE
 .rodata.tdb_ptr_array
                0x000000000080019e        0x6 obj/ee_applcfg.c.o
                0x000000000080019e                tdb_ptr_array
 .rodata.tdb_array
                0x00000000008001a4       0x2a obj/ee_applcfg.c.o
                0x00000000008001a4                tdb_array
 .rodata.sdb_array
                0x00000000008001ce        0x4 obj/ee_applcfg.c.o
                0x00000000008001ce                sdb_array
 .rodata._ZTV14HardwareSerial
                0x00000000008001d2       0x12 /home/user/Osek/Test-LDR/erika/lib/libarduinosdk.a(HardwareSerial.cpp.o)
                0x00000000008001d2                _ZTV14HardwareSerial
 .rodata._ZN5Print7printlnEv.str1.1
                0x00000000008001e4       0x14 /home/user/Osek/Test-LDR/erika/lib/libarduinosdk.a(Print.cpp.o)
                                          0x3 (size before relaxing)
 .rodata._ZN5Print10printFloatEdh.str1.1
                0x00000000008001e4        0xc /home/user/Osek/Test-LDR/erika/lib/libarduinosdk.a(Print.cpp.o)
 *(.gnu.linkonce.r*)
                0x00000000008001f8                . = ALIGN (0x2)
                0x00000000008001f8                _edata = .
                0x00000000008001f8                PROVIDE (__data_end, .)

.bss            0x00000000008001f0       0xbd
                0x00000000008001f0                PROVIDE (__bss_start, .)
 *(.bss)
 *(.bss*)
 .bss.main_sp   0x00000000008001f0        0x2 obj/code.cpp.o
                0x00000000008001f0                main_sp
 .bss.scb_array
                0x00000000008001f2        0x2 obj/ee_applcfg.c.o
                0x00000000008001f2                scb_array
 .bss.dataLux   0x00000000008001f4        0x4 obj/task.cpp.o
                0x00000000008001f4                dataLux
 .bss.dataRaw   0x00000000008001f8        0x2 obj/task.cpp.o
                0x00000000008001f8                dataRaw
 .bss.timer0_fract
                0x00000000008001fa        0x1 /home/user/Osek/Test-LDR/erika/lib/libarduinosdk.a(wiring.c.o)
 .bss.timer0_millis
                0x00000000008001fb        0x4 /home/user/Osek/Test-LDR/erika/lib/libarduinosdk.a(wiring.c.o)
                0x00000000008001fb                timer0_millis
 .bss.timer0_overflow_count
                0x00000000008001ff        0x4 /home/user/Osek/Test-LDR/erika/lib/libarduinosdk.a(wiring.c.o)
                0x00000000008001ff                timer0_overflow_count
 .bss.Serial    0x0000000000800203       0x9d /home/user/Osek/Test-LDR/erika/lib/libarduinosdk.a(HardwareSerial0.cpp.o)
                0x0000000000800203                Serial
 *(COMMON)
 COMMON         0x00000000008002a0        0xd obj/ee_applcfg.c.o
                0x00000000008002a0                KCB
                0x00000000008002a1                alarm_cb_array
                0x00000000008002a9                counter_cb_array
                0x00000000008002ad                PROVIDE (__bss_end, .)
                0x0000000000001fca                __data_load_start = LOADADDR (.data)
                0x00000000000020ba                __data_load_end = (__data_load_start + SIZEOF (.data))

.noinit         0x00000000008002ad        0x0
                [!provide]                        PROVIDE (__noinit_start, .)
 *(.noinit*)
                [!provide]                        PROVIDE (__noinit_end, .)
                0x00000000008002ad                _end = .
                [!provide]                        PROVIDE (__heap_start, .)

.eeprom         0x0000000000810000        0x0
 *(.eeprom*)
                0x0000000000810000                __eeprom_end = .

.fuse
 *(.fuse)
 *(.lfuse)
 *(.hfuse)
 *(.efuse)

.lock
 *(.lock*)

.signature
 *(.signature*)

.user_signatures
 *(.user_signatures*)

.stab
 *(.stab)

.stabstr
 *(.stabstr)

.stab.excl
 *(.stab.excl)

.stab.exclstr
 *(.stab.exclstr)

.stab.index
 *(.stab.index)

.stab.indexstr
 *(.stab.indexstr)

.comment        0x0000000000000000       0x11
 *(.comment)
 .comment       0x0000000000000000       0x11 obj/code.cpp.o
                                         0x12 (size before relaxing)
 .comment       0x0000000000000011       0x12 obj/debug.cpp.o
 .comment       0x0000000000000011       0x12 obj/ee_applcfg.c.o
 .comment       0x0000000000000011       0x12 obj/task.cpp.o
 .comment       0x0000000000000011       0x12 /home/user/Osek/Test-LDR/erika/lib/libarduinosdk.a(wiring.c.o)
 .comment       0x0000000000000011       0x12 /home/user/Osek/Test-LDR/erika/lib/libarduinosdk.a(wiring_digital.c.o)
 .comment       0x0000000000000011       0x12 /home/user/Osek/Test-LDR/erika/lib/libarduinosdk.a(wiring_analog.c.o)
 .comment       0x0000000000000011       0x12 /home/user/Osek/Test-LDR/erika/lib/libarduinosdk.a(HardwareSerial.cpp.o)
 .comment       0x0000000000000011       0x12 /home/user/Osek/Test-LDR/erika/lib/libarduinosdk.a(HardwareSerial0.cpp.o)
 .comment       0x0000000000000011       0x12 /home/user/Osek/Test-LDR/erika/lib/libarduinosdk.a(Print.cpp.o)
 .comment       0x0000000000000011       0x12 /home/user/Osek/Test-LDR/erika/lib/libee.a(ee_oo_api_osek.c.o)
 .comment       0x0000000000000011       0x12 /home/user/Osek/Test-LDR/erika/lib/libee.a(ee_oo_sched_entry_points.c.o)
 .comment       0x0000000000000011       0x12 /home/user/Osek/Test-LDR/erika/lib/libee.a(ee_oo_scheduler.c.o)
 .comment       0x0000000000000011       0x12 /home/user/Osek/Test-LDR/erika/lib/libee.a(ee_oo_sched_partitioned.c.o)
 .comment       0x0000000000000011       0x12 /home/user/Osek/Test-LDR/erika/lib/libee.a(ee_oo_alarm.c.o)
 .comment       0x0000000000000011       0x12 /home/user/Osek/Test-LDR/erika/lib/libee.a(ee_atmega_intvect.c.o)
 .comment       0x0000000000000011       0x12 /home/user/Osek/Test-LDR/erika/lib/libee.a(ee_avr8_irqstub.c.o)
 .comment       0x0000000000000011       0x12 /home/user/Osek/Test-LDR/erika/lib/libee.a(ee_atmega_system_timer.c.o)
 .comment       0x0000000000000011       0x12 /home/user/Osek/Test-LDR/erika/lib/libee.a(ee_std_change_context.c.o)
 .comment       0x0000000000000011       0x12 /home/user/Osek/Test-LDR/erika/lib/libee.a(ee_oo_counter.c.o)
 .comment       0x0000000000000011       0x12 /home/user/Osek/Test-LDR/erika/lib/libee.a(ee_atmega_timer1ctc.c.o)

.note.gnu.avr.deviceinfo
                0x0000000000000000       0x40
 .note.gnu.avr.deviceinfo
                0x0000000000000000       0x40 /home/user/arduino-1.8.15/hardware/tools/avr/bin/../lib/gcc/avr/7.3.0/../../../../avr/lib/avr5/crtatmega328p.o

.note.gnu.build-id
 *(.note.gnu.build-id)

.debug
 *(.debug)

.line
 *(.line)

.debug_srcinfo
 *(.debug_srcinfo)

.debug_sfnames
 *(.debug_sfnames)

.debug_aranges  0x0000000000000000      0x5e8
 *(.debug_aranges)
 .debug_aranges
                0x0000000000000000       0x48 /home/user/Osek/Test-LDR/erika/lib/libarduinosdk.a(wiring.c.o)
 .debug_aranges
                0x0000000000000048       0x38 /home/user/Osek/Test-LDR/erika/lib/libarduinosdk.a(wiring_digital.c.o)
 .debug_aranges
                0x0000000000000080       0x30 /home/user/Osek/Test-LDR/erika/lib/libarduinosdk.a(wiring_analog.c.o)
 .debug_aranges
                0x00000000000000b0       0x68 /home/user/Osek/Test-LDR/erika/lib/libarduinosdk.a(HardwareSerial.cpp.o)
 .debug_aranges
                0x0000000000000118       0x38 /home/user/Osek/Test-LDR/erika/lib/libarduinosdk.a(HardwareSerial0.cpp.o)
 .debug_aranges
                0x0000000000000150      0x100 /home/user/Osek/Test-LDR/erika/lib/libarduinosdk.a(Print.cpp.o)
 .debug_aranges
                0x0000000000000250       0xc0 /home/user/Osek/Test-LDR/erika/lib/libee.a(ee_oo_api_osek.c.o)
 .debug_aranges
                0x0000000000000310       0x38 /home/user/Osek/Test-LDR/erika/lib/libee.a(ee_oo_sched_entry_points.c.o)
 .debug_aranges
                0x0000000000000348       0x38 /home/user/Osek/Test-LDR/erika/lib/libee.a(ee_oo_scheduler.c.o)
 .debug_aranges
                0x0000000000000380       0x48 /home/user/Osek/Test-LDR/erika/lib/libee.a(ee_oo_sched_partitioned.c.o)
 .debug_aranges
                0x00000000000003c8       0x38 /home/user/Osek/Test-LDR/erika/lib/libee.a(ee_oo_alarm.c.o)
 .debug_aranges
                0x0000000000000400       0x30 /home/user/Osek/Test-LDR/erika/lib/libee.a(ee_atmega_intvect.c.o)
 .debug_aranges
                0x0000000000000430       0x20 /home/user/Osek/Test-LDR/erika/lib/libee.a(ee_avr8_asm.S.o)
 .debug_aranges
                0x0000000000000450       0x28 /home/user/Osek/Test-LDR/erika/lib/libee.a(ee_avr8_irqstub.c.o)
 .debug_aranges
                0x0000000000000478       0x28 /home/user/Osek/Test-LDR/erika/lib/libee.a(ee_atmega_system_timer.c.o)
 .debug_aranges
                0x00000000000004a0       0x30 /home/user/Osek/Test-LDR/erika/lib/libee.a(ee_std_change_context.c.o)
 .debug_aranges
                0x00000000000004d0       0x38 /home/user/Osek/Test-LDR/erika/lib/libee.a(ee_oo_counter.c.o)
 .debug_aranges
                0x0000000000000508       0x20 /home/user/Osek/Test-LDR/erika/lib/libee.a(ee_atmega_timer1ctc.c.o)
 .debug_aranges
                0x0000000000000528       0x20 /home/user/arduino-1.8.15/hardware/tools/avr/bin/../lib/gcc/avr/7.3.0/avr5/libgcc.a(_udivmodsi4.o)
 .debug_aranges
                0x0000000000000548       0x20 /home/user/arduino-1.8.15/hardware/tools/avr/bin/../lib/gcc/avr/7.3.0/avr5/libgcc.a(_exit.o)
 .debug_aranges
                0x0000000000000568       0x20 /home/user/arduino-1.8.15/hardware/tools/avr/bin/../lib/gcc/avr/7.3.0/avr5/libgcc.a(_copy_data.o)
 .debug_aranges
                0x0000000000000588       0x20 /home/user/arduino-1.8.15/hardware/tools/avr/bin/../lib/gcc/avr/7.3.0/avr5/libgcc.a(_clear_bss.o)
 .debug_aranges
                0x00000000000005a8       0x20 /home/user/arduino-1.8.15/hardware/tools/avr/bin/../lib/gcc/avr/7.3.0/avr5/libgcc.a(_ctors.o)
 .debug_aranges
                0x00000000000005c8       0x20 /home/user/arduino-1.8.15/hardware/tools/avr/bin/../lib/gcc/avr/7.3.0/avr5/libgcc.a(_tablejump2.o)

.debug_pubnames
 *(.debug_pubnames)

.debug_info     0x0000000000000000    0x13792
 *(.debug_info .gnu.linkonce.wi.*)
 .debug_info    0x0000000000000000      0x5f4 /home/user/arduino-1.8.15/hardware/tools/avr/bin/../lib/gcc/avr/7.3.0/../../../../avr/lib/avr5/crtatmega328p.o
 .debug_info    0x00000000000005f4      0x44d /home/user/Osek/Test-LDR/erika/lib/libarduinosdk.a(wiring.c.o)
 .debug_info    0x0000000000000a41      0x712 /home/user/Osek/Test-LDR/erika/lib/libarduinosdk.a(wiring_digital.c.o)
 .debug_info    0x0000000000001153      0x3d2 /home/user/Osek/Test-LDR/erika/lib/libarduinosdk.a(wiring_analog.c.o)
 .debug_info    0x0000000000001525     0x206d /home/user/Osek/Test-LDR/erika/lib/libarduinosdk.a(HardwareSerial.cpp.o)
 .debug_info    0x0000000000003592     0x1ca8 /home/user/Osek/Test-LDR/erika/lib/libarduinosdk.a(HardwareSerial0.cpp.o)
 .debug_info    0x000000000000523a     0x2bbb /home/user/Osek/Test-LDR/erika/lib/libarduinosdk.a(Print.cpp.o)
 .debug_info    0x0000000000007df5     0x2474 /home/user/Osek/Test-LDR/erika/lib/libee.a(ee_oo_api_osek.c.o)
 .debug_info    0x000000000000a269      0xfcd /home/user/Osek/Test-LDR/erika/lib/libee.a(ee_oo_sched_entry_points.c.o)
 .debug_info    0x000000000000b236      0xf8a /home/user/Osek/Test-LDR/erika/lib/libee.a(ee_oo_scheduler.c.o)
 .debug_info    0x000000000000c1c0     0x1317 /home/user/Osek/Test-LDR/erika/lib/libee.a(ee_oo_sched_partitioned.c.o)
 .debug_info    0x000000000000d4d7      0xf34 /home/user/Osek/Test-LDR/erika/lib/libee.a(ee_oo_alarm.c.o)
 .debug_info    0x000000000000e40b      0xbf7 /home/user/Osek/Test-LDR/erika/lib/libee.a(ee_atmega_intvect.c.o)
 .debug_info    0x000000000000f002       0x76 /home/user/Osek/Test-LDR/erika/lib/libee.a(ee_avr8_asm.S.o)
 .debug_info    0x000000000000f078      0xcda /home/user/Osek/Test-LDR/erika/lib/libee.a(ee_avr8_irqstub.c.o)
 .debug_info    0x000000000000fd52      0xc29 /home/user/Osek/Test-LDR/erika/lib/libee.a(ee_atmega_system_timer.c.o)
 .debug_info    0x000000000001097b      0xd71 /home/user/Osek/Test-LDR/erika/lib/libee.a(ee_std_change_context.c.o)
 .debug_info    0x00000000000116ec     0x10c2 /home/user/Osek/Test-LDR/erika/lib/libee.a(ee_oo_counter.c.o)
 .debug_info    0x00000000000127ae      0xbe2 /home/user/Osek/Test-LDR/erika/lib/libee.a(ee_atmega_timer1ctc.c.o)
 .debug_info    0x0000000000013390       0xab /home/user/arduino-1.8.15/hardware/tools/avr/bin/../lib/gcc/avr/7.3.0/avr5/libgcc.a(_udivmodsi4.o)
 .debug_info    0x000000000001343b       0xab /home/user/arduino-1.8.15/hardware/tools/avr/bin/../lib/gcc/avr/7.3.0/avr5/libgcc.a(_exit.o)
 .debug_info    0x00000000000134e6       0xab /home/user/arduino-1.8.15/hardware/tools/avr/bin/../lib/gcc/avr/7.3.0/avr5/libgcc.a(_copy_data.o)
 .debug_info    0x0000000000013591       0xab /home/user/arduino-1.8.15/hardware/tools/avr/bin/../lib/gcc/avr/7.3.0/avr5/libgcc.a(_clear_bss.o)
 .debug_info    0x000000000001363c       0xab /home/user/arduino-1.8.15/hardware/tools/avr/bin/../lib/gcc/avr/7.3.0/avr5/libgcc.a(_ctors.o)
 .debug_info    0x00000000000136e7       0xab /home/user/arduino-1.8.15/hardware/tools/avr/bin/../lib/gcc/avr/7.3.0/avr5/libgcc.a(_tablejump2.o)

.debug_abbrev   0x0000000000000000     0x33c6
 *(.debug_abbrev)
 .debug_abbrev  0x0000000000000000      0x5a2 /home/user/arduino-1.8.15/hardware/tools/avr/bin/../lib/gcc/avr/7.3.0/../../../../avr/lib/avr5/crtatmega328p.o
 .debug_abbrev  0x00000000000005a2      0x1e3 /home/user/Osek/Test-LDR/erika/lib/libarduinosdk.a(wiring.c.o)
 .debug_abbrev  0x0000000000000785      0x1fa /home/user/Osek/Test-LDR/erika/lib/libarduinosdk.a(wiring_digital.c.o)
 .debug_abbrev  0x000000000000097f      0x1e9 /home/user/Osek/Test-LDR/erika/lib/libarduinosdk.a(wiring_analog.c.o)
 .debug_abbrev  0x0000000000000b68      0x52a /home/user/Osek/Test-LDR/erika/lib/libarduinosdk.a(HardwareSerial.cpp.o)
 .debug_abbrev  0x0000000000001092      0x44e /home/user/Osek/Test-LDR/erika/lib/libarduinosdk.a(HardwareSerial0.cpp.o)
 .debug_abbrev  0x00000000000014e0      0x562 /home/user/Osek/Test-LDR/erika/lib/libarduinosdk.a(Print.cpp.o)
 .debug_abbrev  0x0000000000001a42      0x3e2 /home/user/Osek/Test-LDR/erika/lib/libee.a(ee_oo_api_osek.c.o)
 .debug_abbrev  0x0000000000001e24      0x2cd /home/user/Osek/Test-LDR/erika/lib/libee.a(ee_oo_sched_entry_points.c.o)
 .debug_abbrev  0x00000000000020f1      0x2a1 /home/user/Osek/Test-LDR/erika/lib/libee.a(ee_oo_scheduler.c.o)
 .debug_abbrev  0x0000000000002392      0x2d9 /home/user/Osek/Test-LDR/erika/lib/libee.a(ee_oo_sched_partitioned.c.o)
 .debug_abbrev  0x000000000000266b      0x22c /home/user/Osek/Test-LDR/erika/lib/libee.a(ee_oo_alarm.c.o)
 .debug_abbrev  0x0000000000002897      0x16b /home/user/Osek/Test-LDR/erika/lib/libee.a(ee_atmega_intvect.c.o)
 .debug_abbrev  0x0000000000002a02       0x14 /home/user/Osek/Test-LDR/erika/lib/libee.a(ee_avr8_asm.S.o)
 .debug_abbrev  0x0000000000002a16      0x1f8 /home/user/Osek/Test-LDR/erika/lib/libee.a(ee_avr8_irqstub.c.o)
 .debug_abbrev  0x0000000000002c0e      0x194 /home/user/Osek/Test-LDR/erika/lib/libee.a(ee_atmega_system_timer.c.o)
 .debug_abbrev  0x0000000000002da2      0x184 /home/user/Osek/Test-LDR/erika/lib/libee.a(ee_std_change_context.c.o)
 .debug_abbrev  0x0000000000002f26      0x2e2 /home/user/Osek/Test-LDR/erika/lib/libee.a(ee_oo_counter.c.o)
 .debug_abbrev  0x0000000000003208      0x146 /home/user/Osek/Test-LDR/erika/lib/libee.a(ee_atmega_timer1ctc.c.o)
 .debug_abbrev  0x000000000000334e       0x14 /home/user/arduino-1.8.15/hardware/tools/avr/bin/../lib/gcc/avr/7.3.0/avr5/libgcc.a(_udivmodsi4.o)
 .debug_abbrev  0x0000000000003362       0x14 /home/user/arduino-1.8.15/hardware/tools/avr/bin/../lib/gcc/avr/7.3.0/avr5/libgcc.a(_exit.o)
 .debug_abbrev  0x0000000000003376       0x14 /home/user/arduino-1.8.15/hardware/tools/avr/bin/../lib/gcc/avr/7.3.0/avr5/libgcc.a(_copy_data.o)
 .debug_abbrev  0x000000000000338a       0x14 /home/user/arduino-1.8.15/hardware/tools/avr/bin/../lib/gcc/avr/7.3.0/avr5/libgcc.a(_clear_bss.o)
 .debug_abbrev  0x000000000000339e       0x14 /home/user/arduino-1.8.15/hardware/tools/avr/bin/../lib/gcc/avr/7.3.0/avr5/libgcc.a(_ctors.o)
 .debug_abbrev  0x00000000000033b2       0x14 /home/user/arduino-1.8.15/hardware/tools/avr/bin/../lib/gcc/avr/7.3.0/avr5/libgcc.a(_tablejump2.o)

.debug_line     0x0000000000000000     0x3f3f
 *(.debug_line .debug_line.* .debug_line_end)
 .debug_line    0x0000000000000000       0x1a /home/user/arduino-1.8.15/hardware/tools/avr/bin/../lib/gcc/avr/7.3.0/../../../../avr/lib/avr5/crtatmega328p.o
 .debug_line    0x000000000000001a      0x335 /home/user/Osek/Test-LDR/erika/lib/libarduinosdk.a(wiring.c.o)
 .debug_line    0x000000000000034f      0x37f /home/user/Osek/Test-LDR/erika/lib/libarduinosdk.a(wiring_digital.c.o)
 .debug_line    0x00000000000006ce      0x2ba /home/user/Osek/Test-LDR/erika/lib/libarduinosdk.a(wiring_analog.c.o)
 .debug_line    0x0000000000000988      0x564 /home/user/Osek/Test-LDR/erika/lib/libarduinosdk.a(HardwareSerial.cpp.o)
 .debug_line    0x0000000000000eec      0x298 /home/user/Osek/Test-LDR/erika/lib/libarduinosdk.a(HardwareSerial0.cpp.o)
 .debug_line    0x0000000000001184      0x698 /home/user/Osek/Test-LDR/erika/lib/libarduinosdk.a(Print.cpp.o)
 .debug_line    0x000000000000181c      0x9ba /home/user/Osek/Test-LDR/erika/lib/libee.a(ee_oo_api_osek.c.o)
 .debug_line    0x00000000000021d6      0x28f /home/user/Osek/Test-LDR/erika/lib/libee.a(ee_oo_sched_entry_points.c.o)
 .debug_line    0x0000000000002465      0x33a /home/user/Osek/Test-LDR/erika/lib/libee.a(ee_oo_scheduler.c.o)
 .debug_line    0x000000000000279f      0x41c /home/user/Osek/Test-LDR/erika/lib/libee.a(ee_oo_sched_partitioned.c.o)
 .debug_line    0x0000000000002bbb      0x258 /home/user/Osek/Test-LDR/erika/lib/libee.a(ee_oo_alarm.c.o)
 .debug_line    0x0000000000002e13      0x1b3 /home/user/Osek/Test-LDR/erika/lib/libee.a(ee_atmega_intvect.c.o)
 .debug_line    0x0000000000002fc6       0xdd /home/user/Osek/Test-LDR/erika/lib/libee.a(ee_avr8_asm.S.o)
 .debug_line    0x00000000000030a3      0x1f1 /home/user/Osek/Test-LDR/erika/lib/libee.a(ee_avr8_irqstub.c.o)
 .debug_line    0x0000000000003294      0x1a3 /home/user/Osek/Test-LDR/erika/lib/libee.a(ee_atmega_system_timer.c.o)
 .debug_line    0x0000000000003437      0x226 /home/user/Osek/Test-LDR/erika/lib/libee.a(ee_std_change_context.c.o)
 .debug_line    0x000000000000365d      0x34e /home/user/Osek/Test-LDR/erika/lib/libee.a(ee_oo_counter.c.o)
 .debug_line    0x00000000000039ab      0x1e6 /home/user/Osek/Test-LDR/erika/lib/libee.a(ee_atmega_timer1ctc.c.o)
 .debug_line    0x0000000000003b91      0x122 /home/user/arduino-1.8.15/hardware/tools/avr/bin/../lib/gcc/avr/7.3.0/avr5/libgcc.a(_udivmodsi4.o)
 .debug_line    0x0000000000003cb3       0x62 /home/user/arduino-1.8.15/hardware/tools/avr/bin/../lib/gcc/avr/7.3.0/avr5/libgcc.a(_exit.o)
 .debug_line    0x0000000000003d15       0x98 /home/user/arduino-1.8.15/hardware/tools/avr/bin/../lib/gcc/avr/7.3.0/avr5/libgcc.a(_copy_data.o)
 .debug_line    0x0000000000003dad       0x86 /home/user/arduino-1.8.15/hardware/tools/avr/bin/../lib/gcc/avr/7.3.0/avr5/libgcc.a(_clear_bss.o)
 .debug_line    0x0000000000003e33       0x92 /home/user/arduino-1.8.15/hardware/tools/avr/bin/../lib/gcc/avr/7.3.0/avr5/libgcc.a(_ctors.o)
 .debug_line    0x0000000000003ec5       0x7a /home/user/arduino-1.8.15/hardware/tools/avr/bin/../lib/gcc/avr/7.3.0/avr5/libgcc.a(_tablejump2.o)

.debug_frame    0x0000000000000000      0xdd0
 *(.debug_frame)
 .debug_frame   0x0000000000000000       0xc4 /home/user/Osek/Test-LDR/erika/lib/libarduinosdk.a(wiring.c.o)
 .debug_frame   0x00000000000000c4       0x7c /home/user/Osek/Test-LDR/erika/lib/libarduinosdk.a(wiring_digital.c.o)
 .debug_frame   0x0000000000000140       0x54 /home/user/Osek/Test-LDR/erika/lib/libarduinosdk.a(wiring_analog.c.o)
 .debug_frame   0x0000000000000194      0x110 /home/user/Osek/Test-LDR/erika/lib/libarduinosdk.a(HardwareSerial.cpp.o)
 .debug_frame   0x00000000000002a4       0xc0 /home/user/Osek/Test-LDR/erika/lib/libarduinosdk.a(HardwareSerial0.cpp.o)
 .debug_frame   0x0000000000000364      0x3cc /home/user/Osek/Test-LDR/erika/lib/libarduinosdk.a(Print.cpp.o)
 .debug_frame   0x0000000000000730      0x228 /home/user/Osek/Test-LDR/erika/lib/libee.a(ee_oo_api_osek.c.o)
 .debug_frame   0x0000000000000958       0x78 /home/user/Osek/Test-LDR/erika/lib/libee.a(ee_oo_sched_entry_points.c.o)
 .debug_frame   0x00000000000009d0       0xb0 /home/user/Osek/Test-LDR/erika/lib/libee.a(ee_oo_scheduler.c.o)
 .debug_frame   0x0000000000000a80      0x11c /home/user/Osek/Test-LDR/erika/lib/libee.a(ee_oo_sched_partitioned.c.o)
 .debug_frame   0x0000000000000b9c       0x60 /home/user/Osek/Test-LDR/erika/lib/libee.a(ee_oo_alarm.c.o)
 .debug_frame   0x0000000000000bfc       0x44 /home/user/Osek/Test-LDR/erika/lib/libee.a(ee_atmega_intvect.c.o)
 .debug_frame   0x0000000000000c40       0x34 /home/user/Osek/Test-LDR/erika/lib/libee.a(ee_avr8_irqstub.c.o)
 .debug_frame   0x0000000000000c74       0x34 /home/user/Osek/Test-LDR/erika/lib/libee.a(ee_atmega_system_timer.c.o)
 .debug_frame   0x0000000000000ca8       0x44 /home/user/Osek/Test-LDR/erika/lib/libee.a(ee_std_change_context.c.o)
 .debug_frame   0x0000000000000cec       0xc0 /home/user/Osek/Test-LDR/erika/lib/libee.a(ee_oo_counter.c.o)
 .debug_frame   0x0000000000000dac       0x24 /home/user/Osek/Test-LDR/erika/lib/libee.a(ee_atmega_timer1ctc.c.o)

.debug_str      0x0000000000000000     0x3e35
 *(.debug_str)
 .debug_str     0x0000000000000000      0x208 /home/user/arduino-1.8.15/hardware/tools/avr/bin/../lib/gcc/avr/7.3.0/../../../../avr/lib/avr5/crtatmega328p.o
 .debug_str     0x0000000000000208      0x274 /home/user/Osek/Test-LDR/erika/lib/libarduinosdk.a(wiring.c.o)
                                        0x2c4 (size before relaxing)
 .debug_str     0x000000000000047c       0x97 /home/user/Osek/Test-LDR/erika/lib/libarduinosdk.a(wiring_digital.c.o)
                                        0x29d (size before relaxing)
 .debug_str     0x0000000000000513       0x8a /home/user/Osek/Test-LDR/erika/lib/libarduinosdk.a(wiring_analog.c.o)
                                        0x2af (size before relaxing)
 .debug_str     0x000000000000059d     0x1489 /home/user/Osek/Test-LDR/erika/lib/libarduinosdk.a(HardwareSerial.cpp.o)
                                       0x169b (size before relaxing)
 .debug_str     0x0000000000001a26      0x141 /home/user/Osek/Test-LDR/erika/lib/libarduinosdk.a(HardwareSerial0.cpp.o)
                                       0x14d6 (size before relaxing)
 .debug_str     0x0000000000001b67      0x406 /home/user/Osek/Test-LDR/erika/lib/libarduinosdk.a(Print.cpp.o)
                                       0x12d2 (size before relaxing)
 .debug_str     0x0000000000001f6d     0x14ee /home/user/Osek/Test-LDR/erika/lib/libee.a(ee_oo_api_osek.c.o)
                                       0x17d3 (size before relaxing)
 .debug_str     0x000000000000345b      0x165 /home/user/Osek/Test-LDR/erika/lib/libee.a(ee_oo_sched_entry_points.c.o)
                                        0xdef (size before relaxing)
 .debug_str     0x00000000000035c0      0x1bb /home/user/Osek/Test-LDR/erika/lib/libee.a(ee_oo_scheduler.c.o)
                                        0xcfb (size before relaxing)
 .debug_str     0x000000000000377b      0x203 /home/user/Osek/Test-LDR/erika/lib/libee.a(ee_oo_sched_partitioned.c.o)
                                        0xe7d (size before relaxing)
 .debug_str     0x000000000000397e       0xd6 /home/user/Osek/Test-LDR/erika/lib/libee.a(ee_oo_alarm.c.o)
                                        0xc5d (size before relaxing)
 .debug_str     0x0000000000003a54       0x7c /home/user/Osek/Test-LDR/erika/lib/libee.a(ee_atmega_intvect.c.o)
                                        0xb8b (size before relaxing)
 .debug_str     0x0000000000003ad0       0x76 /home/user/Osek/Test-LDR/erika/lib/libee.a(ee_avr8_irqstub.c.o)
                                        0xc08 (size before relaxing)
 .debug_str     0x0000000000003b46       0x8a /home/user/Osek/Test-LDR/erika/lib/libee.a(ee_atmega_system_timer.c.o)
                                        0xbce (size before relaxing)
 .debug_str     0x0000000000003bd0       0xb1 /home/user/Osek/Test-LDR/erika/lib/libee.a(ee_std_change_context.c.o)
                                        0xc57 (size before relaxing)
 .debug_str     0x0000000000003c81      0x143 /home/user/Osek/Test-LDR/erika/lib/libee.a(ee_oo_counter.c.o)
                                        0xd51 (size before relaxing)
 .debug_str     0x0000000000003dc4       0x71 /home/user/Osek/Test-LDR/erika/lib/libee.a(ee_atmega_timer1ctc.c.o)
                                        0xba1 (size before relaxing)

.debug_loc      0x0000000000000000     0x5c6b
 *(.debug_loc)
 .debug_loc     0x0000000000000000      0x282 /home/user/Osek/Test-LDR/erika/lib/libarduinosdk.a(wiring.c.o)
 .debug_loc     0x0000000000000282      0x658 /home/user/Osek/Test-LDR/erika/lib/libarduinosdk.a(wiring_digital.c.o)
 .debug_loc     0x00000000000008da      0x119 /home/user/Osek/Test-LDR/erika/lib/libarduinosdk.a(wiring_analog.c.o)
 .debug_loc     0x00000000000009f3      0x47c /home/user/Osek/Test-LDR/erika/lib/libarduinosdk.a(HardwareSerial.cpp.o)
 .debug_loc     0x0000000000000e6f      0x18a /home/user/Osek/Test-LDR/erika/lib/libarduinosdk.a(HardwareSerial0.cpp.o)
 .debug_loc     0x0000000000000ff9     0x1cde /home/user/Osek/Test-LDR/erika/lib/libarduinosdk.a(Print.cpp.o)
 .debug_loc     0x0000000000002cd7      0xc62 /home/user/Osek/Test-LDR/erika/lib/libee.a(ee_oo_api_osek.c.o)
 .debug_loc     0x0000000000003939      0x12b /home/user/Osek/Test-LDR/erika/lib/libee.a(ee_oo_sched_entry_points.c.o)
 .debug_loc     0x0000000000003a64      0x6d4 /home/user/Osek/Test-LDR/erika/lib/libee.a(ee_oo_scheduler.c.o)
 .debug_loc     0x0000000000004138      0xaa1 /home/user/Osek/Test-LDR/erika/lib/libee.a(ee_oo_sched_partitioned.c.o)
 .debug_loc     0x0000000000004bd9      0x48b /home/user/Osek/Test-LDR/erika/lib/libee.a(ee_oo_alarm.c.o)
 .debug_loc     0x0000000000005064       0x80 /home/user/Osek/Test-LDR/erika/lib/libee.a(ee_avr8_irqstub.c.o)
 .debug_loc     0x00000000000050e4      0x312 /home/user/Osek/Test-LDR/erika/lib/libee.a(ee_std_change_context.c.o)
 .debug_loc     0x00000000000053f6      0x712 /home/user/Osek/Test-LDR/erika/lib/libee.a(ee_oo_counter.c.o)
 .debug_loc     0x0000000000005b08      0x163 /home/user/Osek/Test-LDR/erika/lib/libee.a(ee_atmega_timer1ctc.c.o)

.debug_macinfo
 *(.debug_macinfo)

.debug_weaknames
 *(.debug_weaknames)

.debug_funcnames
 *(.debug_funcnames)

.debug_typenames
 *(.debug_typenames)

.debug_varnames
 *(.debug_varnames)

.debug_pubtypes
 *(.debug_pubtypes)

.debug_ranges   0x0000000000000000      0x6f0
 *(.debug_ranges)
 .debug_ranges  0x0000000000000000       0x38 /home/user/Osek/Test-LDR/erika/lib/libarduinosdk.a(wiring.c.o)
 .debug_ranges  0x0000000000000038       0x40 /home/user/Osek/Test-LDR/erika/lib/libarduinosdk.a(wiring_digital.c.o)
 .debug_ranges  0x0000000000000078       0x20 /home/user/Osek/Test-LDR/erika/lib/libarduinosdk.a(wiring_analog.c.o)
 .debug_ranges  0x0000000000000098       0x70 /home/user/Osek/Test-LDR/erika/lib/libarduinosdk.a(HardwareSerial.cpp.o)
 .debug_ranges  0x0000000000000108       0x40 /home/user/Osek/Test-LDR/erika/lib/libarduinosdk.a(HardwareSerial0.cpp.o)
 .debug_ranges  0x0000000000000148      0x138 /home/user/Osek/Test-LDR/erika/lib/libarduinosdk.a(Print.cpp.o)
 .debug_ranges  0x0000000000000280      0x198 /home/user/Osek/Test-LDR/erika/lib/libee.a(ee_oo_api_osek.c.o)
 .debug_ranges  0x0000000000000418       0x40 /home/user/Osek/Test-LDR/erika/lib/libee.a(ee_oo_sched_entry_points.c.o)
 .debug_ranges  0x0000000000000458       0x58 /home/user/Osek/Test-LDR/erika/lib/libee.a(ee_oo_scheduler.c.o)
 .debug_ranges  0x00000000000004b0       0x98 /home/user/Osek/Test-LDR/erika/lib/libee.a(ee_oo_sched_partitioned.c.o)
 .debug_ranges  0x0000000000000548       0x40 /home/user/Osek/Test-LDR/erika/lib/libee.a(ee_oo_alarm.c.o)
 .debug_ranges  0x0000000000000588       0x20 /home/user/Osek/Test-LDR/erika/lib/libee.a(ee_atmega_intvect.c.o)
 .debug_ranges  0x00000000000005a8       0x18 /home/user/Osek/Test-LDR/erika/lib/libee.a(ee_avr8_irqstub.c.o)
 .debug_ranges  0x00000000000005c0       0x18 /home/user/Osek/Test-LDR/erika/lib/libee.a(ee_atmega_system_timer.c.o)
 .debug_ranges  0x00000000000005d8       0x20 /home/user/Osek/Test-LDR/erika/lib/libee.a(ee_std_change_context.c.o)
 .debug_ranges  0x00000000000005f8       0xe8 /home/user/Osek/Test-LDR/erika/lib/libee.a(ee_oo_counter.c.o)
 .debug_ranges  0x00000000000006e0       0x10 /home/user/Osek/Test-LDR/erika/lib/libee.a(ee_atmega_timer1ctc.c.o)

.debug_macro
 *(.debug_macro)
OUTPUT(arduino.elf elf32-avr)
LOAD linker stubs
