Archive member included to satisfy reference by file (symbol)

/media/sf_SharedFolder/Osek/Test-Servo/erika/lib/libarduinosdk.a(wiring.c.o)
                              obj/LiquidCrystal.cpp.o (delayMicroseconds)
/media/sf_SharedFolder/Osek/Test-Servo/erika/lib/libarduinosdk.a(wiring_digital.c.o)
                              obj/LiquidCrystal.cpp.o (pinMode)
/media/sf_SharedFolder/Osek/Test-Servo/erika/lib/libarduinosdk.a(wiring_analog.c.o)
                              obj/task.cpp.o (analogRead)
/media/sf_SharedFolder/Osek/Test-Servo/erika/lib/libarduinosdk.a(HardwareSerial.cpp.o)
                              obj/code.cpp.o (_ZN14HardwareSerial5beginEmh)
/media/sf_SharedFolder/Osek/Test-Servo/erika/lib/libarduinosdk.a(HardwareSerial0.cpp.o)
                              obj/code.cpp.o (Serial)
/media/sf_SharedFolder/Osek/Test-Servo/erika/lib/libarduinosdk.a(Print.cpp.o)
                              obj/LiquidCrystal.cpp.o (_ZN5Print5writeEPKhj)
/media/sf_SharedFolder/Osek/Test-Servo/erika/lib/libarduinosdk.a(hooks.c.o)
                              /media/sf_SharedFolder/Osek/Test-Servo/erika/lib/libarduinosdk.a(wiring.c.o) (yield)
/media/sf_SharedFolder/Osek/Test-Servo/erika/lib/libarduinosdk.a(abi.cpp.o)
                              /media/sf_SharedFolder/Osek/Test-Servo/erika/lib/libarduinosdk.a(Print.cpp.o) (__cxa_pure_virtual)
/media/sf_SharedFolder/Osek/Test-Servo/erika/lib/libee.a(ee_oo_api_osek.c.o)
                              obj/code.cpp.o (StartOS)
/media/sf_SharedFolder/Osek/Test-Servo/erika/lib/libee.a(ee_oo_sched_entry_points.c.o)
                              /media/sf_SharedFolder/Osek/Test-Servo/erika/lib/libee.a(ee_oo_api_osek.c.o) (osEE_scheduler_task_end)
/media/sf_SharedFolder/Osek/Test-Servo/erika/lib/libee.a(ee_oo_scheduler.c.o)
                              /media/sf_SharedFolder/Osek/Test-Servo/erika/lib/libee.a(ee_oo_api_osek.c.o) (osEE_scheduler_rq_insert)
/media/sf_SharedFolder/Osek/Test-Servo/erika/lib/libee.a(ee_oo_sched_partitioned.c.o)
                              /media/sf_SharedFolder/Osek/Test-Servo/erika/lib/libee.a(ee_oo_api_osek.c.o) (osEE_scheduler_task_activated)
/media/sf_SharedFolder/Osek/Test-Servo/erika/lib/libee.a(ee_oo_alarm.c.o)
                              /media/sf_SharedFolder/Osek/Test-Servo/erika/lib/libee.a(ee_oo_api_osek.c.o) (osEE_alarm_set_rel)
/media/sf_SharedFolder/Osek/Test-Servo/erika/lib/libee.a(ee_atmega_intvect.c.o)
                              /media/sf_SharedFolder/Osek/Test-Servo/erika/lib/libee.a(ee_oo_api_osek.c.o) (osEE_atmega_intvect)
/media/sf_SharedFolder/Osek/Test-Servo/erika/lib/libee.a(ee_avr8_asm.S.o)
                              /media/sf_SharedFolder/Osek/Test-Servo/erika/lib/libee.a(ee_oo_api_osek.c.o) (osEE_hal_save_ctx_and_ready2stacked)
/media/sf_SharedFolder/Osek/Test-Servo/erika/lib/libee.a(ee_avr8_irqstub.c.o)
                              /media/sf_SharedFolder/Osek/Test-Servo/erika/lib/libee.a(ee_atmega_intvect.c.o) (osEE_avr8_isr2_stub)
/media/sf_SharedFolder/Osek/Test-Servo/erika/lib/libee.a(ee_atmega_system_timer.c.o)
                              /media/sf_SharedFolder/Osek/Test-Servo/erika/lib/libee.a(ee_oo_api_osek.c.o) (osEE_avr8_system_timer_init)
/media/sf_SharedFolder/Osek/Test-Servo/erika/lib/libee.a(ee_std_change_context.c.o)
                              /media/sf_SharedFolder/Osek/Test-Servo/erika/lib/libee.a(ee_oo_api_osek.c.o) (osEE_change_context_from_running)
/media/sf_SharedFolder/Osek/Test-Servo/erika/lib/libee.a(ee_oo_counter.c.o)
                              /media/sf_SharedFolder/Osek/Test-Servo/erika/lib/libee.a(ee_oo_alarm.c.o) (osEE_counter_insert_abs_trigger)
/media/sf_SharedFolder/Osek/Test-Servo/erika/lib/libee.a(ee_atmega_timer1ctc.c.o)
                              /media/sf_SharedFolder/Osek/Test-Servo/erika/lib/libee.a(ee_atmega_system_timer.c.o) (OsEE_atmega_startTimer1)
/home/user/arduino-1.8.15/hardware/tools/avr/bin/../lib/gcc/avr/7.3.0/../../../../avr/lib/avr5/libm.a(addsf3.o)
                              obj/task.cpp.o (__subsf3)
/home/user/arduino-1.8.15/hardware/tools/avr/bin/../lib/gcc/avr/7.3.0/../../../../avr/lib/avr5/libm.a(addsf3x.o)
                              /home/user/arduino-1.8.15/hardware/tools/avr/bin/../lib/gcc/avr/7.3.0/../../../../avr/lib/avr5/libm.a(addsf3.o) (__addsf3x)
/home/user/arduino-1.8.15/hardware/tools/avr/bin/../lib/gcc/avr/7.3.0/../../../../avr/lib/avr5/libm.a(cmpsf2.o)
                              obj/task.cpp.o (__nesf2)
/home/user/arduino-1.8.15/hardware/tools/avr/bin/../lib/gcc/avr/7.3.0/../../../../avr/lib/avr5/libm.a(divsf3.o)
                              obj/task.cpp.o (__divsf3)
/home/user/arduino-1.8.15/hardware/tools/avr/bin/../lib/gcc/avr/7.3.0/../../../../avr/lib/avr5/libm.a(divsf3x.o)
                              /home/user/arduino-1.8.15/hardware/tools/avr/bin/../lib/gcc/avr/7.3.0/../../../../avr/lib/avr5/libm.a(divsf3.o) (__divsf3x)
[...]
Memory Configuration

Name             Origin             Length             Attributes
text             0x0000000000000000 0x0000000000020000 xr
data             0x0000000000800060 0x000000000000ffa0 rw !x
eeprom           0x0000000000810000 0x0000000000010000 rw !x
fuse             0x0000000000820000 0x0000000000000003 rw !x
lock             0x0000000000830000 0x0000000000000400 rw !x
signature        0x0000000000840000 0x0000000000000400 rw !x
user_signatures  0x0000000000850000 0x0000000000000400 rw !x
*default*        0x0000000000000000 0xffffffffffffffff

Linker script and memory map

Address of section .data set to 0x800100
LOAD /home/user/arduino-1.8.15/hardware/tools/avr/bin/../lib/gcc/avr/7.3.0/../../../../avr/lib/avr5/crtatmega328p.o
LOAD obj/LiquidCrystal.cpp.o
LOAD obj/ServoTimer2.cpp.o
LOAD obj/code.cpp.o
LOAD obj/debug.cpp.o
LOAD obj/ee_applcfg.c.o
LOAD obj/task.cpp.o
START GROUP
LOAD /media/sf_SharedFolder/Osek/Test-Servo/erika/lib/libarduinosdk.a
LOAD /media/sf_SharedFolder/Osek/Test-Servo/erika/lib/libee.a
END GROUP
LOAD /home/user/arduino-1.8.15/hardware/tools/avr/bin/../lib/gcc/avr/7.3.0/../../../../avr/lib/avr5/libm.a
START GROUP
LOAD /home/user/arduino-1.8.15/hardware/tools/avr/bin/../lib/gcc/avr/7.3.0/avr5/libgcc.a
LOAD /home/user/arduino-1.8.15/hardware/tools/avr/bin/../lib/gcc/avr/7.3.0/../../../../avr/lib/avr5/libm.a
LOAD /home/user/arduino-1.8.15/hardware/tools/avr/bin/../lib/gcc/avr/7.3.0/../../../../avr/lib/avr5/libc.a
LOAD /home/user/arduino-1.8.15/hardware/tools/avr/bin/../lib/gcc/avr/7.3.0/../../../../avr/lib/avr5/libatmega328p.a
END GROUP
                0x0000000000020000                __TEXT_REGION_LENGTH__ = DEFINED (__TEXT_REGION_LENGTH__)?__TEXT_REGION_LENGTH__:0x20000
                0x000000000000ffa0                __DATA_REGION_LENGTH__ = DEFINED (__DATA_REGION_LENGTH__)?__DATA_REGION_LENGTH__:0xffa0
                0x0000000000010000                __EEPROM_REGION_LENGTH__ = DEFINED (__EEPROM_REGION_LENGTH__)?__EEPROM_REGION_LENGTH__:0x10000
                [0x0000000000000003]                __FUSE_REGION_LENGTH__ = DEFINED (__FUSE_REGION_LENGTH__)?__FUSE_REGION_LENGTH__:0x400
                0x0000000000000400                __LOCK_REGION_LENGTH__ = DEFINED (__LOCK_REGION_LENGTH__)?__LOCK_REGION_LENGTH__:0x400
                0x0000000000000400                __SIGNATURE_REGION_LENGTH__ = DEFINED (__SIGNATURE_REGION_LENGTH__)?__SIGNATURE_REGION_LENGTH__:0x400
                0x0000000000000400                __USER_SIGNATURE_REGION_LENGTH__ = DEFINED (__USER_SIGNATURE_REGION_LENGTH__)?__USER_SIGNATURE_REGION_LENGTH__:0x400
                0x0000000000800060                __DATA_REGION_ORIGIN__ = DEFINED (__DATA_REGION_ORIGIN__)?__DATA_REGION_ORIGIN__:0x800060

.hash
 *(.hash)

.dynsym
 *(.dynsym)

.dynstr
 *(.dynstr)

.gnu.version
 *(.gnu.version)

.gnu.version_d
 *(.gnu.version_d)

.gnu.version_r
 *(.gnu.version_r)

.rel.init
 *(.rel.init)

.rela.init
 *(.rela.init)

.rel.text
 *(.rel.text)
 *(.rel.text.*)
 *(.rel.gnu.linkonce.t*)

.rela.text
 *(.rela.text)
 *(.rela.text.*)
 *(.rela.gnu.linkonce.t*)

.rel.fini
 *(.rel.fini)

.rela.fini
 *(.rela.fini)

.rel.rodata
 *(.rel.rodata)
 *(.rel.rodata.*)
 *(.rel.gnu.linkonce.r*)

.rela.rodata
 *(.rela.rodata)
 *(.rela.rodata.*)
 *(.rela.gnu.linkonce.r*)

.rel.data
 *(.rel.data)
 *(.rel.data.*)
 *(.rel.gnu.linkonce.d*)

.rela.data
 *(.rela.data)
 *(.rela.data.*)
 *(.rela.gnu.linkonce.d*)

.rel.ctors
 *(.rel.ctors)

.rela.ctors
 *(.rela.ctors)

.rel.dtors
 *(.rel.dtors)

.rela.dtors
 *(.rela.dtors)

.rel.got
 *(.rel.got)

.rela.got
 *(.rela.got)

.rel.bss
 *(.rel.bss)

.rela.bss
 *(.rela.bss)

.rel.plt
 *(.rel.plt)

.rela.plt
 *(.rela.plt)

.text           0x0000000000000000     0x2e02
 *(.vectors)
 .vectors       0x0000000000000000       0x68 /home/user/arduino-1.8.15/hardware/tools/avr/bin/../lib/gcc/avr/7.3.0/../../../../avr/lib/avr5/crtatmega328p.o
                0x0000000000000000                __vectors
 *(.vectors)
 *(.progmem.gcc*)
 .progmem.gcc_fplib
                0x0000000000000068       0x28 /home/user/arduino-1.8.15/hardware/tools/avr/bin/../lib/gcc/avr/7.3.0/../../../../avr/lib/avr5/libm.a(exp.o)
 .progmem.gcc_fplib
                0x0000000000000090       0x5a /home/user/arduino-1.8.15/hardware/tools/avr/bin/../lib/gcc/avr/7.3.0/../../../../avr/lib/avr5/libm.a(log.o)
                0x00000000000000ea                . = ALIGN (0x2)
                0x00000000000000ea                __trampolines_start = .
 *(.trampolines)
 .trampolines   0x00000000000000ea        0x0 linker stubs
 *(.trampolines*)
                0x00000000000000ea                __trampolines_end = .
 *libprintf_flt.a:*(.progmem.data)
 *libc.a:*(.progmem.data)
 *(.progmem*)
 .progmem.data.digital_pin_to_timer_PGM
                0x00000000000000ea       0x14 /media/sf_SharedFolder/Osek/Test-Servo/erika/lib/libarduinosdk.a(wiring_digital.c.o)
                0x00000000000000ea                digital_pin_to_timer_PGM
 .progmem.data.digital_pin_to_bit_mask_PGM
                0x00000000000000fe       0x14 /media/sf_SharedFolder/Osek/Test-Servo/erika/lib/libarduinosdk.a(wiring_digital.c.o)
                0x00000000000000fe                digital_pin_to_bit_mask_PGM
 .progmem.data.digital_pin_to_port_PGM
                0x0000000000000112       0x14 /media/sf_SharedFolder/Osek/Test-Servo/erika/lib/libarduinosdk.a(wiring_digital.c.o)
                0x0000000000000112                digital_pin_to_port_PGM
 .progmem.data.port_to_input_PGM
                0x0000000000000126        0xa /media/sf_SharedFolder/Osek/Test-Servo/erika/lib/libarduinosdk.a(wiring_digital.c.o)
                0x0000000000000126                port_to_input_PGM
 .progmem.data.port_to_output_PGM
                0x0000000000000130        0xa /media/sf_SharedFolder/Osek/Test-Servo/erika/lib/libarduinosdk.a(wiring_digital.c.o)
                0x0000000000000130                port_to_output_PGM
 .progmem.data.port_to_mode_PGM
                0x000000000000013a        0xa /media/sf_SharedFolder/Osek/Test-Servo/erika/lib/libarduinosdk.a(wiring_digital.c.o)
                0x000000000000013a                port_to_mode_PGM
                0x0000000000000144                . = ALIGN (0x2)
 *(.jumptables)
 *(.jumptables*)
 *(.lowtext)
 *(.lowtext*)
                0x0000000000000144                __ctors_start = .
 *(.ctors)
 .ctors         0x0000000000000144        0x2 obj/task.cpp.o
 .ctors         0x0000000000000146        0x2 /media/sf_SharedFolder/Osek/Test-Servo/erika/lib/libarduinosdk.a(HardwareSerial0.cpp.o)
                0x0000000000000148                __ctors_end = .
                0x0000000000000148                __dtors_start = .
 *(.dtors)
                0x0000000000000148                __dtors_end = .
 SORT(*)(.ctors)
 SORT(*)(.dtors)
 *(.init0)
 .init0         0x0000000000000148        0x0 /home/user/arduino-1.8.15/hardware/tools/avr/bin/../lib/gcc/avr/7.3.0/../../../../avr/lib/avr5/crtatmega328p.o
                0x0000000000000148                __init
 *(.init0)
 *(.init1)
 *(.init1)
 *(.init2)
 .init2         0x0000000000000148        0xc /home/user/arduino-1.8.15/hardware/tools/avr/bin/../lib/gcc/avr/7.3.0/../../../../avr/lib/avr5/crtatmega328p.o
 *(.init2)
 *(.init3)
 *(.init3)
 *(.init4)
 .init4         0x0000000000000154       0x16 /home/user/arduino-1.8.15/hardware/tools/avr/bin/../lib/gcc/avr/7.3.0/avr5/libgcc.a(_copy_data.o)
                0x0000000000000154                __do_copy_data
 .init4         0x000000000000016a       0x10 /home/user/arduino-1.8.15/hardware/tools/avr/bin/../lib/gcc/avr/7.3.0/avr5/libgcc.a(_clear_bss.o)
                0x000000000000016a                __do_clear_bss
 *(.init4)
 *(.init5)
 *(.init5)
 *(.init6)
 .init6         0x000000000000017a       0x16 /home/user/arduino-1.8.15/hardware/tools/avr/bin/../lib/gcc/avr/7.3.0/avr5/libgcc.a(_ctors.o)
                0x000000000000017a                __do_global_ctors
 *(.init6)
 *(.init7)
 *(.init7)
 *(.init8)
 *(.init8)
 *(.init9)
 .init9         0x0000000000000190        0x8 /home/user/arduino-1.8.15/hardware/tools/avr/bin/../lib/gcc/avr/7.3.0/../../../../avr/lib/avr5/crtatmega328p.o
 *(.init9)
 *(.text)
 .text          0x0000000000000198        0x4 /home/user/arduino-1.8.15/hardware/tools/avr/bin/../lib/gcc/avr/7.3.0/../../../../avr/lib/avr5/crtatmega328p.o
                0x0000000000000198                __vector_22
                0x0000000000000198                __vector_1
                0x0000000000000198                __vector_24
                0x0000000000000198                __vector_12
                0x0000000000000198                __bad_interrupt
                0x0000000000000198                __vector_6
                0x0000000000000198                __vector_3
                0x0000000000000198                __vector_23
                0x0000000000000198                __vector_25
                0x0000000000000198                __vector_13
                0x0000000000000198                __vector_17
                0x0000000000000198                __vector_7
                0x0000000000000198                __vector_5
                0x0000000000000198                __vector_4
                0x0000000000000198                __vector_2
                0x0000000000000198                __vector_21
                0x0000000000000198                __vector_15
                0x0000000000000198                __vector_8
                0x0000000000000198                __vector_14
                0x0000000000000198                __vector_10
                0x0000000000000198                __vector_20
 .text          0x000000000000019c       0xe4 /media/sf_SharedFolder/Osek/Test-Servo/erika/lib/libee.a(ee_avr8_asm.S.o)
                0x000000000000019c                osEE_hal_save_ctx_and_restore_ctx
                0x00000000000001dc                osEE_hal_restore_ctx
                0x000000000000021c                osEE_hal_ready2stacked
                0x000000000000022c                osEE_hal_save_ctx_and_ready2stacked
                0x000000000000026c                osEE_hal_terminate_ctx
                0x0000000000000280                . = ALIGN (0x2)
 *(.text.*)
 .text._ZN5Print17availableForWriteEv
                0x0000000000000280        0x6 obj/LiquidCrystal.cpp.o
                0x0000000000000280                _ZN5Print17availableForWriteEv
 .text._ZN5Print5flushEv
                0x0000000000000286        0x2 obj/LiquidCrystal.cpp.o
                0x0000000000000286                _ZN5Print5flushEv
 .text._ZN13LiquidCrystal11pulseEnableEv
                0x0000000000000288       0x3a obj/LiquidCrystal.cpp.o
                0x0000000000000288                _ZN13LiquidCrystal11pulseEnableEv
 .text._ZN13LiquidCrystal10write4bitsEh
                0x00000000000002c2       0x5a obj/LiquidCrystal.cpp.o
                0x00000000000002c2                _ZN13LiquidCrystal10write4bitsEh
 .text._ZN13LiquidCrystal10write8bitsEh
                0x000000000000031c       0x5a obj/LiquidCrystal.cpp.o
                0x000000000000031c                _ZN13LiquidCrystal10write8bitsEh
 .text._ZN13LiquidCrystal4sendEhh
                0x0000000000000376       0x52 obj/LiquidCrystal.cpp.o
                0x0000000000000376                _ZN13LiquidCrystal4sendEhh
 .text._ZN13LiquidCrystal7commandEh
                0x00000000000003c8        0x6 obj/LiquidCrystal.cpp.o
                0x00000000000003c8                _ZN13LiquidCrystal7commandEh
 .text._ZN13LiquidCrystal5clearEv
                0x00000000000003ce        0xe obj/LiquidCrystal.cpp.o
                0x00000000000003ce                _ZN13LiquidCrystal5clearEv
 .text._ZN13LiquidCrystal9setCursorEhh
                0x00000000000003dc       0x22 obj/LiquidCrystal.cpp.o
                0x00000000000003dc                _ZN13LiquidCrystal9setCursorEhh
 .text._ZN13LiquidCrystal7displayEv
                0x00000000000003fe       0x10 obj/LiquidCrystal.cpp.o
                0x00000000000003fe                _ZN13LiquidCrystal7displayEv
 .text._ZN13LiquidCrystal5beginEhhh
                0x000000000000040e      0x138 obj/LiquidCrystal.cpp.o
                0x000000000000040e                _ZN13LiquidCrystal5beginEhhh
 .text._ZN13LiquidCrystalC2Ehhhhhh
                0x0000000000000546       0x40 obj/LiquidCrystal.cpp.o
                0x0000000000000546                _ZN13LiquidCrystalC2Ehhhhhh
                0x0000000000000546                _ZN13LiquidCrystalC1Ehhhhhh
 .text._ZN13LiquidCrystal5writeEh
                0x0000000000000586        0xc obj/LiquidCrystal.cpp.o
                0x0000000000000586                _ZN13LiquidCrystal5writeEh
 .text.__vector_9
                0x0000000000000592      0x152 obj/ServoTimer2.cpp.o
                0x0000000000000592                __vector_9
 .text._ZN11ServoTimer2C2Ev
                0x00000000000006e4       0x18 obj/ServoTimer2.cpp.o
                0x00000000000006e4                _ZN11ServoTimer2C2Ev
                0x00000000000006e4                _ZN11ServoTimer2C1Ev
 .text._ZN11ServoTimer26attachEi
                0x00000000000006fc       0x8e obj/ServoTimer2.cpp.o
                0x00000000000006fc                _ZN11ServoTimer26attachEi
 .text._ZN11ServoTimer25writeEi
                0x000000000000078a       0x4c obj/ServoTimer2.cpp.o
                0x000000000000078a                _ZN11ServoTimer25writeEi
 .text.idle_hook
                0x00000000000007d6       0x78 obj/code.cpp.o
                0x00000000000007d6                idle_hook
 .text.setup    0x000000000000084e       0xae obj/code.cpp.o
                0x000000000000084e                setup
 .text.startup.main
                0x00000000000008fc       0x14 obj/code.cpp.o
                0x00000000000008fc                main
 .text.serial_print
                0x0000000000000910       0x20 obj/debug.cpp.o
                0x0000000000000910                serial_print
 .text.FuncDetectLight
                0x0000000000000930      0x21a obj/task.cpp.o
                0x0000000000000930                FuncDetectLight
 .text.FuncRollServo
                0x0000000000000b4a       0x84 obj/task.cpp.o
                0x0000000000000b4a                FuncRollServo
 .text.FuncDisplayTask
                0x0000000000000bce      0x14c obj/task.cpp.o
                0x0000000000000bce                FuncDisplayTask
 .text.FuncIncrementTime
                0x0000000000000d1a       0x48 obj/task.cpp.o
                0x0000000000000d1a                FuncIncrementTime
 .text.startup._GLOBAL__sub_I_lcd
                0x0000000000000d62       0x34 obj/task.cpp.o
 .text.__vector_16
                0x0000000000000d96       0x94 /media/sf_SharedFolder/Osek/Test-Servo/erika/lib/libarduinosdk.a(wiring.c.o)
                0x0000000000000d96                __vector_16
 .text.delayMicroseconds
                0x0000000000000e2a       0x16 /media/sf_SharedFolder/Osek/Test-Servo/erika/lib/libarduinosdk.a(wiring.c.o)
                0x0000000000000e2a                delayMicroseconds
 .text.init     0x0000000000000e40       0x76 /media/sf_SharedFolder/Osek/Test-Servo/erika/lib/libarduinosdk.a(wiring.c.o)
                0x0000000000000e40                init
 .text.turnOffPWM
                0x0000000000000eb6       0x52 /media/sf_SharedFolder/Osek/Test-Servo/erika/lib/libarduinosdk.a(wiring_digital.c.o)
 .text.pinMode  0x0000000000000f08       0x78 /media/sf_SharedFolder/Osek/Test-Servo/erika/lib/libarduinosdk.a(wiring_digital.c.o)
                0x0000000000000f08                pinMode
 .text.digitalWrite
                0x0000000000000f80       0x5c /media/sf_SharedFolder/Osek/Test-Servo/erika/lib/libarduinosdk.a(wiring_digital.c.o)
                0x0000000000000f80                digitalWrite
 .text.digitalRead
                0x0000000000000fdc       0x52 /media/sf_SharedFolder/Osek/Test-Servo/erika/lib/libarduinosdk.a(wiring_digital.c.o)
                0x0000000000000fdc                digitalRead
 .text.analogRead
                0x000000000000102e       0x36 /media/sf_SharedFolder/Osek/Test-Servo/erika/lib/libarduinosdk.a(wiring_analog.c.o)
                0x000000000000102e                analogRead
 .text._ZN14HardwareSerial9availableEv
                0x0000000000001064       0x18 /media/sf_SharedFolder/Osek/Test-Servo/erika/lib/libarduinosdk.a(HardwareSerial.cpp.o)
                0x0000000000001064                _ZN14HardwareSerial9availableEv
 .text._ZN14HardwareSerial4peekEv
                0x000000000000107c       0x1c /media/sf_SharedFolder/Osek/Test-Servo/erika/lib/libarduinosdk.a(HardwareSerial.cpp.o)
                0x000000000000107c                _ZN14HardwareSerial4peekEv
 .text._ZN14HardwareSerial4readEv
                0x0000000000001098       0x28 /media/sf_SharedFolder/Osek/Test-Servo/erika/lib/libarduinosdk.a(HardwareSerial.cpp.o)
                0x0000000000001098                _ZN14HardwareSerial4readEv
 .text._ZN14HardwareSerial17availableForWriteEv
                0x00000000000010c0       0x1e /media/sf_SharedFolder/Osek/Test-Servo/erika/lib/libarduinosdk.a(HardwareSerial.cpp.o)
                0x00000000000010c0                _ZN14HardwareSerial17availableForWriteEv
 .text._Z14serialEventRunv
                0x00000000000010de       0x1c /media/sf_SharedFolder/Osek/Test-Servo/erika/lib/libarduinosdk.a(HardwareSerial.cpp.o)
                0x00000000000010de                _Z14serialEventRunv
 .text._ZN14HardwareSerial17_tx_udr_empty_irqEv
                0x00000000000010fa       0x44 /media/sf_SharedFolder/Osek/Test-Servo/erika/lib/libarduinosdk.a(HardwareSerial.cpp.o)
                0x00000000000010fa                _ZN14HardwareSerial17_tx_udr_empty_irqEv
 .text._ZN14HardwareSerial5flushEv
                0x000000000000113e       0x40 /media/sf_SharedFolder/Osek/Test-Servo/erika/lib/libarduinosdk.a(HardwareSerial.cpp.o)
                0x000000000000113e                _ZN14HardwareSerial5flushEv
 .text._ZN14HardwareSerial5writeEh
                0x000000000000117e       0x9a /media/sf_SharedFolder/Osek/Test-Servo/erika/lib/libarduinosdk.a(HardwareSerial.cpp.o)
                0x000000000000117e                _ZN14HardwareSerial5writeEh
 .text._ZN14HardwareSerial5beginEmh
                0x0000000000001218       0xc4 /media/sf_SharedFolder/Osek/Test-Servo/erika/lib/libarduinosdk.a(HardwareSerial.cpp.o)
                0x0000000000001218                _ZN14HardwareSerial5beginEmh
 .text.__vector_18
                0x00000000000012dc       0x64 /media/sf_SharedFolder/Osek/Test-Servo/erika/lib/libarduinosdk.a(HardwareSerial0.cpp.o)
                0x00000000000012dc                __vector_18
 .text.__vector_19
                0x0000000000001340       0x4c /media/sf_SharedFolder/Osek/Test-Servo/erika/lib/libarduinosdk.a(HardwareSerial0.cpp.o)
                0x0000000000001340                __vector_19
 .text._Z17Serial0_availablev
                0x000000000000138c       0x14 /media/sf_SharedFolder/Osek/Test-Servo/erika/lib/libarduinosdk.a(HardwareSerial0.cpp.o)
                0x000000000000138c                _Z17Serial0_availablev
 .text.startup._GLOBAL__sub_I___vector_18
                0x00000000000013a0       0x5a /media/sf_SharedFolder/Osek/Test-Servo/erika/lib/libarduinosdk.a(HardwareSerial0.cpp.o)
 .text._ZN5Print5writeEPKhj
                0x00000000000013fa       0x5a /media/sf_SharedFolder/Osek/Test-Servo/erika/lib/libarduinosdk.a(Print.cpp.o)
                0x00000000000013fa                _ZN5Print5writeEPKhj
 .text._ZN5Print5writeEPKc.part.2
                0x0000000000001454       0x1e /media/sf_SharedFolder/Osek/Test-Servo/erika/lib/libarduinosdk.a(Print.cpp.o)
 .text._ZN5Print5printEPKc
                0x0000000000001472       0x10 /media/sf_SharedFolder/Osek/Test-Servo/erika/lib/libarduinosdk.a(Print.cpp.o)
                0x0000000000001472                _ZN5Print5printEPKc
 .text._ZN5Print5printEc
                0x0000000000001482        0xe /media/sf_SharedFolder/Osek/Test-Servo/erika/lib/libarduinosdk.a(Print.cpp.o)
                0x0000000000001482                _ZN5Print5printEc
 .text._ZN5Print7printlnEv
                0x0000000000001490        0x8 /media/sf_SharedFolder/Osek/Test-Servo/erika/lib/libarduinosdk.a(Print.cpp.o)
                0x0000000000001490                _ZN5Print7printlnEv
 .text._ZN5Print7printlnEPKc
                0x0000000000001498       0x2e /media/sf_SharedFolder/Osek/Test-Servo/erika/lib/libarduinosdk.a(Print.cpp.o)
                0x0000000000001498                _ZN5Print7printlnEPKc
 .text._ZN5Print11printNumberEmh
                0x00000000000014c6       0x98 /media/sf_SharedFolder/Osek/Test-Servo/erika/lib/libarduinosdk.a(Print.cpp.o)
                0x00000000000014c6                _ZN5Print11printNumberEmh
 .text._ZN5Print5printEli
                0x000000000000155e       0x90 /media/sf_SharedFolder/Osek/Test-Servo/erika/lib/libarduinosdk.a(Print.cpp.o)
                0x000000000000155e                _ZN5Print5printEli
 .text._ZN5Print5printEii
                0x00000000000015ee        0xe /media/sf_SharedFolder/Osek/Test-Servo/erika/lib/libarduinosdk.a(Print.cpp.o)
                0x00000000000015ee                _ZN5Print5printEii
 .text._ZN5Print7printlnEli
                0x00000000000015fc       0x24 /media/sf_SharedFolder/Osek/Test-Servo/erika/lib/libarduinosdk.a(Print.cpp.o)
                0x00000000000015fc                _ZN5Print7printlnEli
 .text._ZN5Print5printEmi
                0x0000000000001620       0x1a /media/sf_SharedFolder/Osek/Test-Servo/erika/lib/libarduinosdk.a(Print.cpp.o)
                0x0000000000001620                _ZN5Print5printEmi
 .text._ZN5Print5printEji
                0x000000000000163a        0xc /media/sf_SharedFolder/Osek/Test-Servo/erika/lib/libarduinosdk.a(Print.cpp.o)
                0x000000000000163a                _ZN5Print5printEji
 .text._ZN5Print10printFloatEdh
                0x0000000000001646      0x1c8 /media/sf_SharedFolder/Osek/Test-Servo/erika/lib/libarduinosdk.a(Print.cpp.o)
                0x0000000000001646                _ZN5Print10printFloatEdh
 .text._ZN5Print5printEdi
                0x000000000000180e        0x4 /media/sf_SharedFolder/Osek/Test-Servo/erika/lib/libarduinosdk.a(Print.cpp.o)
                0x000000000000180e                _ZN5Print5printEdi
 .text._ZN5Print7printlnEdi
                0x0000000000001812       0x24 /media/sf_SharedFolder/Osek/Test-Servo/erika/lib/libarduinosdk.a(Print.cpp.o)
                0x0000000000001812                _ZN5Print7printlnEdi
 .text.StartOS  0x0000000000001836      0x1b4 /media/sf_SharedFolder/Osek/Test-Servo/erika/lib/libee.a(ee_oo_api_osek.c.o)
                0x0000000000001836                StartOS
 .text.TerminateTask
                0x00000000000019ea       0x1e /media/sf_SharedFolder/Osek/Test-Servo/erika/lib/libee.a(ee_oo_api_osek.c.o)
                0x00000000000019ea                TerminateTask
 .text.WaitEvent
                0x0000000000001a08       0x9e /media/sf_SharedFolder/Osek/Test-Servo/erika/lib/libee.a(ee_oo_api_osek.c.o)
                0x0000000000001a08                WaitEvent
 .text.SetEvent
                0x0000000000001aa6       0xa8 /media/sf_SharedFolder/Osek/Test-Servo/erika/lib/libee.a(ee_oo_api_osek.c.o)
                0x0000000000001aa6                SetEvent
 .text.GetEvent
                0x0000000000001b4e       0x4e /media/sf_SharedFolder/Osek/Test-Servo/erika/lib/libee.a(ee_oo_api_osek.c.o)
                0x0000000000001b4e                GetEvent
 .text.ClearEvent
                0x0000000000001b9c       0x2c /media/sf_SharedFolder/Osek/Test-Servo/erika/lib/libee.a(ee_oo_api_osek.c.o)
                0x0000000000001b9c                ClearEvent
 .text.osEE_scheduler_task_end
                0x0000000000001bc8       0x30 /media/sf_SharedFolder/Osek/Test-Servo/erika/lib/libee.a(ee_oo_sched_entry_points.c.o)
                0x0000000000001bc8                osEE_scheduler_task_end
 .text.osEE_scheduler_task_wrapper_restore
                0x0000000000001bf8        0x2 /media/sf_SharedFolder/Osek/Test-Servo/erika/lib/libee.a(ee_oo_sched_entry_points.c.o)
                0x0000000000001bf8                osEE_scheduler_task_wrapper_restore
 .text.osEE_scheduler_task_wrapper_run
                0x0000000000001bfa       0x24 /media/sf_SharedFolder/Osek/Test-Servo/erika/lib/libee.a(ee_oo_sched_entry_points.c.o)
                0x0000000000001bfa                osEE_scheduler_task_wrapper_run
 .text.osEE_idle_hook_wrapper
                0x0000000000001c1e       0x54 /media/sf_SharedFolder/Osek/Test-Servo/erika/lib/libee.a(ee_oo_sched_entry_points.c.o)
                0x0000000000001c1e                osEE_idle_hook_wrapper
 .text.osEE_scheduler_core_rq_preempt_stk
                0x0000000000001c72       0xae /media/sf_SharedFolder/Osek/Test-Servo/erika/lib/libee.a(ee_oo_scheduler.c.o)
                0x0000000000001c72                osEE_scheduler_core_rq_preempt_stk
 .text.osEE_sn_priority_insert
                0x0000000000001d20       0xaa /media/sf_SharedFolder/Osek/Test-Servo/erika/lib/libee.a(ee_oo_scheduler.c.o)
                0x0000000000001d20                osEE_sn_priority_insert
 .text.osEE_scheduler_rq_insert
                0x0000000000001dca        0xe /media/sf_SharedFolder/Osek/Test-Servo/erika/lib/libee.a(ee_oo_scheduler.c.o)
                0x0000000000001dca                osEE_scheduler_rq_insert
 .text.osEE_scheduler_core_pop_running
                0x0000000000001dd8       0x54 /media/sf_SharedFolder/Osek/Test-Servo/erika/lib/libee.a(ee_oo_scheduler.c.o)
                0x0000000000001dd8                osEE_scheduler_core_pop_running
 .text.osEE_scheduler_task_activated
                0x0000000000001e2c       0xd4 /media/sf_SharedFolder/Osek/Test-Servo/erika/lib/libee.a(ee_oo_sched_partitioned.c.o)
                0x0000000000001e2c                osEE_scheduler_task_activated
 .text.osEE_scheduler_task_block_current
                0x0000000000001f00       0x4a /media/sf_SharedFolder/Osek/Test-Servo/erika/lib/libee.a(ee_oo_sched_partitioned.c.o)
                0x0000000000001f00                osEE_scheduler_task_block_current
 .text.osEE_scheduler_task_unblocked
                0x0000000000001f4a       0x64 /media/sf_SharedFolder/Osek/Test-Servo/erika/lib/libee.a(ee_oo_sched_partitioned.c.o)
                0x0000000000001f4a                osEE_scheduler_task_unblocked
 .text.osEE_scheduler_task_terminated
                0x0000000000001fae       0xfa /media/sf_SharedFolder/Osek/Test-Servo/erika/lib/libee.a(ee_oo_sched_partitioned.c.o)
                0x0000000000001fae                osEE_scheduler_task_terminated
 .text.osEE_scheduler_task_preemption_point
                0x00000000000020a8       0x32 /media/sf_SharedFolder/Osek/Test-Servo/erika/lib/libee.a(ee_oo_sched_partitioned.c.o)
                0x00000000000020a8                osEE_scheduler_task_preemption_point
 .text.osEE_scheduler_task_set_running
                0x00000000000020da       0x50 /media/sf_SharedFolder/Osek/Test-Servo/erika/lib/libee.a(ee_oo_sched_partitioned.c.o)
                0x00000000000020da                osEE_scheduler_task_set_running
 .text.osEE_alarm_set_rel
                0x000000000000212a       0x22 /media/sf_SharedFolder/Osek/Test-Servo/erika/lib/libee.a(ee_oo_alarm.c.o)
                0x000000000000212a                osEE_alarm_set_rel
 .text.__vector_default
                0x000000000000214c        0x4 /media/sf_SharedFolder/Osek/Test-Servo/erika/lib/libee.a(ee_atmega_intvect.c.o)
                0x000000000000214c                __vector_default
                0x000000000000214c                tag___vector_default
 .text.osEE_atmega_intvect
                0x0000000000002150        0x4 /media/sf_SharedFolder/Osek/Test-Servo/erika/lib/libee.a(ee_atmega_intvect.c.o)
                0x0000000000002150                osEE_atmega_intvect
 .text.__vector_11
                0x0000000000002154       0x10 /media/sf_SharedFolder/Osek/Test-Servo/erika/lib/libee.a(ee_atmega_intvect.c.o)
                0x0000000000002154                __vector_11
                0x0000000000002154                tag___vector_11
 .text.osEE_avr8_isr2_stub
                0x0000000000002164       0x6c /media/sf_SharedFolder/Osek/Test-Servo/erika/lib/libee.a(ee_avr8_irqstub.c.o)
                0x0000000000002164                osEE_avr8_isr2_stub
 .text.osEE_avr8_system_timer_init
                0x00000000000021d0        0xc /media/sf_SharedFolder/Osek/Test-Servo/erika/lib/libee.a(ee_atmega_system_timer.c.o)
                0x00000000000021d0                osEE_avr8_system_timer_init
 .text.osEE_avr8_system_timer_handler
                0x00000000000021dc        0xc /media/sf_SharedFolder/Osek/Test-Servo/erika/lib/libee.a(ee_atmega_system_timer.c.o)
                0x00000000000021dc                osEE_avr8_system_timer_handler
 .text.osEE_change_context_from_running
                0x00000000000021e8       0x36 /media/sf_SharedFolder/Osek/Test-Servo/erika/lib/libee.a(ee_std_change_context.c.o)
                0x00000000000021e8                osEE_change_context_from_running
 .text.osEE_change_context_from_task_end
                0x000000000000221e       0x2c /media/sf_SharedFolder/Osek/Test-Servo/erika/lib/libee.a(ee_std_change_context.c.o)
                0x000000000000221e                osEE_change_context_from_task_end
 .text.osEE_idle_task_terminate
                0x000000000000224a       0x36 /media/sf_SharedFolder/Osek/Test-Servo/erika/lib/libee.a(ee_std_change_context.c.o)
                0x000000000000224a                osEE_idle_task_terminate
 .text.osEE_counter_insert_abs_trigger
                0x0000000000002280       0x96 /media/sf_SharedFolder/Osek/Test-Servo/erika/lib/libee.a(ee_oo_counter.c.o)
                0x0000000000002280                osEE_counter_insert_abs_trigger
 .text.osEE_counter_insert_rel_trigger
                0x0000000000002316       0x40 /media/sf_SharedFolder/Osek/Test-Servo/erika/lib/libee.a(ee_oo_counter.c.o)
                0x0000000000002316                osEE_counter_insert_rel_trigger
 .text.osEE_counter_increment
                0x0000000000002356      0x18c /media/sf_SharedFolder/Osek/Test-Servo/erika/lib/libee.a(ee_oo_counter.c.o)
                0x0000000000002356                osEE_counter_increment
 .text.OsEE_atmega_startTimer1
                0x00000000000024e2       0xbc /media/sf_SharedFolder/Osek/Test-Servo/erika/lib/libee.a(ee_atmega_timer1ctc.c.o)
                0x00000000000024e2                OsEE_atmega_startTimer1
 .text.avr-libc.fplib
                0x000000000000259e        0xe /home/user/arduino-1.8.15/hardware/tools/avr/bin/../lib/gcc/avr/7.3.0/../../../../avr/lib/avr5/libm.a(addsf3.o)
                0x000000000000259e                __subsf3
                0x00000000000025a0                __addsf3
 .text.avr-libc.fplib
                0x00000000000025ac       0xcc /home/user/arduino-1.8.15/hardware/tools/avr/bin/../lib/gcc/avr/7.3.0/../../../../avr/lib/avr5/libm.a(addsf3x.o)
                0x00000000000025ce                __addsf3x
 .text.avr-libc.fplib
                0x0000000000002678        0xa /home/user/arduino-1.8.15/hardware/tools/avr/bin/../lib/gcc/avr/7.3.0/../../../../avr/lib/avr5/libm.a(cmpsf2.o)
                0x0000000000002678                __lesf2
                0x0000000000002678                __nesf2
                0x0000000000002678                __eqsf2
                0x0000000000002678                __cmpsf2
                0x0000000000002678                __ltsf2
 .text.avr-libc.fplib
                0x0000000000002682        0x8 /home/user/arduino-1.8.15/hardware/tools/avr/bin/../lib/gcc/avr/7.3.0/../../../../avr/lib/avr5/libm.a(divsf3.o)
                0x0000000000002682                __divsf3
 .text.avr-libc.fplib
                0x000000000000268a       0xdc /home/user/arduino-1.8.15/hardware/tools/avr/bin/../lib/gcc/avr/7.3.0/../../../../avr/lib/avr5/libm.a(divsf3x.o)
                0x00000000000026aa                __divsf3x
                0x00000000000026b0                __divsf3_pse
 .text.avr-libc.fplib
                0x0000000000002766       0x5e /home/user/arduino-1.8.15/hardware/tools/avr/bin/../lib/gcc/avr/7.3.0/../../../../avr/lib/avr5/libm.a(fixunssfsi.o)
                0x0000000000002766                __fixunssfsi
 .text.avr-libc.fplib
                0x00000000000027c4       0x7a /home/user/arduino-1.8.15/hardware/tools/avr/bin/../lib/gcc/avr/7.3.0/../../../../avr/lib/avr5/libm.a(floatsisf.o)
                0x00000000000027c4                __floatunsisf
                0x00000000000027c8                __floatsisf
 .text.avr-libc.fplib
                0x000000000000283e       0x48 /home/user/arduino-1.8.15/hardware/tools/avr/bin/../lib/gcc/avr/7.3.0/../../../../avr/lib/avr5/libm.a(fp_cmp.o)
                0x000000000000283e                __fp_cmp
 .text.avr-libc.fplib
                0x0000000000002886        0xc /home/user/arduino-1.8.15/hardware/tools/avr/bin/../lib/gcc/avr/7.3.0/../../../../avr/lib/avr5/libm.a(fp_inf.o)
                0x0000000000002886                __fp_inf
 .text.avr-libc.fplib
                0x0000000000002892        0x6 /home/user/arduino-1.8.15/hardware/tools/avr/bin/../lib/gcc/avr/7.3.0/../../../../avr/lib/avr5/libm.a(fp_nan.o)
                0x0000000000002892                __fp_nan
 .text.avr-libc.fplib
                0x0000000000002898        0xe /home/user/arduino-1.8.15/hardware/tools/avr/bin/../lib/gcc/avr/7.3.0/../../../../avr/lib/avr5/libm.a(fp_pscA.o)
                0x0000000000002898                __fp_pscA
 .text.avr-libc.fplib
                0x00000000000028a6        0xe /home/user/arduino-1.8.15/hardware/tools/avr/bin/../lib/gcc/avr/7.3.0/../../../../avr/lib/avr5/libm.a(fp_pscB.o)
                0x00000000000028a6                __fp_pscB
 .text.avr-libc.fplib
                0x00000000000028b4       0x22 /home/user/arduino-1.8.15/hardware/tools/avr/bin/../lib/gcc/avr/7.3.0/../../../../avr/lib/avr5/libm.a(fp_round.o)
                0x00000000000028b4                __fp_round
 .text.avr-libc.fplib
                0x00000000000028d6       0x44 /home/user/arduino-1.8.15/hardware/tools/avr/bin/../lib/gcc/avr/7.3.0/../../../../avr/lib/avr5/libm.a(fp_split3.o)
                0x00000000000028d6                __fp_split3
                0x00000000000028e6                __fp_splitA
 .text.avr-libc.fplib
                0x000000000000291a        0xe /home/user/arduino-1.8.15/hardware/tools/avr/bin/../lib/gcc/avr/7.3.0/../../../../avr/lib/avr5/libm.a(fp_zero.o)
                0x000000000000291a                __fp_zero
                0x000000000000291c                __fp_szero
 .text.avr-libc.fplib
                0x0000000000002928        0xa /home/user/arduino-1.8.15/hardware/tools/avr/bin/../lib/gcc/avr/7.3.0/../../../../avr/lib/avr5/libm.a(gesf2.o)
                0x0000000000002928                __gtsf2
                0x0000000000002928                __gesf2
 .text.avr-libc.fplib
                0x0000000000002932        0x8 /home/user/arduino-1.8.15/hardware/tools/avr/bin/../lib/gcc/avr/7.3.0/../../../../avr/lib/avr5/libm.a(mulsf3.o)
                0x0000000000002932                __mulsf3
 .text.avr-libc.fplib
                0x000000000000293a       0xd2 /home/user/arduino-1.8.15/hardware/tools/avr/bin/../lib/gcc/avr/7.3.0/../../../../avr/lib/avr5/libm.a(mulsf3x.o)
                0x0000000000002958                __mulsf3x
                0x000000000000295e                __mulsf3_pse
 .text.avr-libc.fplib
                0x0000000000002a0c       0xa0 /home/user/arduino-1.8.15/hardware/tools/avr/bin/../lib/gcc/avr/7.3.0/../../../../avr/lib/avr5/libm.a(pow.o)
                0x0000000000002a0c                pow
 .text.avr-libc.fplib
                0x0000000000002aac        0xa /home/user/arduino-1.8.15/hardware/tools/avr/bin/../lib/gcc/avr/7.3.0/../../../../avr/lib/avr5/libm.a(unordsf2.o)
                0x0000000000002aac                __unordsf2
 .text.avr-libc.fplib
                0x0000000000002ab6       0x74 /home/user/arduino-1.8.15/hardware/tools/avr/bin/../lib/gcc/avr/7.3.0/../../../../avr/lib/avr5/libm.a(exp.o)
                0x0000000000002ac6                exp
 .text.avr-libc.fplib
                0x0000000000002b2a       0x4e /home/user/arduino-1.8.15/hardware/tools/avr/bin/../lib/gcc/avr/7.3.0/../../../../avr/lib/avr5/libm.a(fp_powser.o)
                0x0000000000002b2a                __fp_powser
 .text.avr-libc.fplib
                0x0000000000002b78       0x10 /home/user/arduino-1.8.15/hardware/tools/avr/bin/../lib/gcc/avr/7.3.0/../../../../avr/lib/avr5/libm.a(inverse.o)
                0x0000000000002b78                inverse
 .text.avr-libc.fplib
                0x0000000000002b88       0x74 /home/user/arduino-1.8.15/hardware/tools/avr/bin/../lib/gcc/avr/7.3.0/../../../../avr/lib/avr5/libm.a(ldexp.o)
                0x0000000000002b90                ldexp
 .text.avr-libc.fplib
                0x0000000000002bfc       0xa0 /home/user/arduino-1.8.15/hardware/tools/avr/bin/../lib/gcc/avr/7.3.0/../../../../avr/lib/avr5/libm.a(log.o)
                0x0000000000002c0c                log
 .text.avr-libc.fplib
                0x0000000000002c9c       0x68 /home/user/arduino-1.8.15/hardware/tools/avr/bin/../lib/gcc/avr/7.3.0/../../../../avr/lib/avr5/libm.a(modf.o)
                0x0000000000002c9c                modff
                0x0000000000002c9c                modf
 .text.avr-libc.fplib
                0x0000000000002d04       0x1c /home/user/arduino-1.8.15/hardware/tools/avr/bin/../lib/gcc/avr/7.3.0/../../../../avr/lib/avr5/libm.a(fp_mpack.o)
                0x0000000000002d04                __fp_mpack
                0x0000000000002d08                __fp_mpack_finite
 .text.libgcc.div
                0x0000000000002d20       0x28 /home/user/arduino-1.8.15/hardware/tools/avr/bin/../lib/gcc/avr/7.3.0/avr5/libgcc.a(_divmodhi4.o)
                0x0000000000002d20                __divmodhi4
                0x0000000000002d20                _div
 .text.libgcc.div
                0x0000000000002d48       0x44 /home/user/arduino-1.8.15/hardware/tools/avr/bin/../lib/gcc/avr/7.3.0/avr5/libgcc.a(_udivmodsi4.o)
                0x0000000000002d48                __udivmodsi4
 .text.libgcc.div
                0x0000000000002d8c       0x2e /home/user/arduino-1.8.15/hardware/tools/avr/bin/../lib/gcc/avr/7.3.0/avr5/libgcc.a(_divmodsi4.o)
                0x0000000000002d8c                __divmodsi4
 .text.libgcc.div
                0x0000000000002dba       0x10 /home/user/arduino-1.8.15/hardware/tools/avr/bin/../lib/gcc/avr/7.3.0/avr5/libgcc.a(_negsi2.o)
                0x0000000000002dba                __negsi2
 .text.libgcc.div
                0x0000000000002dca       0x28 /home/user/arduino-1.8.15/hardware/tools/avr/bin/../lib/gcc/avr/7.3.0/avr5/libgcc.a(_udivmodhi4.o)
                0x0000000000002dca                __udivmodhi4
 .text.libgcc   0x0000000000002df2        0xc /home/user/arduino-1.8.15/hardware/tools/avr/bin/../lib/gcc/avr/7.3.0/avr5/libgcc.a(_tablejump2.o)
                0x0000000000002df2                __tablejump2__
                0x0000000000002dfe                . = ALIGN (0x2)
 *(.fini9)
 .fini9         0x0000000000002dfe        0x0 /home/user/arduino-1.8.15/hardware/tools/avr/bin/../lib/gcc/avr/7.3.0/avr5/libgcc.a(_exit.o)
                0x0000000000002dfe                exit
                0x0000000000002dfe                _exit
 *(.fini9)
 *(.fini8)
 *(.fini8)
 *(.fini7)
 *(.fini7)
 *(.fini6)
 *(.fini6)
 *(.fini5)
 *(.fini5)
 *(.fini4)
 *(.fini4)
 *(.fini3)
 *(.fini3)
 *(.fini2)
 *(.fini2)
 *(.fini1)
 *(.fini1)
 *(.fini0)
 .fini0         0x0000000000002dfe        0x4 /home/user/arduino-1.8.15/hardware/tools/avr/bin/../lib/gcc/avr/7.3.0/avr5/libgcc.a(_exit.o)
 *(.fini0)
                0x0000000000002e02                _etext = .

.data           0x0000000000800100      0x1e4 load address 0x0000000000002e02
                0x0000000000800100                PROVIDE (__data_start, .)
 *(.data)
 *(.data*)
 .data.CCB      0x0000000000800100       0x12 obj/ee_applcfg.c.o
                0x0000000000800100                CCB
 .data.sn_array
                0x0000000000800112       0x14 obj/ee_applcfg.c.o
                0x0000000000800112                sn_array
 .data.tcb_array
                0x0000000000800126       0x30 obj/ee_applcfg.c.o
                0x0000000000800126                tcb_array
 .data.scb_array
                0x0000000000800156        0x4 obj/ee_applcfg.c.o
                0x0000000000800156                scb_array
 .data.timeInSeconds
                0x000000000080015a        0x4 obj/task.cpp.o
                0x000000000080015a                timeInSeconds
 .data.analog_reference
                0x000000000080015e        0x1 /media/sf_SharedFolder/Osek/Test-Servo/erika/lib/libarduinosdk.a(wiring_analog.c.o)
                0x000000000080015e                analog_reference
 *(.gnu.linkonce.d*)
 *(.rodata)
 *(.rodata*)
 .rodata._ZTV13LiquidCrystal
                0x000000000080015f        0xc obj/LiquidCrystal.cpp.o
                0x000000000080015f                _ZTV13LiquidCrystal
 .rodata.idle_hook.str1.1
                0x000000000080016b       0x1b obj/code.cpp.o
 .rodata.setup.str1.1
                0x0000000000800186       0x29 obj/code.cpp.o
 .rodata.KDB    0x00000000008001af       0x12 obj/ee_applcfg.c.o
                0x00000000008001af                KDB
 .rodata.CDB    0x00000000008001c1       0x10 obj/ee_applcfg.c.o
                0x00000000008001c1                CDB
 .rodata.osEE_autostart_trigger_db
                0x00000000008001d1        0x4 obj/ee_applcfg.c.o
                0x00000000008001d1                osEE_autostart_trigger_db
 .rodata.trigger_autostart_info_OSDEFAULTAPPMODE
                0x00000000008001d5       0x12 obj/ee_applcfg.c.o
                0x00000000008001d5                trigger_autostart_info_OSDEFAULTAPPMODE
 .rodata.alarm_db_ptr_array
                0x00000000008001e7        0x6 obj/ee_applcfg.c.o
                0x00000000008001e7                alarm_db_ptr_array
 .rodata.alarm_db_array
                0x00000000008001ed       0x2a obj/ee_applcfg.c.o
                0x00000000008001ed                alarm_db_array
 .rodata.counter_db_ptr_array
                0x0000000000800217        0x2 obj/ee_applcfg.c.o
                0x0000000000800217                counter_db_ptr_array
 .rodata.counter_db_array
                0x0000000000800219        0x6 obj/ee_applcfg.c.o
                0x0000000000800219                counter_db_array
 .rodata.osEE_autostart_tdb
                0x000000000080021f        0x4 obj/ee_applcfg.c.o
                0x000000000080021f                osEE_autostart_tdb
 .rodata.tdb_ptr_autostart_OSDEFAULTAPPMODE
                0x0000000000800223        0x2 obj/ee_applcfg.c.o
                0x0000000000800223                tdb_ptr_autostart_OSDEFAULTAPPMODE
 .rodata.tdb_ptr_array
                0x0000000000800225        0xc obj/ee_applcfg.c.o
                0x0000000000800225                tdb_ptr_array
 .rodata.tdb_array
                0x0000000000800231       0x54 obj/ee_applcfg.c.o
                0x0000000000800231                tdb_array
 .rodata.sdb_array
                0x0000000000800285        0x8 obj/ee_applcfg.c.o
                0x0000000000800285                sdb_array
 .rodata.FuncRollServo.str1.1
                0x000000000080028d       0x17 obj/task.cpp.o
 .rodata.FuncDisplayTask.str1.1
                0x00000000008002a4       0x21 obj/task.cpp.o
 .rodata._ZTV14HardwareSerial
                0x00000000008002c5       0x12 /media/sf_SharedFolder/Osek/Test-Servo/erika/lib/libarduinosdk.a(HardwareSerial.cpp.o)
                0x00000000008002c5                _ZTV14HardwareSerial
 .rodata._ZN5Print7printlnEv.str1.1
                0x00000000008002d7       0x21 /media/sf_SharedFolder/Osek/Test-Servo/erika/lib/libarduinosdk.a(Print.cpp.o)
                                          0x3 (size before relaxing)
 .rodata._ZN5Print10printFloatEdh.str1.1
                0x00000000008002d7        0xc /media/sf_SharedFolder/Osek/Test-Servo/erika/lib/libarduinosdk.a(Print.cpp.o)
 *(.gnu.linkonce.r*)
                0x00000000008002f8                . = ALIGN (0x2)
 *fill*         0x00000000008002e3        0x1 
                0x00000000008002e4                _edata = .
                0x00000000008002e4                PROVIDE (__data_end, .)

.bss            0x00000000008002e4      0x194
                0x00000000008002e4                PROVIDE (__bss_start, .)
 *(.bss)
 *(.bss*)
 .bss._ZL9isStarted
                0x00000000008002e4        0x1 obj/ServoTimer2.cpp.o
 .bss.ChannelCount
                0x00000000008002e5        0x1 obj/ServoTimer2.cpp.o
                0x00000000008002e5                ChannelCount
 .bss._ZL8ISRCount
                0x00000000008002e6        0x1 obj/ServoTimer2.cpp.o
 .bss._ZL7Channel
                0x00000000008002e7        0x1 obj/ServoTimer2.cpp.o
 .bss._ZL6servos
                0x00000000008002e8       0x1b obj/ServoTimer2.cpp.o
 .bss.main_sp   0x0000000000800303        0x2 obj/code.cpp.o
                0x0000000000800303                main_sp
 .bss.minute    0x0000000000800305        0x2 obj/task.cpp.o
                0x0000000000800305                minute
 .bss.second    0x0000000000800307        0x2 obj/task.cpp.o
                0x0000000000800307                second
 .bss.hour      0x0000000000800309        0x2 obj/task.cpp.o
                0x0000000000800309                hour
 .bss.myServo1  0x000000000080030b        0x1 obj/task.cpp.o
                0x000000000080030b                myServo1
 .bss.myServo   0x000000000080030c        0x1 obj/task.cpp.o
                0x000000000080030c                myServo
 .bss.AverageLux
                0x000000000080030d        0x4 obj/task.cpp.o
                0x000000000080030d                AverageLux
 .bss.EastDataLux
                0x0000000000800311        0x4 obj/task.cpp.o
                0x0000000000800311                EastDataLux
 .bss.EastDataRaw
                0x0000000000800315        0x2 obj/task.cpp.o
                0x0000000000800315                EastDataRaw
 .bss.WestDataLux
                0x0000000000800317        0x4 obj/task.cpp.o
                0x0000000000800317                WestDataLux
 .bss.WestDataRaw
                0x000000000080031b        0x2 obj/task.cpp.o
                0x000000000080031b                WestDataRaw
 .bss.lcd       0x000000000080031d       0x18 obj/task.cpp.o
                0x000000000080031d                lcd
 .bss.timer0_fract
                0x0000000000800335        0x1 /media/sf_SharedFolder/Osek/Test-Servo/erika/lib/libarduinosdk.a(wiring.c.o)
 .bss.timer0_millis
                0x0000000000800336        0x4 /media/sf_SharedFolder/Osek/Test-Servo/erika/lib/libarduinosdk.a(wiring.c.o)
                0x0000000000800336                timer0_millis
 .bss.timer0_overflow_count
                0x000000000080033a        0x4 /media/sf_SharedFolder/Osek/Test-Servo/erika/lib/libarduinosdk.a(wiring.c.o)
                0x000000000080033a                timer0_overflow_count
 .bss.Serial    0x000000000080033e       0x9d /media/sf_SharedFolder/Osek/Test-Servo/erika/lib/libarduinosdk.a(HardwareSerial0.cpp.o)
                0x000000000080033e                Serial
 *(COMMON)
 COMMON         0x00000000008003db       0x9d obj/ee_applcfg.c.o
                0x00000000008003db                KCB
                0x00000000008003dc                osEE_task_stack_1
                0x000000000080045c                alarm_cb_array
                0x0000000000800474                counter_cb_array
                0x0000000000800478                PROVIDE (__bss_end, .)
                0x0000000000002e02                __data_load_start = LOADADDR (.data)
                0x0000000000002fe6                __data_load_end = (__data_load_start + SIZEOF (.data))

.noinit         0x0000000000800478        0x0
                [!provide]                        PROVIDE (__noinit_start, .)
 *(.noinit*)
                [!provide]                        PROVIDE (__noinit_end, .)
                0x0000000000800478                _end = .
                [!provide]                        PROVIDE (__heap_start, .)

.eeprom         0x0000000000810000        0x0
 *(.eeprom*)
                0x0000000000810000                __eeprom_end = .

.fuse
 *(.fuse)
 *(.lfuse)
 *(.hfuse)
 *(.efuse)

.lock
 *(.lock*)

.signature
 *(.signature*)

.user_signatures
 *(.user_signatures*)

.stab
 *(.stab)

.stabstr
 *(.stabstr)

.stab.excl
 *(.stab.excl)

.stab.exclstr
 *(.stab.exclstr)

.stab.index
 *(.stab.index)

.stab.indexstr
 *(.stab.indexstr)

.comment        0x0000000000000000       0x11
 *(.comment)
 .comment       0x0000000000000000       0x11 obj/LiquidCrystal.cpp.o
                                         0x12 (size before relaxing)
 .comment       0x0000000000000011       0x12 obj/ServoTimer2.cpp.o
 .comment       0x0000000000000011       0x12 obj/code.cpp.o
 .comment       0x0000000000000011       0x12 obj/debug.cpp.o
 .comment       0x0000000000000011       0x12 obj/ee_applcfg.c.o
 .comment       0x0000000000000011       0x12 obj/task.cpp.o
 .comment       0x0000000000000011       0x12 /media/sf_SharedFolder/Osek/Test-Servo/erika/lib/libarduinosdk.a(wiring.c.o)
 .comment       0x0000000000000011       0x12 /media/sf_SharedFolder/Osek/Test-Servo/erika/lib/libarduinosdk.a(wiring_digital.c.o)
 .comment       0x0000000000000011       0x12 /media/sf_SharedFolder/Osek/Test-Servo/erika/lib/libarduinosdk.a(wiring_analog.c.o)
 .comment       0x0000000000000011       0x12 /media/sf_SharedFolder/Osek/Test-Servo/erika/lib/libarduinosdk.a(HardwareSerial.cpp.o)
 .comment       0x0000000000000011       0x12 /media/sf_SharedFolder/Osek/Test-Servo/erika/lib/libarduinosdk.a(HardwareSerial0.cpp.o)
 .comment       0x0000000000000011       0x12 /media/sf_SharedFolder/Osek/Test-Servo/erika/lib/libarduinosdk.a(Print.cpp.o)
 .comment       0x0000000000000011       0x12 /media/sf_SharedFolder/Osek/Test-Servo/erika/lib/libee.a(ee_oo_api_osek.c.o)
 .comment       0x0000000000000011       0x12 /media/sf_SharedFolder/Osek/Test-Servo/erika/lib/libee.a(ee_oo_sched_entry_points.c.o)
 .comment       0x0000000000000011       0x12 /media/sf_SharedFolder/Osek/Test-Servo/erika/lib/libee.a(ee_oo_scheduler.c.o)
 .comment       0x0000000000000011       0x12 /media/sf_SharedFolder/Osek/Test-Servo/erika/lib/libee.a(ee_oo_sched_partitioned.c.o)
 .comment       0x0000000000000011       0x12 /media/sf_SharedFolder/Osek/Test-Servo/erika/lib/libee.a(ee_oo_alarm.c.o)
 .comment       0x0000000000000011       0x12 /media/sf_SharedFolder/Osek/Test-Servo/erika/lib/libee.a(ee_atmega_intvect.c.o)
 .comment       0x0000000000000011       0x12 /media/sf_SharedFolder/Osek/Test-Servo/erika/lib/libee.a(ee_avr8_irqstub.c.o)
 .comment       0x0000000000000011       0x12 /media/sf_SharedFolder/Osek/Test-Servo/erika/lib/libee.a(ee_atmega_system_timer.c.o)
 .comment       0x0000000000000011       0x12 /media/sf_SharedFolder/Osek/Test-Servo/erika/lib/libee.a(ee_std_change_context.c.o)
 .comment       0x0000000000000011       0x12 /media/sf_SharedFolder/Osek/Test-Servo/erika/lib/libee.a(ee_oo_counter.c.o)
 .comment       0x0000000000000011       0x12 /media/sf_SharedFolder/Osek/Test-Servo/erika/lib/libee.a(ee_atmega_timer1ctc.c.o)

.note.gnu.avr.deviceinfo
                0x0000000000000000       0x40
 .note.gnu.avr.deviceinfo
                0x0000000000000000       0x40 /home/user/arduino-1.8.15/hardware/tools/avr/bin/../lib/gcc/avr/7.3.0/../../../../avr/lib/avr5/crtatmega328p.o

.note.gnu.build-id
 *(.note.gnu.build-id)

.debug
 *(.debug)

.line
 *(.line)

.debug_srcinfo
 *(.debug_srcinfo)

.debug_sfnames
 *(.debug_sfnames)

.debug_aranges  0x0000000000000000      0x688
 *(.debug_aranges)
 .debug_aranges
                0x0000000000000000       0x48 /media/sf_SharedFolder/Osek/Test-Servo/erika/lib/libarduinosdk.a(wiring.c.o)
 .debug_aranges
                0x0000000000000048       0x38 /media/sf_SharedFolder/Osek/Test-Servo/erika/lib/libarduinosdk.a(wiring_digital.c.o)
 .debug_aranges
                0x0000000000000080       0x30 /media/sf_SharedFolder/Osek/Test-Servo/erika/lib/libarduinosdk.a(wiring_analog.c.o)
 .debug_aranges
                0x00000000000000b0       0x68 /media/sf_SharedFolder/Osek/Test-Servo/erika/lib/libarduinosdk.a(HardwareSerial.cpp.o)
 .debug_aranges
                0x0000000000000118       0x38 /media/sf_SharedFolder/Osek/Test-Servo/erika/lib/libarduinosdk.a(HardwareSerial0.cpp.o)
 .debug_aranges
                0x0000000000000150      0x100 /media/sf_SharedFolder/Osek/Test-Servo/erika/lib/libarduinosdk.a(Print.cpp.o)
 .debug_aranges
                0x0000000000000250       0xe0 /media/sf_SharedFolder/Osek/Test-Servo/erika/lib/libee.a(ee_oo_api_osek.c.o)
 .debug_aranges
                0x0000000000000330       0x38 /media/sf_SharedFolder/Osek/Test-Servo/erika/lib/libee.a(ee_oo_sched_entry_points.c.o)
 .debug_aranges
                0x0000000000000368       0x38 /media/sf_SharedFolder/Osek/Test-Servo/erika/lib/libee.a(ee_oo_scheduler.c.o)
 .debug_aranges
                0x00000000000003a0       0x48 /media/sf_SharedFolder/Osek/Test-Servo/erika/lib/libee.a(ee_oo_sched_partitioned.c.o)
 .debug_aranges
                0x00000000000003e8       0x38 /media/sf_SharedFolder/Osek/Test-Servo/erika/lib/libee.a(ee_oo_alarm.c.o)
 .debug_aranges
                0x0000000000000420       0x30 /media/sf_SharedFolder/Osek/Test-Servo/erika/lib/libee.a(ee_atmega_intvect.c.o)
 .debug_aranges
                0x0000000000000450       0x20 /media/sf_SharedFolder/Osek/Test-Servo/erika/lib/libee.a(ee_avr8_asm.S.o)
 .debug_aranges
                0x0000000000000470       0x28 /media/sf_SharedFolder/Osek/Test-Servo/erika/lib/libee.a(ee_avr8_irqstub.c.o)
 .debug_aranges
                0x0000000000000498       0x28 /media/sf_SharedFolder/Osek/Test-Servo/erika/lib/libee.a(ee_atmega_system_timer.c.o)
 .debug_aranges
                0x00000000000004c0       0x30 /media/sf_SharedFolder/Osek/Test-Servo/erika/lib/libee.a(ee_std_change_context.c.o)
 .debug_aranges
                0x00000000000004f0       0x38 /media/sf_SharedFolder/Osek/Test-Servo/erika/lib/libee.a(ee_oo_counter.c.o)
 .debug_aranges
                0x0000000000000528       0x20 /media/sf_SharedFolder/Osek/Test-Servo/erika/lib/libee.a(ee_atmega_timer1ctc.c.o)
 .debug_aranges
                0x0000000000000548       0x20 /home/user/arduino-1.8.15/hardware/tools/avr/bin/../lib/gcc/avr/7.3.0/avr5/libgcc.a(_divmodhi4.o)
 .debug_aranges
                0x0000000000000568       0x20 /home/user/arduino-1.8.15/hardware/tools/avr/bin/../lib/gcc/avr/7.3.0/avr5/libgcc.a(_udivmodsi4.o)
 .debug_aranges
                0x0000000000000588       0x20 /home/user/arduino-1.8.15/hardware/tools/avr/bin/../lib/gcc/avr/7.3.0/avr5/libgcc.a(_divmodsi4.o)
 .debug_aranges
                0x00000000000005a8       0x20 /home/user/arduino-1.8.15/hardware/tools/avr/bin/../lib/gcc/avr/7.3.0/avr5/libgcc.a(_negsi2.o)
 .debug_aranges
                0x00000000000005c8       0x20 /home/user/arduino-1.8.15/hardware/tools/avr/bin/../lib/gcc/avr/7.3.0/avr5/libgcc.a(_exit.o)
 .debug_aranges
                0x00000000000005e8       0x20 /home/user/arduino-1.8.15/hardware/tools/avr/bin/../lib/gcc/avr/7.3.0/avr5/libgcc.a(_copy_data.o)
 .debug_aranges
                0x0000000000000608       0x20 /home/user/arduino-1.8.15/hardware/tools/avr/bin/../lib/gcc/avr/7.3.0/avr5/libgcc.a(_clear_bss.o)
 .debug_aranges
                0x0000000000000628       0x20 /home/user/arduino-1.8.15/hardware/tools/avr/bin/../lib/gcc/avr/7.3.0/avr5/libgcc.a(_ctors.o)
 .debug_aranges
                0x0000000000000648       0x20 /home/user/arduino-1.8.15/hardware/tools/avr/bin/../lib/gcc/avr/7.3.0/avr5/libgcc.a(_udivmodhi4.o)
 .debug_aranges
                0x0000000000000668       0x20 /home/user/arduino-1.8.15/hardware/tools/avr/bin/../lib/gcc/avr/7.3.0/avr5/libgcc.a(_tablejump2.o)

.debug_pubnames
 *(.debug_pubnames)

.debug_info     0x0000000000000000    0x143a4
 *(.debug_info .gnu.linkonce.wi.*)
 .debug_info    0x0000000000000000      0x5f4 /home/user/arduino-1.8.15/hardware/tools/avr/bin/../lib/gcc/avr/7.3.0/../../../../avr/lib/avr5/crtatmega328p.o
 .debug_info    0x00000000000005f4      0x44d /media/sf_SharedFolder/Osek/Test-Servo/erika/lib/libarduinosdk.a(wiring.c.o)
 .debug_info    0x0000000000000a41      0x712 /media/sf_SharedFolder/Osek/Test-Servo/erika/lib/libarduinosdk.a(wiring_digital.c.o)
 .debug_info    0x0000000000001153      0x3d2 /media/sf_SharedFolder/Osek/Test-Servo/erika/lib/libarduinosdk.a(wiring_analog.c.o)
 .debug_info    0x0000000000001525     0x206d /media/sf_SharedFolder/Osek/Test-Servo/erika/lib/libarduinosdk.a(HardwareSerial.cpp.o)
 .debug_info    0x0000000000003592     0x1ca8 /media/sf_SharedFolder/Osek/Test-Servo/erika/lib/libarduinosdk.a(HardwareSerial0.cpp.o)
 .debug_info    0x000000000000523a     0x2bbb /media/sf_SharedFolder/Osek/Test-Servo/erika/lib/libarduinosdk.a(Print.cpp.o)
 .debug_info    0x0000000000007df5     0x29a8 /media/sf_SharedFolder/Osek/Test-Servo/erika/lib/libee.a(ee_oo_api_osek.c.o)
 .debug_info    0x000000000000a79d     0x100d /media/sf_SharedFolder/Osek/Test-Servo/erika/lib/libee.a(ee_oo_sched_entry_points.c.o)
 .debug_info    0x000000000000b7aa      0xfca /media/sf_SharedFolder/Osek/Test-Servo/erika/lib/libee.a(ee_oo_scheduler.c.o)
 .debug_info    0x000000000000c774     0x13b7 /media/sf_SharedFolder/Osek/Test-Servo/erika/lib/libee.a(ee_oo_sched_partitioned.c.o)
 .debug_info    0x000000000000db2b      0xf74 /media/sf_SharedFolder/Osek/Test-Servo/erika/lib/libee.a(ee_oo_alarm.c.o)
 .debug_info    0x000000000000ea9f      0xc37 /media/sf_SharedFolder/Osek/Test-Servo/erika/lib/libee.a(ee_atmega_intvect.c.o)
 .debug_info    0x000000000000f6d6       0x92 /media/sf_SharedFolder/Osek/Test-Servo/erika/lib/libee.a(ee_avr8_asm.S.o)
 .debug_info    0x000000000000f768      0xd1a /media/sf_SharedFolder/Osek/Test-Servo/erika/lib/libee.a(ee_avr8_irqstub.c.o)
 .debug_info    0x0000000000010482      0xc69 /media/sf_SharedFolder/Osek/Test-Servo/erika/lib/libee.a(ee_atmega_system_timer.c.o)
 .debug_info    0x00000000000110eb      0xdb1 /media/sf_SharedFolder/Osek/Test-Servo/erika/lib/libee.a(ee_std_change_context.c.o)
 .debug_info    0x0000000000011e9c     0x1238 /media/sf_SharedFolder/Osek/Test-Servo/erika/lib/libee.a(ee_oo_counter.c.o)
 .debug_info    0x00000000000130d4      0xc22 /media/sf_SharedFolder/Osek/Test-Servo/erika/lib/libee.a(ee_atmega_timer1ctc.c.o)
 .debug_info    0x0000000000013cf6       0xab /home/user/arduino-1.8.15/hardware/tools/avr/bin/../lib/gcc/avr/7.3.0/avr5/libgcc.a(_divmodhi4.o)
 .debug_info    0x0000000000013da1       0xab /home/user/arduino-1.8.15/hardware/tools/avr/bin/../lib/gcc/avr/7.3.0/avr5/libgcc.a(_udivmodsi4.o)
 .debug_info    0x0000000000013e4c       0xab /home/user/arduino-1.8.15/hardware/tools/avr/bin/../lib/gcc/avr/7.3.0/avr5/libgcc.a(_divmodsi4.o)
 .debug_info    0x0000000000013ef7       0xab /home/user/arduino-1.8.15/hardware/tools/avr/bin/../lib/gcc/avr/7.3.0/avr5/libgcc.a(_negsi2.o)
 .debug_info    0x0000000000013fa2       0xab /home/user/arduino-1.8.15/hardware/tools/avr/bin/../lib/gcc/avr/7.3.0/avr5/libgcc.a(_exit.o)
 .debug_info    0x000000000001404d       0xab /home/user/arduino-1.8.15/hardware/tools/avr/bin/../lib/gcc/avr/7.3.0/avr5/libgcc.a(_copy_data.o)
 .debug_info    0x00000000000140f8       0xab /home/user/arduino-1.8.15/hardware/tools/avr/bin/../lib/gcc/avr/7.3.0/avr5/libgcc.a(_clear_bss.o)
 .debug_info    0x00000000000141a3       0xab /home/user/arduino-1.8.15/hardware/tools/avr/bin/../lib/gcc/avr/7.3.0/avr5/libgcc.a(_ctors.o)
 .debug_info    0x000000000001424e       0xab /home/user/arduino-1.8.15/hardware/tools/avr/bin/../lib/gcc/avr/7.3.0/avr5/libgcc.a(_udivmodhi4.o)
 .debug_info    0x00000000000142f9       0xab /home/user/arduino-1.8.15/hardware/tools/avr/bin/../lib/gcc/avr/7.3.0/avr5/libgcc.a(_tablejump2.o)

.debug_abbrev   0x0000000000000000     0x3456
 *(.debug_abbrev)
 .debug_abbrev  0x0000000000000000      0x5a2 /home/user/arduino-1.8.15/hardware/tools/avr/bin/../lib/gcc/avr/7.3.0/../../../../avr/lib/avr5/crtatmega328p.o
 .debug_abbrev  0x00000000000005a2      0x1e3 /media/sf_SharedFolder/Osek/Test-Servo/erika/lib/libarduinosdk.a(wiring.c.o)
 .debug_abbrev  0x0000000000000785      0x1fa /media/sf_SharedFolder/Osek/Test-Servo/erika/lib/libarduinosdk.a(wiring_digital.c.o)
 .debug_abbrev  0x000000000000097f      0x1e9 /media/sf_SharedFolder/Osek/Test-Servo/erika/lib/libarduinosdk.a(wiring_analog.c.o)
 .debug_abbrev  0x0000000000000b68      0x52a /media/sf_SharedFolder/Osek/Test-Servo/erika/lib/libarduinosdk.a(HardwareSerial.cpp.o)
 .debug_abbrev  0x0000000000001092      0x44e /media/sf_SharedFolder/Osek/Test-Servo/erika/lib/libarduinosdk.a(HardwareSerial0.cpp.o)
 .debug_abbrev  0x00000000000014e0      0x562 /media/sf_SharedFolder/Osek/Test-Servo/erika/lib/libarduinosdk.a(Print.cpp.o)
 .debug_abbrev  0x0000000000001a42      0x3ef /media/sf_SharedFolder/Osek/Test-Servo/erika/lib/libee.a(ee_oo_api_osek.c.o)
 .debug_abbrev  0x0000000000001e31      0x2cd /media/sf_SharedFolder/Osek/Test-Servo/erika/lib/libee.a(ee_oo_sched_entry_points.c.o)
 .debug_abbrev  0x00000000000020fe      0x2a1 /media/sf_SharedFolder/Osek/Test-Servo/erika/lib/libee.a(ee_oo_scheduler.c.o)
 .debug_abbrev  0x000000000000239f      0x2e0 /media/sf_SharedFolder/Osek/Test-Servo/erika/lib/libee.a(ee_oo_sched_partitioned.c.o)
 .debug_abbrev  0x000000000000267f      0x22c /media/sf_SharedFolder/Osek/Test-Servo/erika/lib/libee.a(ee_oo_alarm.c.o)
 .debug_abbrev  0x00000000000028ab      0x16b /media/sf_SharedFolder/Osek/Test-Servo/erika/lib/libee.a(ee_atmega_intvect.c.o)
 .debug_abbrev  0x0000000000002a16       0x14 /media/sf_SharedFolder/Osek/Test-Servo/erika/lib/libee.a(ee_avr8_asm.S.o)
 .debug_abbrev  0x0000000000002a2a      0x1f8 /media/sf_SharedFolder/Osek/Test-Servo/erika/lib/libee.a(ee_avr8_irqstub.c.o)
 .debug_abbrev  0x0000000000002c22      0x194 /media/sf_SharedFolder/Osek/Test-Servo/erika/lib/libee.a(ee_atmega_system_timer.c.o)
 .debug_abbrev  0x0000000000002db6      0x184 /media/sf_SharedFolder/Osek/Test-Servo/erika/lib/libee.a(ee_std_change_context.c.o)
 .debug_abbrev  0x0000000000002f3a      0x30e /media/sf_SharedFolder/Osek/Test-Servo/erika/lib/libee.a(ee_oo_counter.c.o)
 .debug_abbrev  0x0000000000003248      0x146 /media/sf_SharedFolder/Osek/Test-Servo/erika/lib/libee.a(ee_atmega_timer1ctc.c.o)
 .debug_abbrev  0x000000000000338e       0x14 /home/user/arduino-1.8.15/hardware/tools/avr/bin/../lib/gcc/avr/7.3.0/avr5/libgcc.a(_divmodhi4.o)
 .debug_abbrev  0x00000000000033a2       0x14 /home/user/arduino-1.8.15/hardware/tools/avr/bin/../lib/gcc/avr/7.3.0/avr5/libgcc.a(_udivmodsi4.o)
 .debug_abbrev  0x00000000000033b6       0x14 /home/user/arduino-1.8.15/hardware/tools/avr/bin/../lib/gcc/avr/7.3.0/avr5/libgcc.a(_divmodsi4.o)
 .debug_abbrev  0x00000000000033ca       0x14 /home/user/arduino-1.8.15/hardware/tools/avr/bin/../lib/gcc/avr/7.3.0/avr5/libgcc.a(_negsi2.o)
 .debug_abbrev  0x00000000000033de       0x14 /home/user/arduino-1.8.15/hardware/tools/avr/bin/../lib/gcc/avr/7.3.0/avr5/libgcc.a(_exit.o)
 .debug_abbrev  0x00000000000033f2       0x14 /home/user/arduino-1.8.15/hardware/tools/avr/bin/../lib/gcc/avr/7.3.0/avr5/libgcc.a(_copy_data.o)
 .debug_abbrev  0x0000000000003406       0x14 /home/user/arduino-1.8.15/hardware/tools/avr/bin/../lib/gcc/avr/7.3.0/avr5/libgcc.a(_clear_bss.o)
 .debug_abbrev  0x000000000000341a       0x14 /home/user/arduino-1.8.15/hardware/tools/avr/bin/../lib/gcc/avr/7.3.0/avr5/libgcc.a(_ctors.o)
 .debug_abbrev  0x000000000000342e       0x14 /home/user/arduino-1.8.15/hardware/tools/avr/bin/../lib/gcc/avr/7.3.0/avr5/libgcc.a(_udivmodhi4.o)
 .debug_abbrev  0x0000000000003442       0x14 /home/user/arduino-1.8.15/hardware/tools/avr/bin/../lib/gcc/avr/7.3.0/avr5/libgcc.a(_tablejump2.o)

.debug_line     0x0000000000000000     0x456b
 *(.debug_line .debug_line.* .debug_line_end)
 .debug_line    0x0000000000000000       0x1a /home/user/arduino-1.8.15/hardware/tools/avr/bin/../lib/gcc/avr/7.3.0/../../../../avr/lib/avr5/crtatmega328p.o
 .debug_line    0x000000000000001a      0x335 /media/sf_SharedFolder/Osek/Test-Servo/erika/lib/libarduinosdk.a(wiring.c.o)
 .debug_line    0x000000000000034f      0x37f /media/sf_SharedFolder/Osek/Test-Servo/erika/lib/libarduinosdk.a(wiring_digital.c.o)
 .debug_line    0x00000000000006ce      0x2ba /media/sf_SharedFolder/Osek/Test-Servo/erika/lib/libarduinosdk.a(wiring_analog.c.o)
 .debug_line    0x0000000000000988      0x564 /media/sf_SharedFolder/Osek/Test-Servo/erika/lib/libarduinosdk.a(HardwareSerial.cpp.o)
 .debug_line    0x0000000000000eec      0x298 /media/sf_SharedFolder/Osek/Test-Servo/erika/lib/libarduinosdk.a(HardwareSerial0.cpp.o)
 .debug_line    0x0000000000001184      0x698 /media/sf_SharedFolder/Osek/Test-Servo/erika/lib/libarduinosdk.a(Print.cpp.o)
 .debug_line    0x000000000000181c      0xb8a /media/sf_SharedFolder/Osek/Test-Servo/erika/lib/libee.a(ee_oo_api_osek.c.o)
 .debug_line    0x00000000000023a6      0x2ab /media/sf_SharedFolder/Osek/Test-Servo/erika/lib/libee.a(ee_oo_sched_entry_points.c.o)
 .debug_line    0x0000000000002651      0x356 /media/sf_SharedFolder/Osek/Test-Servo/erika/lib/libee.a(ee_oo_scheduler.c.o)
 .debug_line    0x00000000000029a7      0x45e /media/sf_SharedFolder/Osek/Test-Servo/erika/lib/libee.a(ee_oo_sched_partitioned.c.o)
 .debug_line    0x0000000000002e05      0x274 /media/sf_SharedFolder/Osek/Test-Servo/erika/lib/libee.a(ee_oo_alarm.c.o)
 .debug_line    0x0000000000003079      0x1cf /media/sf_SharedFolder/Osek/Test-Servo/erika/lib/libee.a(ee_atmega_intvect.c.o)
 .debug_line    0x0000000000003248       0xeb /media/sf_SharedFolder/Osek/Test-Servo/erika/lib/libee.a(ee_avr8_asm.S.o)
 .debug_line    0x0000000000003333      0x20d /media/sf_SharedFolder/Osek/Test-Servo/erika/lib/libee.a(ee_avr8_irqstub.c.o)
 .debug_line    0x0000000000003540      0x1bf /media/sf_SharedFolder/Osek/Test-Servo/erika/lib/libee.a(ee_atmega_system_timer.c.o)
 .debug_line    0x00000000000036ff      0x242 /media/sf_SharedFolder/Osek/Test-Servo/erika/lib/libee.a(ee_std_change_context.c.o)
 .debug_line    0x0000000000003941      0x3b4 /media/sf_SharedFolder/Osek/Test-Servo/erika/lib/libee.a(ee_oo_counter.c.o)
 .debug_line    0x0000000000003cf5      0x202 /media/sf_SharedFolder/Osek/Test-Servo/erika/lib/libee.a(ee_atmega_timer1ctc.c.o)
 .debug_line    0x0000000000003ef7       0xc8 /home/user/arduino-1.8.15/hardware/tools/avr/bin/../lib/gcc/avr/7.3.0/avr5/libgcc.a(_divmodhi4.o)
 .debug_line    0x0000000000003fbf      0x122 /home/user/arduino-1.8.15/hardware/tools/avr/bin/../lib/gcc/avr/7.3.0/avr5/libgcc.a(_udivmodsi4.o)
 .debug_line    0x00000000000040e1       0xce /home/user/arduino-1.8.15/hardware/tools/avr/bin/../lib/gcc/avr/7.3.0/avr5/libgcc.a(_divmodsi4.o)
 .debug_line    0x00000000000041af       0x62 /home/user/arduino-1.8.15/hardware/tools/avr/bin/../lib/gcc/avr/7.3.0/avr5/libgcc.a(_negsi2.o)
 .debug_line    0x0000000000004211       0x62 /home/user/arduino-1.8.15/hardware/tools/avr/bin/../lib/gcc/avr/7.3.0/avr5/libgcc.a(_exit.o)
 .debug_line    0x0000000000004273       0x98 /home/user/arduino-1.8.15/hardware/tools/avr/bin/../lib/gcc/avr/7.3.0/avr5/libgcc.a(_copy_data.o)
 .debug_line    0x000000000000430b       0x86 /home/user/arduino-1.8.15/hardware/tools/avr/bin/../lib/gcc/avr/7.3.0/avr5/libgcc.a(_clear_bss.o)
 .debug_line    0x0000000000004391       0x92 /home/user/arduino-1.8.15/hardware/tools/avr/bin/../lib/gcc/avr/7.3.0/avr5/libgcc.a(_ctors.o)
 .debug_line    0x0000000000004423       0xce /home/user/arduino-1.8.15/hardware/tools/avr/bin/../lib/gcc/avr/7.3.0/avr5/libgcc.a(_udivmodhi4.o)
 .debug_line    0x00000000000044f1       0x7a /home/user/arduino-1.8.15/hardware/tools/avr/bin/../lib/gcc/avr/7.3.0/avr5/libgcc.a(_tablejump2.o)

.debug_frame    0x0000000000000000      0xe5c
 *(.debug_frame)
 .debug_frame   0x0000000000000000       0xc4 /media/sf_SharedFolder/Osek/Test-Servo/erika/lib/libarduinosdk.a(wiring.c.o)
 .debug_frame   0x00000000000000c4       0x7c /media/sf_SharedFolder/Osek/Test-Servo/erika/lib/libarduinosdk.a(wiring_digital.c.o)
 .debug_frame   0x0000000000000140       0x54 /media/sf_SharedFolder/Osek/Test-Servo/erika/lib/libarduinosdk.a(wiring_analog.c.o)
 .debug_frame   0x0000000000000194      0x110 /media/sf_SharedFolder/Osek/Test-Servo/erika/lib/libarduinosdk.a(HardwareSerial.cpp.o)
 .debug_frame   0x00000000000002a4       0xc0 /media/sf_SharedFolder/Osek/Test-Servo/erika/lib/libarduinosdk.a(HardwareSerial0.cpp.o)
 .debug_frame   0x0000000000000364      0x3cc /media/sf_SharedFolder/Osek/Test-Servo/erika/lib/libarduinosdk.a(Print.cpp.o)
 .debug_frame   0x0000000000000730      0x2ac /media/sf_SharedFolder/Osek/Test-Servo/erika/lib/libee.a(ee_oo_api_osek.c.o)
 .debug_frame   0x00000000000009dc       0x78 /media/sf_SharedFolder/Osek/Test-Servo/erika/lib/libee.a(ee_oo_sched_entry_points.c.o)
 .debug_frame   0x0000000000000a54       0xb0 /media/sf_SharedFolder/Osek/Test-Servo/erika/lib/libee.a(ee_oo_scheduler.c.o)
 .debug_frame   0x0000000000000b04      0x11c /media/sf_SharedFolder/Osek/Test-Servo/erika/lib/libee.a(ee_oo_sched_partitioned.c.o)
 .debug_frame   0x0000000000000c20       0x60 /media/sf_SharedFolder/Osek/Test-Servo/erika/lib/libee.a(ee_oo_alarm.c.o)
 .debug_frame   0x0000000000000c80       0x44 /media/sf_SharedFolder/Osek/Test-Servo/erika/lib/libee.a(ee_atmega_intvect.c.o)
 .debug_frame   0x0000000000000cc4       0x34 /media/sf_SharedFolder/Osek/Test-Servo/erika/lib/libee.a(ee_avr8_irqstub.c.o)
 .debug_frame   0x0000000000000cf8       0x34 /media/sf_SharedFolder/Osek/Test-Servo/erika/lib/libee.a(ee_atmega_system_timer.c.o)
 .debug_frame   0x0000000000000d2c       0x44 /media/sf_SharedFolder/Osek/Test-Servo/erika/lib/libee.a(ee_std_change_context.c.o)
 .debug_frame   0x0000000000000d70       0xc8 /media/sf_SharedFolder/Osek/Test-Servo/erika/lib/libee.a(ee_oo_counter.c.o)
 .debug_frame   0x0000000000000e38       0x24 /media/sf_SharedFolder/Osek/Test-Servo/erika/lib/libee.a(ee_atmega_timer1ctc.c.o)

.debug_str      0x0000000000000000     0x4040
 *(.debug_str)
 .debug_str     0x0000000000000000      0x208 /home/user/arduino-1.8.15/hardware/tools/avr/bin/../lib/gcc/avr/7.3.0/../../../../avr/lib/avr5/crtatmega328p.o
 .debug_str     0x0000000000000208      0x282 /media/sf_SharedFolder/Osek/Test-Servo/erika/lib/libarduinosdk.a(wiring.c.o)
                                        0x2d2 (size before relaxing)
 .debug_str     0x000000000000048a       0x97 /media/sf_SharedFolder/Osek/Test-Servo/erika/lib/libarduinosdk.a(wiring_digital.c.o)
                                        0x2ab (size before relaxing)
 .debug_str     0x0000000000000521       0x8a /media/sf_SharedFolder/Osek/Test-Servo/erika/lib/libarduinosdk.a(wiring_analog.c.o)
                                        0x2bd (size before relaxing)
 .debug_str     0x00000000000005ab     0x1489 /media/sf_SharedFolder/Osek/Test-Servo/erika/lib/libarduinosdk.a(HardwareSerial.cpp.o)
                                       0x16a9 (size before relaxing)
 .debug_str     0x0000000000001a34      0x141 /media/sf_SharedFolder/Osek/Test-Servo/erika/lib/libarduinosdk.a(HardwareSerial0.cpp.o)
                                       0x14e4 (size before relaxing)
 .debug_str     0x0000000000001b75      0x406 /media/sf_SharedFolder/Osek/Test-Servo/erika/lib/libarduinosdk.a(Print.cpp.o)
                                       0x12e0 (size before relaxing)
 .debug_str     0x0000000000001f7b     0x16e9 /media/sf_SharedFolder/Osek/Test-Servo/erika/lib/libee.a(ee_oo_api_osek.c.o)
                                       0x1a19 (size before relaxing)
 .debug_str     0x0000000000003664      0x16e /media/sf_SharedFolder/Osek/Test-Servo/erika/lib/libee.a(ee_oo_sched_entry_points.c.o)
                                        0xe43 (size before relaxing)
 .debug_str     0x00000000000037d2      0x1c0 /media/sf_SharedFolder/Osek/Test-Servo/erika/lib/libee.a(ee_oo_scheduler.c.o)
                                        0xd4f (size before relaxing)
 .debug_str     0x0000000000003992      0x18b /media/sf_SharedFolder/Osek/Test-Servo/erika/lib/libee.a(ee_oo_sched_partitioned.c.o)
                                        0xed1 (size before relaxing)
 .debug_str     0x0000000000003b1d       0xe4 /media/sf_SharedFolder/Osek/Test-Servo/erika/lib/libee.a(ee_oo_alarm.c.o)
                                        0xcb1 (size before relaxing)
 .debug_str     0x0000000000003c01       0x8a /media/sf_SharedFolder/Osek/Test-Servo/erika/lib/libee.a(ee_atmega_intvect.c.o)
                                        0xbdf (size before relaxing)
 .debug_str     0x0000000000003c8b       0x84 /media/sf_SharedFolder/Osek/Test-Servo/erika/lib/libee.a(ee_avr8_irqstub.c.o)
                                        0xc5c (size before relaxing)
 .debug_str     0x0000000000003d0f       0x98 /media/sf_SharedFolder/Osek/Test-Servo/erika/lib/libee.a(ee_atmega_system_timer.c.o)
                                        0xc22 (size before relaxing)
 .debug_str     0x0000000000003da7       0xbf /media/sf_SharedFolder/Osek/Test-Servo/erika/lib/libee.a(ee_std_change_context.c.o)
                                        0xcab (size before relaxing)
 .debug_str     0x0000000000003e66      0x15b /media/sf_SharedFolder/Osek/Test-Servo/erika/lib/libee.a(ee_oo_counter.c.o)
                                        0xe1d (size before relaxing)
 .debug_str     0x0000000000003fc1       0x7f /media/sf_SharedFolder/Osek/Test-Servo/erika/lib/libee.a(ee_atmega_timer1ctc.c.o)
                                        0xbf5 (size before relaxing)

.debug_loc      0x0000000000000000     0x60c9
 *(.debug_loc)
 .debug_loc     0x0000000000000000      0x282 /media/sf_SharedFolder/Osek/Test-Servo/erika/lib/libarduinosdk.a(wiring.c.o)
 .debug_loc     0x0000000000000282      0x658 /media/sf_SharedFolder/Osek/Test-Servo/erika/lib/libarduinosdk.a(wiring_digital.c.o)
 .debug_loc     0x00000000000008da      0x119 /media/sf_SharedFolder/Osek/Test-Servo/erika/lib/libarduinosdk.a(wiring_analog.c.o)
 .debug_loc     0x00000000000009f3      0x47c /media/sf_SharedFolder/Osek/Test-Servo/erika/lib/libarduinosdk.a(HardwareSerial.cpp.o)
 .debug_loc     0x0000000000000e6f      0x18a /media/sf_SharedFolder/Osek/Test-Servo/erika/lib/libarduinosdk.a(HardwareSerial0.cpp.o)
 .debug_loc     0x0000000000000ff9     0x1cde /media/sf_SharedFolder/Osek/Test-Servo/erika/lib/libarduinosdk.a(Print.cpp.o)
 .debug_loc     0x0000000000002cd7      0xfcd /media/sf_SharedFolder/Osek/Test-Servo/erika/lib/libee.a(ee_oo_api_osek.c.o)
 .debug_loc     0x0000000000003ca4      0x12b /media/sf_SharedFolder/Osek/Test-Servo/erika/lib/libee.a(ee_oo_sched_entry_points.c.o)
 .debug_loc     0x0000000000003dcf      0x6d4 /media/sf_SharedFolder/Osek/Test-Servo/erika/lib/libee.a(ee_oo_scheduler.c.o)
 .debug_loc     0x00000000000044a3      0xad1 /media/sf_SharedFolder/Osek/Test-Servo/erika/lib/libee.a(ee_oo_sched_partitioned.c.o)
 .debug_loc     0x0000000000004f74      0x48b /media/sf_SharedFolder/Osek/Test-Servo/erika/lib/libee.a(ee_oo_alarm.c.o)
 .debug_loc     0x00000000000053ff       0x80 /media/sf_SharedFolder/Osek/Test-Servo/erika/lib/libee.a(ee_avr8_irqstub.c.o)
 .debug_loc     0x000000000000547f      0x312 /media/sf_SharedFolder/Osek/Test-Servo/erika/lib/libee.a(ee_std_change_context.c.o)
 .debug_loc     0x0000000000005791      0x7d5 /media/sf_SharedFolder/Osek/Test-Servo/erika/lib/libee.a(ee_oo_counter.c.o)
 .debug_loc     0x0000000000005f66      0x163 /media/sf_SharedFolder/Osek/Test-Servo/erika/lib/libee.a(ee_atmega_timer1ctc.c.o)

.debug_macinfo
 *(.debug_macinfo)

.debug_weaknames
 *(.debug_weaknames)

.debug_funcnames
 *(.debug_funcnames)

.debug_typenames
 *(.debug_typenames)

.debug_varnames
 *(.debug_varnames)

.debug_pubtypes
 *(.debug_pubtypes)

.debug_ranges   0x0000000000000000      0x768
 *(.debug_ranges)
 .debug_ranges  0x0000000000000000       0x38 /media/sf_SharedFolder/Osek/Test-Servo/erika/lib/libarduinosdk.a(wiring.c.o)
 .debug_ranges  0x0000000000000038       0x40 /media/sf_SharedFolder/Osek/Test-Servo/erika/lib/libarduinosdk.a(wiring_digital.c.o)
 .debug_ranges  0x0000000000000078       0x20 /media/sf_SharedFolder/Osek/Test-Servo/erika/lib/libarduinosdk.a(wiring_analog.c.o)
 .debug_ranges  0x0000000000000098       0x70 /media/sf_SharedFolder/Osek/Test-Servo/erika/lib/libarduinosdk.a(HardwareSerial.cpp.o)
 .debug_ranges  0x0000000000000108       0x40 /media/sf_SharedFolder/Osek/Test-Servo/erika/lib/libarduinosdk.a(HardwareSerial0.cpp.o)
 .debug_ranges  0x0000000000000148      0x138 /media/sf_SharedFolder/Osek/Test-Servo/erika/lib/libarduinosdk.a(Print.cpp.o)
 .debug_ranges  0x0000000000000280      0x1d0 /media/sf_SharedFolder/Osek/Test-Servo/erika/lib/libee.a(ee_oo_api_osek.c.o)
 .debug_ranges  0x0000000000000450       0x40 /media/sf_SharedFolder/Osek/Test-Servo/erika/lib/libee.a(ee_oo_sched_entry_points.c.o)
 .debug_ranges  0x0000000000000490       0x58 /media/sf_SharedFolder/Osek/Test-Servo/erika/lib/libee.a(ee_oo_scheduler.c.o)
 .debug_ranges  0x00000000000004e8       0x98 /media/sf_SharedFolder/Osek/Test-Servo/erika/lib/libee.a(ee_oo_sched_partitioned.c.o)
 .debug_ranges  0x0000000000000580       0x40 /media/sf_SharedFolder/Osek/Test-Servo/erika/lib/libee.a(ee_oo_alarm.c.o)
 .debug_ranges  0x00000000000005c0       0x20 /media/sf_SharedFolder/Osek/Test-Servo/erika/lib/libee.a(ee_atmega_intvect.c.o)
 .debug_ranges  0x00000000000005e0       0x18 /media/sf_SharedFolder/Osek/Test-Servo/erika/lib/libee.a(ee_avr8_irqstub.c.o)
 .debug_ranges  0x00000000000005f8       0x18 /media/sf_SharedFolder/Osek/Test-Servo/erika/lib/libee.a(ee_atmega_system_timer.c.o)
 .debug_ranges  0x0000000000000610       0x20 /media/sf_SharedFolder/Osek/Test-Servo/erika/lib/libee.a(ee_std_change_context.c.o)
 .debug_ranges  0x0000000000000630      0x128 /media/sf_SharedFolder/Osek/Test-Servo/erika/lib/libee.a(ee_oo_counter.c.o)
 .debug_ranges  0x0000000000000758       0x10 /media/sf_SharedFolder/Osek/Test-Servo/erika/lib/libee.a(ee_atmega_timer1ctc.c.o)

.debug_macro
 *(.debug_macro)
OUTPUT(arduino.elf elf32-avr)
LOAD linker stubs
