21:55:20 **** Build of configuration Default for project OSEK-4 ****
make all 
make[1]: Entering directory '/home/user/Osek/OSEK-4/out'
APP_TARGETS=arduino.eep arduino.hex arduino.lss arduino.srec
*****************************************
* Erika Enterprise Application build... *
*****************************************
CXX  code.cpp
CXX  debug.cpp
CC   ee_applcfg.c
CXX  task.cpp
LD   arduino.elf
   text	   data	    bss	    dec	    hex	filename
   8254	    430	    323	   9007	   232f	arduino.elf
EEP  arduino.elf
HEX  arduino.elf
LSS  arduino.elf
SREC arduino.elf
****************************************************
* Erika Enterprise Application built successfully! *
****************************************************
make[1]: Leaving directory '/home/user/Osek/OSEK-4/out'

21:55:21 Build Finished (took 729ms)

