18:16:54 **** Build of configuration Default for project Test-Servo ****
make all 
make[1]: Entering directory '/home/user/Osek/Test-Servo/out'
APP_TARGETS=arduino.eep arduino.hex arduino.lss arduino.srec
*****************************************
* Erika Enterprise Application build... *
*****************************************
CXX  LiquidCrystal.cpp
CXX  ServoTimer2.cpp
CXX  code.cpp
CXX  debug.cpp
CC   ee_applcfg.c
CXX  task.cpp
LD   arduino.elf
   text	   data	    bss	    dec	    hex	filename
  11274	    354	    384	  12012	   2eec	arduino.elf
EEP  arduino.elf
HEX  arduino.elf
LSS  arduino.elf
SREC arduino.elf
****************************************************
* Erika Enterprise Application built successfully! *
****************************************************
make[1]: Leaving directory '/home/user/Osek/Test-Servo/out'

18:16:55 Build Finished (took 446ms)

