Archive member included to satisfy reference by file (symbol)

/home/user/Osek/OSEK-3/erika/lib/libarduinosdk.a(wiring.c.o)
                              obj/code.cpp.o (delay)
/home/user/Osek/OSEK-3/erika/lib/libarduinosdk.a(wiring_digital.c.o)
                              obj/code.cpp.o (pinMode)
/home/user/Osek/OSEK-3/erika/lib/libarduinosdk.a(HardwareSerial.cpp.o)
                              obj/code.cpp.o (_ZN14HardwareSerial5beginEmh)
/home/user/Osek/OSEK-3/erika/lib/libarduinosdk.a(HardwareSerial0.cpp.o)
                              obj/code.cpp.o (Serial)
/home/user/Osek/OSEK-3/erika/lib/libarduinosdk.a(Print.cpp.o)
                              obj/debug.cpp.o (_ZN5Print5writeEPKhj)
/home/user/Osek/OSEK-3/erika/lib/libarduinosdk.a(hooks.c.o)
                              /home/user/Osek/OSEK-3/erika/lib/libarduinosdk.a(wiring.c.o) (yield)
/home/user/Osek/OSEK-3/erika/lib/libarduinosdk.a(abi.cpp.o)
                              /home/user/Osek/OSEK-3/erika/lib/libarduinosdk.a(Print.cpp.o) (__cxa_pure_virtual)
/home/user/Osek/OSEK-3/erika/lib/libee.a(ee_oo_api_osek.c.o)
                              obj/code.cpp.o (StartOS)
/home/user/Osek/OSEK-3/erika/lib/libee.a(ee_oo_sched_entry_points.c.o)
                              /home/user/Osek/OSEK-3/erika/lib/libee.a(ee_oo_api_osek.c.o) (osEE_scheduler_task_end)
/home/user/Osek/OSEK-3/erika/lib/libee.a(ee_oo_scheduler.c.o)
                              /home/user/Osek/OSEK-3/erika/lib/libee.a(ee_oo_api_osek.c.o) (osEE_scheduler_rq_insert)
/home/user/Osek/OSEK-3/erika/lib/libee.a(ee_oo_sched_partitioned.c.o)
                              /home/user/Osek/OSEK-3/erika/lib/libee.a(ee_oo_api_osek.c.o) (osEE_scheduler_task_activated)
/home/user/Osek/OSEK-3/erika/lib/libee.a(ee_oo_alarm.c.o)
                              /home/user/Osek/OSEK-3/erika/lib/libee.a(ee_oo_api_osek.c.o) (osEE_alarm_set_rel)
/home/user/Osek/OSEK-3/erika/lib/libee.a(ee_atmega_intvect.c.o)
                              /home/user/Osek/OSEK-3/erika/lib/libee.a(ee_oo_api_osek.c.o) (osEE_atmega_intvect)
/home/user/Osek/OSEK-3/erika/lib/libee.a(ee_avr8_asm.S.o)
                              /home/user/Osek/OSEK-3/erika/lib/libee.a(ee_oo_api_osek.c.o) (osEE_hal_save_ctx_and_ready2stacked)
/home/user/Osek/OSEK-3/erika/lib/libee.a(ee_avr8_irqstub.c.o)
                              /home/user/Osek/OSEK-3/erika/lib/libee.a(ee_atmega_intvect.c.o) (osEE_avr8_isr2_stub)
/home/user/Osek/OSEK-3/erika/lib/libee.a(ee_atmega_system_timer.c.o)
                              /home/user/Osek/OSEK-3/erika/lib/libee.a(ee_oo_api_osek.c.o) (osEE_avr8_system_timer_init)
/home/user/Osek/OSEK-3/erika/lib/libee.a(ee_std_change_context.c.o)
                              /home/user/Osek/OSEK-3/erika/lib/libee.a(ee_oo_sched_partitioned.c.o) (osEE_change_context_from_running)
/home/user/Osek/OSEK-3/erika/lib/libee.a(ee_oo_counter.c.o)
                              /home/user/Osek/OSEK-3/erika/lib/libee.a(ee_oo_alarm.c.o) (osEE_counter_insert_abs_trigger)
/home/user/Osek/OSEK-3/erika/lib/libee.a(ee_atmega_timer1ctc.c.o)
                              /home/user/Osek/OSEK-3/erika/lib/libee.a(ee_atmega_system_timer.c.o) (OsEE_atmega_startTimer1)
/home/user/arduino-1.8.15/hardware/tools/avr/bin/../lib/gcc/avr/7.3.0/../../../../avr/lib/avr5/libm.a(addsf3.o)
                              /home/user/Osek/OSEK-3/erika/lib/libarduinosdk.a(Print.cpp.o) (__subsf3)
/home/user/arduino-1.8.15/hardware/tools/avr/bin/../lib/gcc/avr/7.3.0/../../../../avr/lib/avr5/libm.a(addsf3x.o)
                              /home/user/arduino-1.8.15/hardware/tools/avr/bin/../lib/gcc/avr/7.3.0/../../../../avr/lib/avr5/libm.a(addsf3.o) (__addsf3x)
/home/user/arduino-1.8.15/hardware/tools/avr/bin/../lib/gcc/avr/7.3.0/../../../../avr/lib/avr5/libm.a(cmpsf2.o)
                              /home/user/Osek/OSEK-3/erika/lib/libarduinosdk.a(Print.cpp.o) (__ltsf2)
/home/user/arduino-1.8.15/hardware/tools/avr/bin/../lib/gcc/avr/7.3.0/../../../../avr/lib/avr5/libm.a(divsf3.o)
                              /home/user/Osek/OSEK-3/erika/lib/libarduinosdk.a(Print.cpp.o) (__divsf3)
/home/user/arduino-1.8.15/hardware/tools/avr/bin/../lib/gcc/avr/7.3.0/../../../../avr/lib/avr5/libm.a(divsf3x.o)
                              /home/user/arduino-1.8.15/hardware/tools/avr/bin/../lib/gcc/avr/7.3.0/../../../../avr/lib/avr5/libm.a(divsf3.o) (__divsf3x)
/home/user/arduino-1.8.15/hardware/tools/avr/bin/../lib/gcc/avr/7.3.0/../../../../avr/lib/avr5/libm.a(fixunssfsi.o)
                              /home/user/Osek/OSEK-3/erika/lib/libarduinosdk.a(Print.cpp.o) (__fixunssfsi)
/home/user/arduino-1.8.15/hardware/tools/avr/bin/../lib/gcc/avr/7.3.0/../../../../avr/lib/avr5/libm.a(floatsisf.o)
                              /home/user/Osek/OSEK-3/erika/lib/libarduinosdk.a(Print.cpp.o) (__floatunsisf)
/home/user/arduino-1.8.15/hardware/tools/avr/bin/../lib/gcc/avr/7.3.0/../../../../avr/lib/avr5/libm.a(fp_cmp.o)
[...]
Memory Configuration

Name             Origin             Length             Attributes
text             0x0000000000000000 0x0000000000020000 xr
data             0x0000000000800060 0x000000000000ffa0 rw !x
eeprom           0x0000000000810000 0x0000000000010000 rw !x
fuse             0x0000000000820000 0x0000000000000003 rw !x
lock             0x0000000000830000 0x0000000000000400 rw !x
signature        0x0000000000840000 0x0000000000000400 rw !x
user_signatures  0x0000000000850000 0x0000000000000400 rw !x
*default*        0x0000000000000000 0xffffffffffffffff

Linker script and memory map

Address of section .data set to 0x800100
LOAD /home/user/arduino-1.8.15/hardware/tools/avr/bin/../lib/gcc/avr/7.3.0/../../../../avr/lib/avr5/crtatmega328p.o
LOAD obj/code.cpp.o
LOAD obj/debug.cpp.o
LOAD obj/ee_applcfg.c.o
LOAD obj/task.cpp.o
START GROUP
LOAD /home/user/Osek/OSEK-3/erika/lib/libarduinosdk.a
LOAD /home/user/Osek/OSEK-3/erika/lib/libee.a
END GROUP
LOAD /home/user/arduino-1.8.15/hardware/tools/avr/bin/../lib/gcc/avr/7.3.0/../../../../avr/lib/avr5/libm.a
START GROUP
LOAD /home/user/arduino-1.8.15/hardware/tools/avr/bin/../lib/gcc/avr/7.3.0/avr5/libgcc.a
LOAD /home/user/arduino-1.8.15/hardware/tools/avr/bin/../lib/gcc/avr/7.3.0/../../../../avr/lib/avr5/libm.a
LOAD /home/user/arduino-1.8.15/hardware/tools/avr/bin/../lib/gcc/avr/7.3.0/../../../../avr/lib/avr5/libc.a
LOAD /home/user/arduino-1.8.15/hardware/tools/avr/bin/../lib/gcc/avr/7.3.0/../../../../avr/lib/avr5/libatmega328p.a
END GROUP
                0x0000000000020000                __TEXT_REGION_LENGTH__ = DEFINED (__TEXT_REGION_LENGTH__)?__TEXT_REGION_LENGTH__:0x20000
                0x000000000000ffa0                __DATA_REGION_LENGTH__ = DEFINED (__DATA_REGION_LENGTH__)?__DATA_REGION_LENGTH__:0xffa0
                0x0000000000010000                __EEPROM_REGION_LENGTH__ = DEFINED (__EEPROM_REGION_LENGTH__)?__EEPROM_REGION_LENGTH__:0x10000
                [0x0000000000000003]                __FUSE_REGION_LENGTH__ = DEFINED (__FUSE_REGION_LENGTH__)?__FUSE_REGION_LENGTH__:0x400
                0x0000000000000400                __LOCK_REGION_LENGTH__ = DEFINED (__LOCK_REGION_LENGTH__)?__LOCK_REGION_LENGTH__:0x400
                0x0000000000000400                __SIGNATURE_REGION_LENGTH__ = DEFINED (__SIGNATURE_REGION_LENGTH__)?__SIGNATURE_REGION_LENGTH__:0x400
                0x0000000000000400                __USER_SIGNATURE_REGION_LENGTH__ = DEFINED (__USER_SIGNATURE_REGION_LENGTH__)?__USER_SIGNATURE_REGION_LENGTH__:0x400
                0x0000000000800060                __DATA_REGION_ORIGIN__ = DEFINED (__DATA_REGION_ORIGIN__)?__DATA_REGION_ORIGIN__:0x800060

.hash
 *(.hash)

.dynsym
 *(.dynsym)

.dynstr
 *(.dynstr)

.gnu.version
 *(.gnu.version)

.gnu.version_d
 *(.gnu.version_d)

.gnu.version_r
 *(.gnu.version_r)

.rel.init
 *(.rel.init)

.rela.init
 *(.rela.init)

.rel.text
 *(.rel.text)
 *(.rel.text.*)
 *(.rel.gnu.linkonce.t*)

.rela.text
 *(.rela.text)
 *(.rela.text.*)
 *(.rela.gnu.linkonce.t*)

.rel.fini
 *(.rel.fini)

.rela.fini
 *(.rela.fini)

.rel.rodata
 *(.rel.rodata)
 *(.rel.rodata.*)
 *(.rel.gnu.linkonce.r*)

.rela.rodata
 *(.rela.rodata)
 *(.rela.rodata.*)
 *(.rela.gnu.linkonce.r*)

.rel.data
 *(.rel.data)
 *(.rel.data.*)
 *(.rel.gnu.linkonce.d*)

.rela.data
 *(.rela.data)
 *(.rela.data.*)
 *(.rela.gnu.linkonce.d*)

.rel.ctors
 *(.rel.ctors)

.rela.ctors
 *(.rela.ctors)

.rel.dtors
 *(.rel.dtors)

.rela.dtors
 *(.rela.dtors)

.rel.got
 *(.rel.got)

.rela.got
 *(.rela.got)

.rel.bss
 *(.rel.bss)

.rela.bss
 *(.rela.bss)

.rel.plt
 *(.rel.plt)

.rela.plt
 *(.rela.plt)

.text           0x0000000000000000     0x1950
 *(.vectors)
 .vectors       0x0000000000000000       0x68 /home/user/arduino-1.8.15/hardware/tools/avr/bin/../lib/gcc/avr/7.3.0/../../../../avr/lib/avr5/crtatmega328p.o
                0x0000000000000000                __vectors
 *(.vectors)
 *(.progmem.gcc*)
                0x0000000000000068                . = ALIGN (0x2)
                0x0000000000000068                __trampolines_start = .
 *(.trampolines)
 .trampolines   0x0000000000000068        0x0 linker stubs
 *(.trampolines*)
                0x0000000000000068                __trampolines_end = .
 *libprintf_flt.a:*(.progmem.data)
 *libc.a:*(.progmem.data)
 *(.progmem*)
 .progmem.data.digital_pin_to_timer_PGM
                0x0000000000000068       0x14 /home/user/Osek/OSEK-3/erika/lib/libarduinosdk.a(wiring_digital.c.o)
                0x0000000000000068                digital_pin_to_timer_PGM
 .progmem.data.digital_pin_to_bit_mask_PGM
                0x000000000000007c       0x14 /home/user/Osek/OSEK-3/erika/lib/libarduinosdk.a(wiring_digital.c.o)
                0x000000000000007c                digital_pin_to_bit_mask_PGM
 .progmem.data.digital_pin_to_port_PGM
                0x0000000000000090       0x14 /home/user/Osek/OSEK-3/erika/lib/libarduinosdk.a(wiring_digital.c.o)
                0x0000000000000090                digital_pin_to_port_PGM
 .progmem.data.port_to_input_PGM
                0x00000000000000a4        0xa /home/user/Osek/OSEK-3/erika/lib/libarduinosdk.a(wiring_digital.c.o)
                0x00000000000000a4                port_to_input_PGM
 .progmem.data.port_to_output_PGM
                0x00000000000000ae        0xa /home/user/Osek/OSEK-3/erika/lib/libarduinosdk.a(wiring_digital.c.o)
                0x00000000000000ae                port_to_output_PGM
 .progmem.data.port_to_mode_PGM
                0x00000000000000b8        0xa /home/user/Osek/OSEK-3/erika/lib/libarduinosdk.a(wiring_digital.c.o)
                0x00000000000000b8                port_to_mode_PGM
                0x00000000000000c2                . = ALIGN (0x2)
 *(.jumptables)
 *(.jumptables*)
 *(.lowtext)
 *(.lowtext*)
                0x00000000000000c2                __ctors_start = .
 *(.ctors)
 .ctors         0x00000000000000c2        0x2 /home/user/Osek/OSEK-3/erika/lib/libarduinosdk.a(HardwareSerial0.cpp.o)
                0x00000000000000c4                __ctors_end = .
                0x00000000000000c4                __dtors_start = .
 *(.dtors)
                0x00000000000000c4                __dtors_end = .
 SORT(*)(.ctors)
 SORT(*)(.dtors)
 *(.init0)
 .init0         0x00000000000000c4        0x0 /home/user/arduino-1.8.15/hardware/tools/avr/bin/../lib/gcc/avr/7.3.0/../../../../avr/lib/avr5/crtatmega328p.o
                0x00000000000000c4                __init
 *(.init0)
 *(.init1)
 *(.init1)
 *(.init2)
 .init2         0x00000000000000c4        0xc /home/user/arduino-1.8.15/hardware/tools/avr/bin/../lib/gcc/avr/7.3.0/../../../../avr/lib/avr5/crtatmega328p.o
 *(.init2)
 *(.init3)
 *(.init3)
 *(.init4)
 .init4         0x00000000000000d0       0x16 /home/user/arduino-1.8.15/hardware/tools/avr/bin/../lib/gcc/avr/7.3.0/avr5/libgcc.a(_copy_data.o)
                0x00000000000000d0                __do_copy_data
 .init4         0x00000000000000e6       0x10 /home/user/arduino-1.8.15/hardware/tools/avr/bin/../lib/gcc/avr/7.3.0/avr5/libgcc.a(_clear_bss.o)
                0x00000000000000e6                __do_clear_bss
 *(.init4)
 *(.init5)
 *(.init5)
 *(.init6)
 .init6         0x00000000000000f6       0x16 /home/user/arduino-1.8.15/hardware/tools/avr/bin/../lib/gcc/avr/7.3.0/avr5/libgcc.a(_ctors.o)
                0x00000000000000f6                __do_global_ctors
 *(.init6)
 *(.init7)
 *(.init7)
 *(.init8)
 *(.init8)
 *(.init9)
 .init9         0x000000000000010c        0x8 /home/user/arduino-1.8.15/hardware/tools/avr/bin/../lib/gcc/avr/7.3.0/../../../../avr/lib/avr5/crtatmega328p.o
 *(.init9)
 *(.text)
 .text          0x0000000000000114        0x4 /home/user/arduino-1.8.15/hardware/tools/avr/bin/../lib/gcc/avr/7.3.0/../../../../avr/lib/avr5/crtatmega328p.o
                0x0000000000000114                __vector_22
                0x0000000000000114                __vector_24
                0x0000000000000114                __vector_12
                0x0000000000000114                __bad_interrupt
                0x0000000000000114                __vector_6
                0x0000000000000114                __vector_3
                0x0000000000000114                __vector_23
                0x0000000000000114                __vector_25
                0x0000000000000114                __vector_13
                0x0000000000000114                __vector_17
                0x0000000000000114                __vector_7
                0x0000000000000114                __vector_5
                0x0000000000000114                __vector_4
                0x0000000000000114                __vector_9
                0x0000000000000114                __vector_2
                0x0000000000000114                __vector_21
                0x0000000000000114                __vector_15
                0x0000000000000114                __vector_8
                0x0000000000000114                __vector_14
                0x0000000000000114                __vector_10
                0x0000000000000114                __vector_20
 .text          0x0000000000000118       0xe4 /home/user/Osek/OSEK-3/erika/lib/libee.a(ee_avr8_asm.S.o)
                0x0000000000000118                osEE_hal_save_ctx_and_restore_ctx
                0x0000000000000158                osEE_hal_restore_ctx
                0x0000000000000198                osEE_hal_ready2stacked
                0x00000000000001a8                osEE_hal_save_ctx_and_ready2stacked
                0x00000000000001e8                osEE_hal_terminate_ctx
                0x00000000000001fc                . = ALIGN (0x2)
 *(.text.*)
 .text.idle_hook
                0x00000000000001fc       0x78 obj/code.cpp.o
                0x00000000000001fc                idle_hook
 .text.setup    0x0000000000000274       0xca obj/code.cpp.o
                0x0000000000000274                setup
 .text.startup.main
                0x000000000000033e       0x16 obj/code.cpp.o
                0x000000000000033e                main
 .text.serial_print
                0x0000000000000354       0x20 obj/debug.cpp.o
                0x0000000000000354                serial_print
 .text.task1_alarm_callback
                0x0000000000000374        0x6 obj/task.cpp.o
                0x0000000000000374                task1_alarm_callback
 .text.ButtonISR
                0x000000000000037a        0x6 obj/task.cpp.o
                0x000000000000037a                ButtonISR
 .text.task2_count_set
                0x0000000000000380        0xa obj/task.cpp.o
                0x0000000000000380                task2_count_set
 .text.long_operation
                0x000000000000038a        0xc obj/task.cpp.o
                0x000000000000038a                long_operation
 .text.FuncTask1
                0x0000000000000396       0x4e obj/task.cpp.o
                0x0000000000000396                FuncTask1
 .text.FuncTask2
                0x00000000000003e4       0x68 obj/task.cpp.o
                0x00000000000003e4                FuncTask2
 .text.__vector_16
                0x000000000000044c       0x94 /home/user/Osek/OSEK-3/erika/lib/libarduinosdk.a(wiring.c.o)
                0x000000000000044c                __vector_16
 .text.micros   0x00000000000004e0       0x4a /home/user/Osek/OSEK-3/erika/lib/libarduinosdk.a(wiring.c.o)
                0x00000000000004e0                micros
 .text.delay    0x000000000000052a       0x72 /home/user/Osek/OSEK-3/erika/lib/libarduinosdk.a(wiring.c.o)
                0x000000000000052a                delay
 .text.init     0x000000000000059c       0x76 /home/user/Osek/OSEK-3/erika/lib/libarduinosdk.a(wiring.c.o)
                0x000000000000059c                init
 .text.turnOffPWM
                0x0000000000000612       0x52 /home/user/Osek/OSEK-3/erika/lib/libarduinosdk.a(wiring_digital.c.o)
 .text.pinMode  0x0000000000000664       0x78 /home/user/Osek/OSEK-3/erika/lib/libarduinosdk.a(wiring_digital.c.o)
                0x0000000000000664                pinMode
 .text.digitalWrite
                0x00000000000006dc       0x5c /home/user/Osek/OSEK-3/erika/lib/libarduinosdk.a(wiring_digital.c.o)
                0x00000000000006dc                digitalWrite
 .text.digitalRead
                0x0000000000000738       0x52 /home/user/Osek/OSEK-3/erika/lib/libarduinosdk.a(wiring_digital.c.o)
                0x0000000000000738                digitalRead
 .text._ZN14HardwareSerial9availableEv
                0x000000000000078a       0x18 /home/user/Osek/OSEK-3/erika/lib/libarduinosdk.a(HardwareSerial.cpp.o)
                0x000000000000078a                _ZN14HardwareSerial9availableEv
 .text._ZN14HardwareSerial4peekEv
                0x00000000000007a2       0x1c /home/user/Osek/OSEK-3/erika/lib/libarduinosdk.a(HardwareSerial.cpp.o)
                0x00000000000007a2                _ZN14HardwareSerial4peekEv
 .text._ZN14HardwareSerial4readEv
                0x00000000000007be       0x28 /home/user/Osek/OSEK-3/erika/lib/libarduinosdk.a(HardwareSerial.cpp.o)
                0x00000000000007be                _ZN14HardwareSerial4readEv
 .text._ZN14HardwareSerial17availableForWriteEv
                0x00000000000007e6       0x1e /home/user/Osek/OSEK-3/erika/lib/libarduinosdk.a(HardwareSerial.cpp.o)
                0x00000000000007e6                _ZN14HardwareSerial17availableForWriteEv
 .text._Z14serialEventRunv
                0x0000000000000804       0x1c /home/user/Osek/OSEK-3/erika/lib/libarduinosdk.a(HardwareSerial.cpp.o)
                0x0000000000000804                _Z14serialEventRunv
 .text._ZN14HardwareSerial17_tx_udr_empty_irqEv
                0x0000000000000820       0x44 /home/user/Osek/OSEK-3/erika/lib/libarduinosdk.a(HardwareSerial.cpp.o)
                0x0000000000000820                _ZN14HardwareSerial17_tx_udr_empty_irqEv
 .text._ZN14HardwareSerial5flushEv
                0x0000000000000864       0x40 /home/user/Osek/OSEK-3/erika/lib/libarduinosdk.a(HardwareSerial.cpp.o)
                0x0000000000000864                _ZN14HardwareSerial5flushEv
 .text._ZN14HardwareSerial5writeEh
                0x00000000000008a4       0x9a /home/user/Osek/OSEK-3/erika/lib/libarduinosdk.a(HardwareSerial.cpp.o)
                0x00000000000008a4                _ZN14HardwareSerial5writeEh
 .text._ZN14HardwareSerial5beginEmh
                0x000000000000093e       0xc4 /home/user/Osek/OSEK-3/erika/lib/libarduinosdk.a(HardwareSerial.cpp.o)
                0x000000000000093e                _ZN14HardwareSerial5beginEmh
 .text.__vector_18
                0x0000000000000a02       0x64 /home/user/Osek/OSEK-3/erika/lib/libarduinosdk.a(HardwareSerial0.cpp.o)
                0x0000000000000a02                __vector_18
 .text.__vector_19
                0x0000000000000a66       0x4c /home/user/Osek/OSEK-3/erika/lib/libarduinosdk.a(HardwareSerial0.cpp.o)
                0x0000000000000a66                __vector_19
 .text._Z17Serial0_availablev
                0x0000000000000ab2       0x14 /home/user/Osek/OSEK-3/erika/lib/libarduinosdk.a(HardwareSerial0.cpp.o)
                0x0000000000000ab2                _Z17Serial0_availablev
 .text.startup._GLOBAL__sub_I___vector_18
                0x0000000000000ac6       0x5a /home/user/Osek/OSEK-3/erika/lib/libarduinosdk.a(HardwareSerial0.cpp.o)
 .text._ZN5Print5writeEPKhj
                0x0000000000000b20       0x5a /home/user/Osek/OSEK-3/erika/lib/libarduinosdk.a(Print.cpp.o)
                0x0000000000000b20                _ZN5Print5writeEPKhj
 .text._ZN5Print5writeEPKc.part.2
                0x0000000000000b7a       0x1e /home/user/Osek/OSEK-3/erika/lib/libarduinosdk.a(Print.cpp.o)
 .text._ZN5Print5printEc
                0x0000000000000b98        0xe /home/user/Osek/OSEK-3/erika/lib/libarduinosdk.a(Print.cpp.o)
                0x0000000000000b98                _ZN5Print5printEc
 .text._ZN5Print7printlnEv
                0x0000000000000ba6        0x8 /home/user/Osek/OSEK-3/erika/lib/libarduinosdk.a(Print.cpp.o)
                0x0000000000000ba6                _ZN5Print7printlnEv
 .text._ZN5Print7printlnEPKc
                0x0000000000000bae       0x2e /home/user/Osek/OSEK-3/erika/lib/libarduinosdk.a(Print.cpp.o)
                0x0000000000000bae                _ZN5Print7printlnEPKc
 .text._ZN5Print11printNumberEmh
                0x0000000000000bdc       0x98 /home/user/Osek/OSEK-3/erika/lib/libarduinosdk.a(Print.cpp.o)
                0x0000000000000bdc                _ZN5Print11printNumberEmh
 .text._ZN5Print5printEli
                0x0000000000000c74       0x90 /home/user/Osek/OSEK-3/erika/lib/libarduinosdk.a(Print.cpp.o)
                0x0000000000000c74                _ZN5Print5printEli
 .text._ZN5Print5printEii
                0x0000000000000d04        0xe /home/user/Osek/OSEK-3/erika/lib/libarduinosdk.a(Print.cpp.o)
                0x0000000000000d04                _ZN5Print5printEii
 .text.__empty  0x0000000000000d12        0x2 /home/user/Osek/OSEK-3/erika/lib/libarduinosdk.a(hooks.c.o)
                0x0000000000000d12                yield
 .text.StartOS  0x0000000000000d14      0x1b4 /home/user/Osek/OSEK-3/erika/lib/libee.a(ee_oo_api_osek.c.o)
                0x0000000000000d14                StartOS
 .text.GetActiveApplicationMode
                0x0000000000000ec8       0x18 /home/user/Osek/OSEK-3/erika/lib/libee.a(ee_oo_api_osek.c.o)
                0x0000000000000ec8                GetActiveApplicationMode
 .text.ActivateTask
                0x0000000000000ee0       0x52 /home/user/Osek/OSEK-3/erika/lib/libee.a(ee_oo_api_osek.c.o)
                0x0000000000000ee0                ActivateTask
 .text.TerminateTask
                0x0000000000000f32       0x1e /home/user/Osek/OSEK-3/erika/lib/libee.a(ee_oo_api_osek.c.o)
                0x0000000000000f32                TerminateTask
 .text.GetResource
                0x0000000000000f50       0x70 /home/user/Osek/OSEK-3/erika/lib/libee.a(ee_oo_api_osek.c.o)
                0x0000000000000f50                GetResource
 .text.ReleaseResource
                0x0000000000000fc0       0x90 /home/user/Osek/OSEK-3/erika/lib/libee.a(ee_oo_api_osek.c.o)
                0x0000000000000fc0                ReleaseResource
 .text.osEE_scheduler_task_end
                0x0000000000001050       0x30 /home/user/Osek/OSEK-3/erika/lib/libee.a(ee_oo_sched_entry_points.c.o)
                0x0000000000001050                osEE_scheduler_task_end
 .text.osEE_scheduler_task_wrapper_restore
                0x0000000000001080        0x2 /home/user/Osek/OSEK-3/erika/lib/libee.a(ee_oo_sched_entry_points.c.o)
                0x0000000000001080                osEE_scheduler_task_wrapper_restore
 .text.osEE_scheduler_task_wrapper_run
                0x0000000000001082       0x24 /home/user/Osek/OSEK-3/erika/lib/libee.a(ee_oo_sched_entry_points.c.o)
                0x0000000000001082                osEE_scheduler_task_wrapper_run
 .text.osEE_idle_hook_wrapper
                0x00000000000010a6       0x54 /home/user/Osek/OSEK-3/erika/lib/libee.a(ee_oo_sched_entry_points.c.o)
                0x00000000000010a6                osEE_idle_hook_wrapper
 .text.osEE_scheduler_core_rq_preempt_stk
                0x00000000000010fa       0xae /home/user/Osek/OSEK-3/erika/lib/libee.a(ee_oo_scheduler.c.o)
                0x00000000000010fa                osEE_scheduler_core_rq_preempt_stk
 .text.osEE_sn_priority_insert
                0x00000000000011a8       0xaa /home/user/Osek/OSEK-3/erika/lib/libee.a(ee_oo_scheduler.c.o)
                0x00000000000011a8                osEE_sn_priority_insert
 .text.osEE_scheduler_rq_insert
                0x0000000000001252        0xe /home/user/Osek/OSEK-3/erika/lib/libee.a(ee_oo_scheduler.c.o)
                0x0000000000001252                osEE_scheduler_rq_insert
 .text.osEE_scheduler_core_pop_running
                0x0000000000001260       0x54 /home/user/Osek/OSEK-3/erika/lib/libee.a(ee_oo_scheduler.c.o)
                0x0000000000001260                osEE_scheduler_core_pop_running
 .text.osEE_scheduler_task_activated
                0x00000000000012b4       0xcc /home/user/Osek/OSEK-3/erika/lib/libee.a(ee_oo_sched_partitioned.c.o)
                0x00000000000012b4                osEE_scheduler_task_activated
 .text.osEE_scheduler_task_terminated
                0x0000000000001380       0xf0 /home/user/Osek/OSEK-3/erika/lib/libee.a(ee_oo_sched_partitioned.c.o)
                0x0000000000001380                osEE_scheduler_task_terminated
 .text.osEE_scheduler_task_preemption_point
                0x0000000000001470       0x32 /home/user/Osek/OSEK-3/erika/lib/libee.a(ee_oo_sched_partitioned.c.o)
                0x0000000000001470                osEE_scheduler_task_preemption_point
 .text.osEE_scheduler_task_set_running
                0x00000000000014a2       0x50 /home/user/Osek/OSEK-3/erika/lib/libee.a(ee_oo_sched_partitioned.c.o)
                0x00000000000014a2                osEE_scheduler_task_set_running
 .text.osEE_alarm_set_rel
                0x00000000000014f2       0x22 /home/user/Osek/OSEK-3/erika/lib/libee.a(ee_oo_alarm.c.o)
                0x00000000000014f2                osEE_alarm_set_rel
 .text.__vector_default
                0x0000000000001514        0x4 /home/user/Osek/OSEK-3/erika/lib/libee.a(ee_atmega_intvect.c.o)
                0x0000000000001514                __vector_default
                0x0000000000001514                tag___vector_default
 .text.osEE_atmega_intvect
                0x0000000000001518        0x4 /home/user/Osek/OSEK-3/erika/lib/libee.a(ee_atmega_intvect.c.o)
                0x0000000000001518                osEE_atmega_intvect
 .text.__vector_1
                0x000000000000151c       0x10 /home/user/Osek/OSEK-3/erika/lib/libee.a(ee_atmega_intvect.c.o)
                0x000000000000151c                __vector_1
                0x000000000000151c                tag___vector_1
 .text.__vector_11
                0x000000000000152c       0x10 /home/user/Osek/OSEK-3/erika/lib/libee.a(ee_atmega_intvect.c.o)
                0x000000000000152c                __vector_11
                0x000000000000152c                tag___vector_11
 .text.osEE_avr8_isr2_stub
                0x000000000000153c       0x6c /home/user/Osek/OSEK-3/erika/lib/libee.a(ee_avr8_irqstub.c.o)
                0x000000000000153c                osEE_avr8_isr2_stub
 .text.osEE_avr8_system_timer_init
                0x00000000000015a8        0xc /home/user/Osek/OSEK-3/erika/lib/libee.a(ee_atmega_system_timer.c.o)
                0x00000000000015a8                osEE_avr8_system_timer_init
 .text.osEE_avr8_system_timer_handler
                0x00000000000015b4        0xc /home/user/Osek/OSEK-3/erika/lib/libee.a(ee_atmega_system_timer.c.o)
                0x00000000000015b4                osEE_avr8_system_timer_handler
 .text.osEE_change_context_from_running
                0x00000000000015c0       0x36 /home/user/Osek/OSEK-3/erika/lib/libee.a(ee_std_change_context.c.o)
                0x00000000000015c0                osEE_change_context_from_running
 .text.osEE_change_context_from_task_end
                0x00000000000015f6       0x2c /home/user/Osek/OSEK-3/erika/lib/libee.a(ee_std_change_context.c.o)
                0x00000000000015f6                osEE_change_context_from_task_end
 .text.osEE_idle_task_terminate
                0x0000000000001622       0x36 /home/user/Osek/OSEK-3/erika/lib/libee.a(ee_std_change_context.c.o)
                0x0000000000001622                osEE_idle_task_terminate
 .text.osEE_counter_insert_abs_trigger
                0x0000000000001658       0x96 /home/user/Osek/OSEK-3/erika/lib/libee.a(ee_oo_counter.c.o)
                0x0000000000001658                osEE_counter_insert_abs_trigger
 .text.osEE_counter_insert_rel_trigger
                0x00000000000016ee       0x40 /home/user/Osek/OSEK-3/erika/lib/libee.a(ee_oo_counter.c.o)
                0x00000000000016ee                osEE_counter_insert_rel_trigger
 .text.osEE_counter_increment
                0x000000000000172e      0x112 /home/user/Osek/OSEK-3/erika/lib/libee.a(ee_oo_counter.c.o)
                0x000000000000172e                osEE_counter_increment
 .text.OsEE_atmega_startTimer1
                0x0000000000001840       0xbc /home/user/Osek/OSEK-3/erika/lib/libee.a(ee_atmega_timer1ctc.c.o)
                0x0000000000001840                OsEE_atmega_startTimer1
 .text.libgcc.div
                0x00000000000018fc       0x44 /home/user/arduino-1.8.15/hardware/tools/avr/bin/../lib/gcc/avr/7.3.0/avr5/libgcc.a(_udivmodsi4.o)
                0x00000000000018fc                __udivmodsi4
 .text.libgcc   0x0000000000001940        0xc /home/user/arduino-1.8.15/hardware/tools/avr/bin/../lib/gcc/avr/7.3.0/avr5/libgcc.a(_tablejump2.o)
                0x0000000000001940                __tablejump2__
                0x000000000000194c                . = ALIGN (0x2)
 *(.fini9)
 .fini9         0x000000000000194c        0x0 /home/user/arduino-1.8.15/hardware/tools/avr/bin/../lib/gcc/avr/7.3.0/avr5/libgcc.a(_exit.o)
                0x000000000000194c                exit
                0x000000000000194c                _exit
 *(.fini9)
 *(.fini8)
 *(.fini8)
 *(.fini7)
 *(.fini7)
 *(.fini6)
 *(.fini6)
 *(.fini5)
 *(.fini5)
 *(.fini4)
 *(.fini4)
 *(.fini3)
 *(.fini3)
 *(.fini2)
 *(.fini2)
 *(.fini1)
 *(.fini1)
 *(.fini0)
 .fini0         0x000000000000194c        0x4 /home/user/arduino-1.8.15/hardware/tools/avr/bin/../lib/gcc/avr/7.3.0/avr5/libgcc.a(_exit.o)
 *(.fini0)
                0x0000000000001950                _etext = .

.data           0x0000000000800100      0x168 load address 0x0000000000001950
                0x0000000000800100                PROVIDE (__data_start, .)
 *(.data)
 *(.data*)
 .data.startupmode
                0x0000000000800100        0x1 obj/code.cpp.o
                0x0000000000800100                startupmode
 .data.CCB      0x0000000000800101       0x12 obj/ee_applcfg.c.o
                0x0000000000800101                CCB
 .data.sn_array
                0x0000000000800113       0x10 obj/ee_applcfg.c.o
                0x0000000000800113                sn_array
 .data.tcb_array
                0x0000000000800123       0x1e obj/ee_applcfg.c.o
                0x0000000000800123                tcb_array
 *(.gnu.linkonce.d*)
 *(.rodata)
 *(.rodata*)
 .rodata.idle_hook.str1.1
                0x0000000000800141       0x1b obj/code.cpp.o
 .rodata.setup.str1.1
                0x000000000080015c       0x2b obj/code.cpp.o
 .rodata.KDB    0x0000000000800187       0x16 obj/ee_applcfg.c.o
                0x0000000000800187                KDB
 .rodata.CDB    0x000000000080019d       0x10 obj/ee_applcfg.c.o
                0x000000000080019d                CDB
 .rodata.osEE_autostart_trigger_db
                0x00000000008001ad        0xc obj/ee_applcfg.c.o
                0x00000000008001ad                osEE_autostart_trigger_db
 .rodata.trigger_autostart_info_OSDEFAULTAPPMODE
                0x00000000008001b9        0x6 obj/ee_applcfg.c.o
                0x00000000008001b9                trigger_autostart_info_OSDEFAULTAPPMODE
 .rodata.trigger_autostart_info_ModeDecrement
                0x00000000008001bf        0x6 obj/ee_applcfg.c.o
                0x00000000008001bf                trigger_autostart_info_ModeDecrement
 .rodata.trigger_autostart_info_ModeIncrement
                0x00000000008001c5        0x6 obj/ee_applcfg.c.o
                0x00000000008001c5                trigger_autostart_info_ModeIncrement
 .rodata.alarm_db_ptr_array
                0x00000000008001cb        0x2 obj/ee_applcfg.c.o
                0x00000000008001cb                alarm_db_ptr_array
 .rodata.alarm_db_array
                0x00000000008001cd        0xc obj/ee_applcfg.c.o
                0x00000000008001cd                alarm_db_array
 .rodata.counter_db_ptr_array
                0x00000000008001d9        0x2 obj/ee_applcfg.c.o
                0x00000000008001d9                counter_db_ptr_array
 .rodata.counter_db_array
                0x00000000008001db        0x6 obj/ee_applcfg.c.o
                0x00000000008001db                counter_db_array
 .rodata.osEE_autostart_tdb
                0x00000000008001e1        0xc obj/ee_applcfg.c.o
                0x00000000008001e1                osEE_autostart_tdb
 .rodata.tdb_ptr_autostart_ModeIncrement
                0x00000000008001ed        0x2 obj/ee_applcfg.c.o
                0x00000000008001ed                tdb_ptr_autostart_ModeIncrement
 .rodata.res_db_ptr_array
                0x00000000008001ef        0x2 obj/ee_applcfg.c.o
                0x00000000008001ef                res_db_ptr_array
 .rodata.res_db_array
                0x00000000008001f1        0x3 obj/ee_applcfg.c.o
                0x00000000008001f1                res_db_array
 .rodata.tdb_ptr_array
                0x00000000008001f4        0xa obj/ee_applcfg.c.o
                0x00000000008001f4                tdb_ptr_array
 .rodata.tdb_array
                0x00000000008001fe       0x46 obj/ee_applcfg.c.o
                0x00000000008001fe                tdb_array
 .rodata.sdb_array
                0x0000000000800244        0x4 obj/ee_applcfg.c.o
                0x0000000000800244                sdb_array
 .rodata.FuncTask2.str1.1
                0x0000000000800248        0xe obj/task.cpp.o
 .rodata._ZTV14HardwareSerial
                0x0000000000800256       0x12 /home/user/Osek/OSEK-3/erika/lib/libarduinosdk.a(HardwareSerial.cpp.o)
                0x0000000000800256                _ZTV14HardwareSerial
 .rodata._ZN5Print7printlnEv.str1.1
                0x0000000000800268        0xe /home/user/Osek/OSEK-3/erika/lib/libarduinosdk.a(Print.cpp.o)
                                          0x3 (size before relaxing)
 *(.gnu.linkonce.r*)
                0x0000000000800276                . = ALIGN (0x2)
                0x0000000000800276                _edata = .
                0x0000000000800276                PROVIDE (__data_end, .)

.bss            0x0000000000800268       0xbc
                0x0000000000800268                PROVIDE (__bss_start, .)
 *(.bss)
 *(.bss*)
 .bss.main_sp   0x0000000000800268        0x2 obj/code.cpp.o
                0x0000000000800268                main_sp
 .bss.scb_array
                0x000000000080026a        0x2 obj/ee_applcfg.c.o
                0x000000000080026a                scb_array
 .bss.task2_cnt
                0x000000000080026c        0x2 obj/task.cpp.o
                0x000000000080026c                task2_cnt
 .bss.timer0_fract
                0x000000000080026e        0x1 /home/user/Osek/OSEK-3/erika/lib/libarduinosdk.a(wiring.c.o)
 .bss.timer0_millis
                0x000000000080026f        0x4 /home/user/Osek/OSEK-3/erika/lib/libarduinosdk.a(wiring.c.o)
                0x000000000080026f                timer0_millis
 .bss.timer0_overflow_count
                0x0000000000800273        0x4 /home/user/Osek/OSEK-3/erika/lib/libarduinosdk.a(wiring.c.o)
                0x0000000000800273                timer0_overflow_count
 .bss.Serial    0x0000000000800277       0x9d /home/user/Osek/OSEK-3/erika/lib/libarduinosdk.a(HardwareSerial0.cpp.o)
                0x0000000000800277                Serial
 *(COMMON)
 COMMON         0x0000000000800314       0x10 obj/ee_applcfg.c.o
                0x0000000000800314                KCB
                0x0000000000800315                alarm_cb_array
                0x000000000080031d                counter_cb_array
                0x0000000000800321                res_cb_array
                0x0000000000800324                PROVIDE (__bss_end, .)
                0x0000000000001950                __data_load_start = LOADADDR (.data)
                0x0000000000001ab8                __data_load_end = (__data_load_start + SIZEOF (.data))

.noinit         0x0000000000800324        0x0
                [!provide]                        PROVIDE (__noinit_start, .)
 *(.noinit*)
                [!provide]                        PROVIDE (__noinit_end, .)
                0x0000000000800324                _end = .
                [!provide]                        PROVIDE (__heap_start, .)

.eeprom         0x0000000000810000        0x0
 *(.eeprom*)
                0x0000000000810000                __eeprom_end = .

.fuse
 *(.fuse)
 *(.lfuse)
 *(.hfuse)
 *(.efuse)

.lock
 *(.lock*)

.signature
 *(.signature*)

.user_signatures
 *(.user_signatures*)

.stab
 *(.stab)

.stabstr
 *(.stabstr)

.stab.excl
 *(.stab.excl)

.stab.exclstr
 *(.stab.exclstr)

.stab.index
 *(.stab.index)

.stab.indexstr
 *(.stab.indexstr)

.comment        0x0000000000000000       0x11
 *(.comment)
 .comment       0x0000000000000000       0x11 obj/code.cpp.o
                                         0x12 (size before relaxing)
 .comment       0x0000000000000011       0x12 obj/debug.cpp.o
 .comment       0x0000000000000011       0x12 obj/ee_applcfg.c.o
 .comment       0x0000000000000011       0x12 obj/task.cpp.o
 .comment       0x0000000000000011       0x12 /home/user/Osek/OSEK-3/erika/lib/libarduinosdk.a(wiring.c.o)
 .comment       0x0000000000000011       0x12 /home/user/Osek/OSEK-3/erika/lib/libarduinosdk.a(wiring_digital.c.o)
 .comment       0x0000000000000011       0x12 /home/user/Osek/OSEK-3/erika/lib/libarduinosdk.a(HardwareSerial.cpp.o)
 .comment       0x0000000000000011       0x12 /home/user/Osek/OSEK-3/erika/lib/libarduinosdk.a(HardwareSerial0.cpp.o)
 .comment       0x0000000000000011       0x12 /home/user/Osek/OSEK-3/erika/lib/libarduinosdk.a(Print.cpp.o)
 .comment       0x0000000000000011       0x12 /home/user/Osek/OSEK-3/erika/lib/libarduinosdk.a(hooks.c.o)
 .comment       0x0000000000000011       0x12 /home/user/Osek/OSEK-3/erika/lib/libee.a(ee_oo_api_osek.c.o)
 .comment       0x0000000000000011       0x12 /home/user/Osek/OSEK-3/erika/lib/libee.a(ee_oo_sched_entry_points.c.o)
 .comment       0x0000000000000011       0x12 /home/user/Osek/OSEK-3/erika/lib/libee.a(ee_oo_scheduler.c.o)
 .comment       0x0000000000000011       0x12 /home/user/Osek/OSEK-3/erika/lib/libee.a(ee_oo_sched_partitioned.c.o)
 .comment       0x0000000000000011       0x12 /home/user/Osek/OSEK-3/erika/lib/libee.a(ee_oo_alarm.c.o)
 .comment       0x0000000000000011       0x12 /home/user/Osek/OSEK-3/erika/lib/libee.a(ee_atmega_intvect.c.o)
 .comment       0x0000000000000011       0x12 /home/user/Osek/OSEK-3/erika/lib/libee.a(ee_avr8_irqstub.c.o)
 .comment       0x0000000000000011       0x12 /home/user/Osek/OSEK-3/erika/lib/libee.a(ee_atmega_system_timer.c.o)
 .comment       0x0000000000000011       0x12 /home/user/Osek/OSEK-3/erika/lib/libee.a(ee_std_change_context.c.o)
 .comment       0x0000000000000011       0x12 /home/user/Osek/OSEK-3/erika/lib/libee.a(ee_oo_counter.c.o)
 .comment       0x0000000000000011       0x12 /home/user/Osek/OSEK-3/erika/lib/libee.a(ee_atmega_timer1ctc.c.o)

.note.gnu.avr.deviceinfo
                0x0000000000000000       0x40
 .note.gnu.avr.deviceinfo
                0x0000000000000000       0x40 /home/user/arduino-1.8.15/hardware/tools/avr/bin/../lib/gcc/avr/7.3.0/../../../../avr/lib/avr5/crtatmega328p.o

.note.gnu.build-id
 *(.note.gnu.build-id)

.debug
 *(.debug)

.line
 *(.line)

.debug_srcinfo
 *(.debug_srcinfo)

.debug_sfnames
 *(.debug_sfnames)

.debug_aranges  0x0000000000000000      0x5f0
 *(.debug_aranges)
 .debug_aranges
                0x0000000000000000       0x48 /home/user/Osek/OSEK-3/erika/lib/libarduinosdk.a(wiring.c.o)
 .debug_aranges
                0x0000000000000048       0x38 /home/user/Osek/OSEK-3/erika/lib/libarduinosdk.a(wiring_digital.c.o)
 .debug_aranges
                0x0000000000000080       0x68 /home/user/Osek/OSEK-3/erika/lib/libarduinosdk.a(HardwareSerial.cpp.o)
 .debug_aranges
                0x00000000000000e8       0x38 /home/user/Osek/OSEK-3/erika/lib/libarduinosdk.a(HardwareSerial0.cpp.o)
 .debug_aranges
                0x0000000000000120      0x100 /home/user/Osek/OSEK-3/erika/lib/libarduinosdk.a(Print.cpp.o)
 .debug_aranges
                0x0000000000000220       0x20 /home/user/Osek/OSEK-3/erika/lib/libarduinosdk.a(hooks.c.o)
 .debug_aranges
                0x0000000000000240       0xd0 /home/user/Osek/OSEK-3/erika/lib/libee.a(ee_oo_api_osek.c.o)
 .debug_aranges
                0x0000000000000310       0x38 /home/user/Osek/OSEK-3/erika/lib/libee.a(ee_oo_sched_entry_points.c.o)
 .debug_aranges
                0x0000000000000348       0x38 /home/user/Osek/OSEK-3/erika/lib/libee.a(ee_oo_scheduler.c.o)
 .debug_aranges
                0x0000000000000380       0x48 /home/user/Osek/OSEK-3/erika/lib/libee.a(ee_oo_sched_partitioned.c.o)
 .debug_aranges
                0x00000000000003c8       0x38 /home/user/Osek/OSEK-3/erika/lib/libee.a(ee_oo_alarm.c.o)
 .debug_aranges
                0x0000000000000400       0x38 /home/user/Osek/OSEK-3/erika/lib/libee.a(ee_atmega_intvect.c.o)
 .debug_aranges
                0x0000000000000438       0x20 /home/user/Osek/OSEK-3/erika/lib/libee.a(ee_avr8_asm.S.o)
 .debug_aranges
                0x0000000000000458       0x28 /home/user/Osek/OSEK-3/erika/lib/libee.a(ee_avr8_irqstub.c.o)
 .debug_aranges
                0x0000000000000480       0x28 /home/user/Osek/OSEK-3/erika/lib/libee.a(ee_atmega_system_timer.c.o)
 .debug_aranges
                0x00000000000004a8       0x30 /home/user/Osek/OSEK-3/erika/lib/libee.a(ee_std_change_context.c.o)
 .debug_aranges
                0x00000000000004d8       0x38 /home/user/Osek/OSEK-3/erika/lib/libee.a(ee_oo_counter.c.o)
 .debug_aranges
                0x0000000000000510       0x20 /home/user/Osek/OSEK-3/erika/lib/libee.a(ee_atmega_timer1ctc.c.o)
 .debug_aranges
                0x0000000000000530       0x20 /home/user/arduino-1.8.15/hardware/tools/avr/bin/../lib/gcc/avr/7.3.0/avr5/libgcc.a(_udivmodsi4.o)
 .debug_aranges
                0x0000000000000550       0x20 /home/user/arduino-1.8.15/hardware/tools/avr/bin/../lib/gcc/avr/7.3.0/avr5/libgcc.a(_exit.o)
 .debug_aranges
                0x0000000000000570       0x20 /home/user/arduino-1.8.15/hardware/tools/avr/bin/../lib/gcc/avr/7.3.0/avr5/libgcc.a(_copy_data.o)
 .debug_aranges
                0x0000000000000590       0x20 /home/user/arduino-1.8.15/hardware/tools/avr/bin/../lib/gcc/avr/7.3.0/avr5/libgcc.a(_clear_bss.o)
 .debug_aranges
                0x00000000000005b0       0x20 /home/user/arduino-1.8.15/hardware/tools/avr/bin/../lib/gcc/avr/7.3.0/avr5/libgcc.a(_ctors.o)
 .debug_aranges
                0x00000000000005d0       0x20 /home/user/arduino-1.8.15/hardware/tools/avr/bin/../lib/gcc/avr/7.3.0/avr5/libgcc.a(_tablejump2.o)

.debug_pubnames
 *(.debug_pubnames)

.debug_info     0x0000000000000000    0x13fa1
 *(.debug_info .gnu.linkonce.wi.*)
 .debug_info    0x0000000000000000      0x5f4 /home/user/arduino-1.8.15/hardware/tools/avr/bin/../lib/gcc/avr/7.3.0/../../../../avr/lib/avr5/crtatmega328p.o
 .debug_info    0x00000000000005f4      0x44d /home/user/Osek/OSEK-3/erika/lib/libarduinosdk.a(wiring.c.o)
 .debug_info    0x0000000000000a41      0x712 /home/user/Osek/OSEK-3/erika/lib/libarduinosdk.a(wiring_digital.c.o)
 .debug_info    0x0000000000001153     0x206d /home/user/Osek/OSEK-3/erika/lib/libarduinosdk.a(HardwareSerial.cpp.o)
 .debug_info    0x00000000000031c0     0x1ca8 /home/user/Osek/OSEK-3/erika/lib/libarduinosdk.a(HardwareSerial0.cpp.o)
 .debug_info    0x0000000000004e68     0x2bbb /home/user/Osek/OSEK-3/erika/lib/libarduinosdk.a(Print.cpp.o)
 .debug_info    0x0000000000007a23       0x3e /home/user/Osek/OSEK-3/erika/lib/libarduinosdk.a(hooks.c.o)
 .debug_info    0x0000000000007a61     0x2866 /home/user/Osek/OSEK-3/erika/lib/libee.a(ee_oo_api_osek.c.o)
 .debug_info    0x000000000000a2c7     0x108e /home/user/Osek/OSEK-3/erika/lib/libee.a(ee_oo_sched_entry_points.c.o)
 .debug_info    0x000000000000b355     0x104b /home/user/Osek/OSEK-3/erika/lib/libee.a(ee_oo_scheduler.c.o)
 .debug_info    0x000000000000c3a0     0x13d8 /home/user/Osek/OSEK-3/erika/lib/libee.a(ee_oo_sched_partitioned.c.o)
 .debug_info    0x000000000000d778      0xff5 /home/user/Osek/OSEK-3/erika/lib/libee.a(ee_oo_alarm.c.o)
 .debug_info    0x000000000000e76d      0xce3 /home/user/Osek/OSEK-3/erika/lib/libee.a(ee_atmega_intvect.c.o)
 .debug_info    0x000000000000f450       0x72 /home/user/Osek/OSEK-3/erika/lib/libee.a(ee_avr8_asm.S.o)
 .debug_info    0x000000000000f4c2      0xd9b /home/user/Osek/OSEK-3/erika/lib/libee.a(ee_avr8_irqstub.c.o)
 .debug_info    0x000000000001025d      0xcea /home/user/Osek/OSEK-3/erika/lib/libee.a(ee_atmega_system_timer.c.o)
 .debug_info    0x0000000000010f47      0xe32 /home/user/Osek/OSEK-3/erika/lib/libee.a(ee_std_change_context.c.o)
 .debug_info    0x0000000000011d79     0x1183 /home/user/Osek/OSEK-3/erika/lib/libee.a(ee_oo_counter.c.o)
 .debug_info    0x0000000000012efc      0xca3 /home/user/Osek/OSEK-3/erika/lib/libee.a(ee_atmega_timer1ctc.c.o)
 .debug_info    0x0000000000013b9f       0xab /home/user/arduino-1.8.15/hardware/tools/avr/bin/../lib/gcc/avr/7.3.0/avr5/libgcc.a(_udivmodsi4.o)
 .debug_info    0x0000000000013c4a       0xab /home/user/arduino-1.8.15/hardware/tools/avr/bin/../lib/gcc/avr/7.3.0/avr5/libgcc.a(_exit.o)
 .debug_info    0x0000000000013cf5       0xab /home/user/arduino-1.8.15/hardware/tools/avr/bin/../lib/gcc/avr/7.3.0/avr5/libgcc.a(_copy_data.o)
 .debug_info    0x0000000000013da0       0xab /home/user/arduino-1.8.15/hardware/tools/avr/bin/../lib/gcc/avr/7.3.0/avr5/libgcc.a(_clear_bss.o)
 .debug_info    0x0000000000013e4b       0xab /home/user/arduino-1.8.15/hardware/tools/avr/bin/../lib/gcc/avr/7.3.0/avr5/libgcc.a(_ctors.o)
 .debug_info    0x0000000000013ef6       0xab /home/user/arduino-1.8.15/hardware/tools/avr/bin/../lib/gcc/avr/7.3.0/avr5/libgcc.a(_tablejump2.o)

.debug_abbrev   0x0000000000000000     0x3207
 *(.debug_abbrev)
 .debug_abbrev  0x0000000000000000      0x5a2 /home/user/arduino-1.8.15/hardware/tools/avr/bin/../lib/gcc/avr/7.3.0/../../../../avr/lib/avr5/crtatmega328p.o
 .debug_abbrev  0x00000000000005a2      0x1e3 /home/user/Osek/OSEK-3/erika/lib/libarduinosdk.a(wiring.c.o)
 .debug_abbrev  0x0000000000000785      0x1fa /home/user/Osek/OSEK-3/erika/lib/libarduinosdk.a(wiring_digital.c.o)
 .debug_abbrev  0x000000000000097f      0x52a /home/user/Osek/OSEK-3/erika/lib/libarduinosdk.a(HardwareSerial.cpp.o)
 .debug_abbrev  0x0000000000000ea9      0x44e /home/user/Osek/OSEK-3/erika/lib/libarduinosdk.a(HardwareSerial0.cpp.o)
 .debug_abbrev  0x00000000000012f7      0x562 /home/user/Osek/OSEK-3/erika/lib/libarduinosdk.a(Print.cpp.o)
 .debug_abbrev  0x0000000000001859       0x2a /home/user/Osek/OSEK-3/erika/lib/libarduinosdk.a(hooks.c.o)
 .debug_abbrev  0x0000000000001883      0x3e2 /home/user/Osek/OSEK-3/erika/lib/libee.a(ee_oo_api_osek.c.o)
 .debug_abbrev  0x0000000000001c65      0x2cd /home/user/Osek/OSEK-3/erika/lib/libee.a(ee_oo_sched_entry_points.c.o)
 .debug_abbrev  0x0000000000001f32      0x2a1 /home/user/Osek/OSEK-3/erika/lib/libee.a(ee_oo_scheduler.c.o)
 .debug_abbrev  0x00000000000021d3      0x2d9 /home/user/Osek/OSEK-3/erika/lib/libee.a(ee_oo_sched_partitioned.c.o)
 .debug_abbrev  0x00000000000024ac      0x22c /home/user/Osek/OSEK-3/erika/lib/libee.a(ee_oo_alarm.c.o)
 .debug_abbrev  0x00000000000026d8      0x16b /home/user/Osek/OSEK-3/erika/lib/libee.a(ee_atmega_intvect.c.o)
 .debug_abbrev  0x0000000000002843       0x14 /home/user/Osek/OSEK-3/erika/lib/libee.a(ee_avr8_asm.S.o)
 .debug_abbrev  0x0000000000002857      0x1f8 /home/user/Osek/OSEK-3/erika/lib/libee.a(ee_avr8_irqstub.c.o)
 .debug_abbrev  0x0000000000002a4f      0x194 /home/user/Osek/OSEK-3/erika/lib/libee.a(ee_atmega_system_timer.c.o)
 .debug_abbrev  0x0000000000002be3      0x184 /home/user/Osek/OSEK-3/erika/lib/libee.a(ee_std_change_context.c.o)
 .debug_abbrev  0x0000000000002d67      0x2e2 /home/user/Osek/OSEK-3/erika/lib/libee.a(ee_oo_counter.c.o)
 .debug_abbrev  0x0000000000003049      0x146 /home/user/Osek/OSEK-3/erika/lib/libee.a(ee_atmega_timer1ctc.c.o)
 .debug_abbrev  0x000000000000318f       0x14 /home/user/arduino-1.8.15/hardware/tools/avr/bin/../lib/gcc/avr/7.3.0/avr5/libgcc.a(_udivmodsi4.o)
 .debug_abbrev  0x00000000000031a3       0x14 /home/user/arduino-1.8.15/hardware/tools/avr/bin/../lib/gcc/avr/7.3.0/avr5/libgcc.a(_exit.o)
 .debug_abbrev  0x00000000000031b7       0x14 /home/user/arduino-1.8.15/hardware/tools/avr/bin/../lib/gcc/avr/7.3.0/avr5/libgcc.a(_copy_data.o)
 .debug_abbrev  0x00000000000031cb       0x14 /home/user/arduino-1.8.15/hardware/tools/avr/bin/../lib/gcc/avr/7.3.0/avr5/libgcc.a(_clear_bss.o)
 .debug_abbrev  0x00000000000031df       0x14 /home/user/arduino-1.8.15/hardware/tools/avr/bin/../lib/gcc/avr/7.3.0/avr5/libgcc.a(_ctors.o)
 .debug_abbrev  0x00000000000031f3       0x14 /home/user/arduino-1.8.15/hardware/tools/avr/bin/../lib/gcc/avr/7.3.0/avr5/libgcc.a(_tablejump2.o)

.debug_line     0x0000000000000000     0x3e1a
 *(.debug_line .debug_line.* .debug_line_end)
 .debug_line    0x0000000000000000       0x1a /home/user/arduino-1.8.15/hardware/tools/avr/bin/../lib/gcc/avr/7.3.0/../../../../avr/lib/avr5/crtatmega328p.o
 .debug_line    0x000000000000001a      0x335 /home/user/Osek/OSEK-3/erika/lib/libarduinosdk.a(wiring.c.o)
 .debug_line    0x000000000000034f      0x37f /home/user/Osek/OSEK-3/erika/lib/libarduinosdk.a(wiring_digital.c.o)
 .debug_line    0x00000000000006ce      0x564 /home/user/Osek/OSEK-3/erika/lib/libarduinosdk.a(HardwareSerial.cpp.o)
 .debug_line    0x0000000000000c32      0x298 /home/user/Osek/OSEK-3/erika/lib/libarduinosdk.a(HardwareSerial0.cpp.o)
 .debug_line    0x0000000000000eca      0x698 /home/user/Osek/OSEK-3/erika/lib/libarduinosdk.a(Print.cpp.o)
 .debug_line    0x0000000000001562       0x78 /home/user/Osek/OSEK-3/erika/lib/libarduinosdk.a(hooks.c.o)
 .debug_line    0x00000000000015da      0xadd /home/user/Osek/OSEK-3/erika/lib/libee.a(ee_oo_api_osek.c.o)
 .debug_line    0x00000000000020b7      0x28b /home/user/Osek/OSEK-3/erika/lib/libee.a(ee_oo_sched_entry_points.c.o)
 .debug_line    0x0000000000002342      0x336 /home/user/Osek/OSEK-3/erika/lib/libee.a(ee_oo_scheduler.c.o)
 .debug_line    0x0000000000002678      0x418 /home/user/Osek/OSEK-3/erika/lib/libee.a(ee_oo_sched_partitioned.c.o)
 .debug_line    0x0000000000002a90      0x254 /home/user/Osek/OSEK-3/erika/lib/libee.a(ee_oo_alarm.c.o)
 .debug_line    0x0000000000002ce4      0x1d3 /home/user/Osek/OSEK-3/erika/lib/libee.a(ee_atmega_intvect.c.o)
 .debug_line    0x0000000000002eb7       0xdb /home/user/Osek/OSEK-3/erika/lib/libee.a(ee_avr8_asm.S.o)
 .debug_line    0x0000000000002f92      0x1ed /home/user/Osek/OSEK-3/erika/lib/libee.a(ee_avr8_irqstub.c.o)
 .debug_line    0x000000000000317f      0x19f /home/user/Osek/OSEK-3/erika/lib/libee.a(ee_atmega_system_timer.c.o)
 .debug_line    0x000000000000331e      0x222 /home/user/Osek/OSEK-3/erika/lib/libee.a(ee_std_change_context.c.o)
 .debug_line    0x0000000000003540      0x34a /home/user/Osek/OSEK-3/erika/lib/libee.a(ee_oo_counter.c.o)
 .debug_line    0x000000000000388a      0x1e2 /home/user/Osek/OSEK-3/erika/lib/libee.a(ee_atmega_timer1ctc.c.o)
 .debug_line    0x0000000000003a6c      0x122 /home/user/arduino-1.8.15/hardware/tools/avr/bin/../lib/gcc/avr/7.3.0/avr5/libgcc.a(_udivmodsi4.o)
 .debug_line    0x0000000000003b8e       0x62 /home/user/arduino-1.8.15/hardware/tools/avr/bin/../lib/gcc/avr/7.3.0/avr5/libgcc.a(_exit.o)
 .debug_line    0x0000000000003bf0       0x98 /home/user/arduino-1.8.15/hardware/tools/avr/bin/../lib/gcc/avr/7.3.0/avr5/libgcc.a(_copy_data.o)
 .debug_line    0x0000000000003c88       0x86 /home/user/arduino-1.8.15/hardware/tools/avr/bin/../lib/gcc/avr/7.3.0/avr5/libgcc.a(_clear_bss.o)
 .debug_line    0x0000000000003d0e       0x92 /home/user/arduino-1.8.15/hardware/tools/avr/bin/../lib/gcc/avr/7.3.0/avr5/libgcc.a(_ctors.o)
 .debug_line    0x0000000000003da0       0x7a /home/user/arduino-1.8.15/hardware/tools/avr/bin/../lib/gcc/avr/7.3.0/avr5/libgcc.a(_tablejump2.o)

.debug_frame    0x0000000000000000      0xdec
 *(.debug_frame)
 .debug_frame   0x0000000000000000       0xc4 /home/user/Osek/OSEK-3/erika/lib/libarduinosdk.a(wiring.c.o)
 .debug_frame   0x00000000000000c4       0x7c /home/user/Osek/OSEK-3/erika/lib/libarduinosdk.a(wiring_digital.c.o)
 .debug_frame   0x0000000000000140      0x110 /home/user/Osek/OSEK-3/erika/lib/libarduinosdk.a(HardwareSerial.cpp.o)
 .debug_frame   0x0000000000000250       0xc0 /home/user/Osek/OSEK-3/erika/lib/libarduinosdk.a(HardwareSerial0.cpp.o)
 .debug_frame   0x0000000000000310      0x3cc /home/user/Osek/OSEK-3/erika/lib/libarduinosdk.a(Print.cpp.o)
 .debug_frame   0x00000000000006dc       0x24 /home/user/Osek/OSEK-3/erika/lib/libarduinosdk.a(hooks.c.o)
 .debug_frame   0x0000000000000700      0x264 /home/user/Osek/OSEK-3/erika/lib/libee.a(ee_oo_api_osek.c.o)
 .debug_frame   0x0000000000000964       0x78 /home/user/Osek/OSEK-3/erika/lib/libee.a(ee_oo_sched_entry_points.c.o)
 .debug_frame   0x00000000000009dc       0xb0 /home/user/Osek/OSEK-3/erika/lib/libee.a(ee_oo_scheduler.c.o)
 .debug_frame   0x0000000000000a8c      0x11c /home/user/Osek/OSEK-3/erika/lib/libee.a(ee_oo_sched_partitioned.c.o)
 .debug_frame   0x0000000000000ba8       0x60 /home/user/Osek/OSEK-3/erika/lib/libee.a(ee_oo_alarm.c.o)
 .debug_frame   0x0000000000000c08       0x54 /home/user/Osek/OSEK-3/erika/lib/libee.a(ee_atmega_intvect.c.o)
 .debug_frame   0x0000000000000c5c       0x34 /home/user/Osek/OSEK-3/erika/lib/libee.a(ee_avr8_irqstub.c.o)
 .debug_frame   0x0000000000000c90       0x34 /home/user/Osek/OSEK-3/erika/lib/libee.a(ee_atmega_system_timer.c.o)
 .debug_frame   0x0000000000000cc4       0x44 /home/user/Osek/OSEK-3/erika/lib/libee.a(ee_std_change_context.c.o)
 .debug_frame   0x0000000000000d08       0xc0 /home/user/Osek/OSEK-3/erika/lib/libee.a(ee_oo_counter.c.o)
 .debug_frame   0x0000000000000dc8       0x24 /home/user/Osek/OSEK-3/erika/lib/libee.a(ee_atmega_timer1ctc.c.o)

.debug_str      0x0000000000000000     0x3f1c
 *(.debug_str)
 .debug_str     0x0000000000000000      0x208 /home/user/arduino-1.8.15/hardware/tools/avr/bin/../lib/gcc/avr/7.3.0/../../../../avr/lib/avr5/crtatmega328p.o
 .debug_str     0x0000000000000208      0x272 /home/user/Osek/OSEK-3/erika/lib/libarduinosdk.a(wiring.c.o)
                                        0x2c2 (size before relaxing)
 .debug_str     0x000000000000047a       0x97 /home/user/Osek/OSEK-3/erika/lib/libarduinosdk.a(wiring_digital.c.o)
                                        0x29b (size before relaxing)
 .debug_str     0x0000000000000511     0x1489 /home/user/Osek/OSEK-3/erika/lib/libarduinosdk.a(HardwareSerial.cpp.o)
                                       0x1699 (size before relaxing)
 .debug_str     0x000000000000199a      0x141 /home/user/Osek/OSEK-3/erika/lib/libarduinosdk.a(HardwareSerial0.cpp.o)
                                       0x14d4 (size before relaxing)
 .debug_str     0x0000000000001adb      0x406 /home/user/Osek/OSEK-3/erika/lib/libarduinosdk.a(Print.cpp.o)
                                       0x12d0 (size before relaxing)
 .debug_str     0x0000000000001ee1       0x4d /home/user/Osek/OSEK-3/erika/lib/libarduinosdk.a(hooks.c.o)
                                         0xd3 (size before relaxing)
 .debug_str     0x0000000000001f2e     0x161d /home/user/Osek/OSEK-3/erika/lib/libee.a(ee_oo_api_osek.c.o)
                                       0x1923 (size before relaxing)
 .debug_str     0x000000000000354b      0x163 /home/user/Osek/OSEK-3/erika/lib/libee.a(ee_oo_sched_entry_points.c.o)
                                        0xe5b (size before relaxing)
 .debug_str     0x00000000000036ae      0x1b9 /home/user/Osek/OSEK-3/erika/lib/libee.a(ee_oo_scheduler.c.o)
                                        0xd67 (size before relaxing)
 .debug_str     0x0000000000003867      0x201 /home/user/Osek/OSEK-3/erika/lib/libee.a(ee_oo_sched_partitioned.c.o)
                                        0xee9 (size before relaxing)
 .debug_str     0x0000000000003a68       0xd4 /home/user/Osek/OSEK-3/erika/lib/libee.a(ee_oo_alarm.c.o)
                                        0xcc9 (size before relaxing)
 .debug_str     0x0000000000003b3c       0x85 /home/user/Osek/OSEK-3/erika/lib/libee.a(ee_atmega_intvect.c.o)
                                        0xc02 (size before relaxing)
 .debug_str     0x0000000000003bc1       0x74 /home/user/Osek/OSEK-3/erika/lib/libee.a(ee_avr8_irqstub.c.o)
                                        0xc74 (size before relaxing)
 .debug_str     0x0000000000003c35       0x88 /home/user/Osek/OSEK-3/erika/lib/libee.a(ee_atmega_system_timer.c.o)
                                        0xc3a (size before relaxing)
 .debug_str     0x0000000000003cbd       0xaf /home/user/Osek/OSEK-3/erika/lib/libee.a(ee_std_change_context.c.o)
                                        0xcc3 (size before relaxing)
 .debug_str     0x0000000000003d6c      0x141 /home/user/Osek/OSEK-3/erika/lib/libee.a(ee_oo_counter.c.o)
                                        0xdbd (size before relaxing)
 .debug_str     0x0000000000003ead       0x6f /home/user/Osek/OSEK-3/erika/lib/libee.a(ee_atmega_timer1ctc.c.o)
                                        0xc0d (size before relaxing)

.debug_loc      0x0000000000000000     0x5d90
 *(.debug_loc)
 .debug_loc     0x0000000000000000      0x282 /home/user/Osek/OSEK-3/erika/lib/libarduinosdk.a(wiring.c.o)
 .debug_loc     0x0000000000000282      0x658 /home/user/Osek/OSEK-3/erika/lib/libarduinosdk.a(wiring_digital.c.o)
 .debug_loc     0x00000000000008da      0x47c /home/user/Osek/OSEK-3/erika/lib/libarduinosdk.a(HardwareSerial.cpp.o)
 .debug_loc     0x0000000000000d56      0x18a /home/user/Osek/OSEK-3/erika/lib/libarduinosdk.a(HardwareSerial0.cpp.o)
 .debug_loc     0x0000000000000ee0     0x1cde /home/user/Osek/OSEK-3/erika/lib/libarduinosdk.a(Print.cpp.o)
 .debug_loc     0x0000000000002bbe      0xea0 /home/user/Osek/OSEK-3/erika/lib/libee.a(ee_oo_api_osek.c.o)
 .debug_loc     0x0000000000003a5e      0x12b /home/user/Osek/OSEK-3/erika/lib/libee.a(ee_oo_sched_entry_points.c.o)
 .debug_loc     0x0000000000003b89      0x6d4 /home/user/Osek/OSEK-3/erika/lib/libee.a(ee_oo_scheduler.c.o)
 .debug_loc     0x000000000000425d      0xaa1 /home/user/Osek/OSEK-3/erika/lib/libee.a(ee_oo_sched_partitioned.c.o)
 .debug_loc     0x0000000000004cfe      0x48b /home/user/Osek/OSEK-3/erika/lib/libee.a(ee_oo_alarm.c.o)
 .debug_loc     0x0000000000005189       0x80 /home/user/Osek/OSEK-3/erika/lib/libee.a(ee_avr8_irqstub.c.o)
 .debug_loc     0x0000000000005209      0x312 /home/user/Osek/OSEK-3/erika/lib/libee.a(ee_std_change_context.c.o)
 .debug_loc     0x000000000000551b      0x712 /home/user/Osek/OSEK-3/erika/lib/libee.a(ee_oo_counter.c.o)
 .debug_loc     0x0000000000005c2d      0x163 /home/user/Osek/OSEK-3/erika/lib/libee.a(ee_atmega_timer1ctc.c.o)

.debug_macinfo
 *(.debug_macinfo)

.debug_weaknames
 *(.debug_weaknames)

.debug_funcnames
 *(.debug_funcnames)

.debug_typenames
 *(.debug_typenames)

.debug_varnames
 *(.debug_varnames)

.debug_pubtypes
 *(.debug_pubtypes)

.debug_ranges   0x0000000000000000      0x740
 *(.debug_ranges)
 .debug_ranges  0x0000000000000000       0x38 /home/user/Osek/OSEK-3/erika/lib/libarduinosdk.a(wiring.c.o)
 .debug_ranges  0x0000000000000038       0x40 /home/user/Osek/OSEK-3/erika/lib/libarduinosdk.a(wiring_digital.c.o)
 .debug_ranges  0x0000000000000078       0x70 /home/user/Osek/OSEK-3/erika/lib/libarduinosdk.a(HardwareSerial.cpp.o)
 .debug_ranges  0x00000000000000e8       0x40 /home/user/Osek/OSEK-3/erika/lib/libarduinosdk.a(HardwareSerial0.cpp.o)
 .debug_ranges  0x0000000000000128      0x138 /home/user/Osek/OSEK-3/erika/lib/libarduinosdk.a(Print.cpp.o)
 .debug_ranges  0x0000000000000260       0x10 /home/user/Osek/OSEK-3/erika/lib/libarduinosdk.a(hooks.c.o)
 .debug_ranges  0x0000000000000270      0x1f0 /home/user/Osek/OSEK-3/erika/lib/libee.a(ee_oo_api_osek.c.o)
 .debug_ranges  0x0000000000000460       0x40 /home/user/Osek/OSEK-3/erika/lib/libee.a(ee_oo_sched_entry_points.c.o)
 .debug_ranges  0x00000000000004a0       0x58 /home/user/Osek/OSEK-3/erika/lib/libee.a(ee_oo_scheduler.c.o)
 .debug_ranges  0x00000000000004f8       0x98 /home/user/Osek/OSEK-3/erika/lib/libee.a(ee_oo_sched_partitioned.c.o)
 .debug_ranges  0x0000000000000590       0x40 /home/user/Osek/OSEK-3/erika/lib/libee.a(ee_oo_alarm.c.o)
 .debug_ranges  0x00000000000005d0       0x28 /home/user/Osek/OSEK-3/erika/lib/libee.a(ee_atmega_intvect.c.o)
 .debug_ranges  0x00000000000005f8       0x18 /home/user/Osek/OSEK-3/erika/lib/libee.a(ee_avr8_irqstub.c.o)
 .debug_ranges  0x0000000000000610       0x18 /home/user/Osek/OSEK-3/erika/lib/libee.a(ee_atmega_system_timer.c.o)
 .debug_ranges  0x0000000000000628       0x20 /home/user/Osek/OSEK-3/erika/lib/libee.a(ee_std_change_context.c.o)
 .debug_ranges  0x0000000000000648       0xe8 /home/user/Osek/OSEK-3/erika/lib/libee.a(ee_oo_counter.c.o)
 .debug_ranges  0x0000000000000730       0x10 /home/user/Osek/OSEK-3/erika/lib/libee.a(ee_atmega_timer1ctc.c.o)

.debug_macro
 *(.debug_macro)
OUTPUT(arduino.elf elf32-avr)
LOAD linker stubs
