Archive member included to satisfy reference by file (symbol)

/home/user/Osek/Test-LCD-HD44780/erika/lib/libarduinosdk.a(wiring.c.o)
                              obj/LiquidCrystal.cpp.o (delayMicroseconds)
/home/user/Osek/Test-LCD-HD44780/erika/lib/libarduinosdk.a(wiring_digital.c.o)
                              obj/LiquidCrystal.cpp.o (pinMode)
/home/user/Osek/Test-LCD-HD44780/erika/lib/libarduinosdk.a(HardwareSerial.cpp.o)
                              obj/code.cpp.o (_ZN14HardwareSerial5beginEmh)
/home/user/Osek/Test-LCD-HD44780/erika/lib/libarduinosdk.a(HardwareSerial0.cpp.o)
                              obj/code.cpp.o (Serial)
/home/user/Osek/Test-LCD-HD44780/erika/lib/libarduinosdk.a(Print.cpp.o)
                              obj/LiquidCrystal.cpp.o (_ZN5Print5writeEPKhj)
/home/user/Osek/Test-LCD-HD44780/erika/lib/libarduinosdk.a(hooks.c.o)
                              /home/user/Osek/Test-LCD-HD44780/erika/lib/libarduinosdk.a(wiring.c.o) (yield)
/home/user/Osek/Test-LCD-HD44780/erika/lib/libarduinosdk.a(abi.cpp.o)
                              /home/user/Osek/Test-LCD-HD44780/erika/lib/libarduinosdk.a(Print.cpp.o) (__cxa_pure_virtual)
/home/user/Osek/Test-LCD-HD44780/erika/lib/libee.a(ee_oo_api_osek.c.o)
                              obj/code.cpp.o (StartOS)
/home/user/Osek/Test-LCD-HD44780/erika/lib/libee.a(ee_oo_sched_entry_points.c.o)
                              /home/user/Osek/Test-LCD-HD44780/erika/lib/libee.a(ee_oo_api_osek.c.o) (osEE_scheduler_task_end)
/home/user/Osek/Test-LCD-HD44780/erika/lib/libee.a(ee_oo_scheduler.c.o)
                              /home/user/Osek/Test-LCD-HD44780/erika/lib/libee.a(ee_oo_api_osek.c.o) (osEE_scheduler_rq_insert)
/home/user/Osek/Test-LCD-HD44780/erika/lib/libee.a(ee_oo_sched_partitioned.c.o)
                              /home/user/Osek/Test-LCD-HD44780/erika/lib/libee.a(ee_oo_api_osek.c.o) (osEE_scheduler_task_activated)
/home/user/Osek/Test-LCD-HD44780/erika/lib/libee.a(ee_oo_alarm.c.o)
                              /home/user/Osek/Test-LCD-HD44780/erika/lib/libee.a(ee_oo_api_osek.c.o) (osEE_alarm_set_rel)
/home/user/Osek/Test-LCD-HD44780/erika/lib/libee.a(ee_atmega_intvect.c.o)
                              /home/user/Osek/Test-LCD-HD44780/erika/lib/libee.a(ee_oo_api_osek.c.o) (osEE_atmega_intvect)
/home/user/Osek/Test-LCD-HD44780/erika/lib/libee.a(ee_avr8_asm.S.o)
                              /home/user/Osek/Test-LCD-HD44780/erika/lib/libee.a(ee_oo_api_osek.c.o) (osEE_hal_save_ctx_and_ready2stacked)
/home/user/Osek/Test-LCD-HD44780/erika/lib/libee.a(ee_avr8_irqstub.c.o)
                              /home/user/Osek/Test-LCD-HD44780/erika/lib/libee.a(ee_atmega_intvect.c.o) (osEE_avr8_isr2_stub)
/home/user/Osek/Test-LCD-HD44780/erika/lib/libee.a(ee_atmega_system_timer.c.o)
                              /home/user/Osek/Test-LCD-HD44780/erika/lib/libee.a(ee_oo_api_osek.c.o) (osEE_avr8_system_timer_init)
/home/user/Osek/Test-LCD-HD44780/erika/lib/libee.a(ee_std_change_context.c.o)
                              /home/user/Osek/Test-LCD-HD44780/erika/lib/libee.a(ee_oo_sched_partitioned.c.o) (osEE_change_context_from_running)
/home/user/Osek/Test-LCD-HD44780/erika/lib/libee.a(ee_oo_counter.c.o)
                              /home/user/Osek/Test-LCD-HD44780/erika/lib/libee.a(ee_oo_alarm.c.o) (osEE_counter_insert_abs_trigger)
/home/user/Osek/Test-LCD-HD44780/erika/lib/libee.a(ee_atmega_timer1ctc.c.o)
                              /home/user/Osek/Test-LCD-HD44780/erika/lib/libee.a(ee_atmega_system_timer.c.o) (OsEE_atmega_startTimer1)
/home/user/arduino-1.8.15/hardware/tools/avr/bin/../lib/gcc/avr/7.3.0/../../../../avr/lib/avr5/libm.a(addsf3.o)
                              /home/user/Osek/Test-LCD-HD44780/erika/lib/libarduinosdk.a(Print.cpp.o) (__subsf3)
/home/user/arduino-1.8.15/hardware/tools/avr/bin/../lib/gcc/avr/7.3.0/../../../../avr/lib/avr5/libm.a(addsf3x.o)
                              /home/user/arduino-1.8.15/hardware/tools/avr/bin/../lib/gcc/avr/7.3.0/../../../../avr/lib/avr5/libm.a(addsf3.o) (__addsf3x)
/home/user/arduino-1.8.15/hardware/tools/avr/bin/../lib/gcc/avr/7.3.0/../../../../avr/lib/avr5/libm.a(cmpsf2.o)
                              /home/user/Osek/Test-LCD-HD44780/erika/lib/libarduinosdk.a(Print.cpp.o) (__ltsf2)
/home/user/arduino-1.8.15/hardware/tools/avr/bin/../lib/gcc/avr/7.3.0/../../../../avr/lib/avr5/libm.a(divsf3.o)
                              /home/user/Osek/Test-LCD-HD44780/erika/lib/libarduinosdk.a(Print.cpp.o) (__divsf3)
/home/user/arduino-1.8.15/hardware/tools/avr/bin/../lib/gcc/avr/7.3.0/../../../../avr/lib/avr5/libm.a(divsf3x.o)
                              /home/user/arduino-1.8.15/hardware/tools/avr/bin/../lib/gcc/avr/7.3.0/../../../../avr/lib/avr5/libm.a(divsf3.o) (__divsf3x)
/home/user/arduino-1.8.15/hardware/tools/avr/bin/../lib/gcc/avr/7.3.0/../../../../avr/lib/avr5/libm.a(fixunssfsi.o)
                              /home/user/Osek/Test-LCD-HD44780/erika/lib/libarduinosdk.a(Print.cpp.o) (__fixunssfsi)
[...]
Memory Configuration

Name             Origin             Length             Attributes
text             0x0000000000000000 0x0000000000020000 xr
data             0x0000000000800060 0x000000000000ffa0 rw !x
eeprom           0x0000000000810000 0x0000000000010000 rw !x
fuse             0x0000000000820000 0x0000000000000003 rw !x
lock             0x0000000000830000 0x0000000000000400 rw !x
signature        0x0000000000840000 0x0000000000000400 rw !x
user_signatures  0x0000000000850000 0x0000000000000400 rw !x
*default*        0x0000000000000000 0xffffffffffffffff

Linker script and memory map

Address of section .data set to 0x800100
LOAD /home/user/arduino-1.8.15/hardware/tools/avr/bin/../lib/gcc/avr/7.3.0/../../../../avr/lib/avr5/crtatmega328p.o
LOAD obj/LiquidCrystal.cpp.o
LOAD obj/code.cpp.o
LOAD obj/debug.cpp.o
LOAD obj/ee_applcfg.c.o
LOAD obj/task.cpp.o
START GROUP
LOAD /home/user/Osek/Test-LCD-HD44780/erika/lib/libarduinosdk.a
LOAD /home/user/Osek/Test-LCD-HD44780/erika/lib/libee.a
END GROUP
LOAD /home/user/arduino-1.8.15/hardware/tools/avr/bin/../lib/gcc/avr/7.3.0/../../../../avr/lib/avr5/libm.a
START GROUP
LOAD /home/user/arduino-1.8.15/hardware/tools/avr/bin/../lib/gcc/avr/7.3.0/avr5/libgcc.a
LOAD /home/user/arduino-1.8.15/hardware/tools/avr/bin/../lib/gcc/avr/7.3.0/../../../../avr/lib/avr5/libm.a
LOAD /home/user/arduino-1.8.15/hardware/tools/avr/bin/../lib/gcc/avr/7.3.0/../../../../avr/lib/avr5/libc.a
LOAD /home/user/arduino-1.8.15/hardware/tools/avr/bin/../lib/gcc/avr/7.3.0/../../../../avr/lib/avr5/libatmega328p.a
END GROUP
                0x0000000000020000                __TEXT_REGION_LENGTH__ = DEFINED (__TEXT_REGION_LENGTH__)?__TEXT_REGION_LENGTH__:0x20000
                0x000000000000ffa0                __DATA_REGION_LENGTH__ = DEFINED (__DATA_REGION_LENGTH__)?__DATA_REGION_LENGTH__:0xffa0
                0x0000000000010000                __EEPROM_REGION_LENGTH__ = DEFINED (__EEPROM_REGION_LENGTH__)?__EEPROM_REGION_LENGTH__:0x10000
                [0x0000000000000003]                __FUSE_REGION_LENGTH__ = DEFINED (__FUSE_REGION_LENGTH__)?__FUSE_REGION_LENGTH__:0x400
                0x0000000000000400                __LOCK_REGION_LENGTH__ = DEFINED (__LOCK_REGION_LENGTH__)?__LOCK_REGION_LENGTH__:0x400
                0x0000000000000400                __SIGNATURE_REGION_LENGTH__ = DEFINED (__SIGNATURE_REGION_LENGTH__)?__SIGNATURE_REGION_LENGTH__:0x400
                0x0000000000000400                __USER_SIGNATURE_REGION_LENGTH__ = DEFINED (__USER_SIGNATURE_REGION_LENGTH__)?__USER_SIGNATURE_REGION_LENGTH__:0x400
                0x0000000000800060                __DATA_REGION_ORIGIN__ = DEFINED (__DATA_REGION_ORIGIN__)?__DATA_REGION_ORIGIN__:0x800060

.hash
 *(.hash)

.dynsym
 *(.dynsym)

.dynstr
 *(.dynstr)

.gnu.version
 *(.gnu.version)

.gnu.version_d
 *(.gnu.version_d)

.gnu.version_r
 *(.gnu.version_r)

.rel.init
 *(.rel.init)

.rela.init
 *(.rela.init)

.rel.text
 *(.rel.text)
 *(.rel.text.*)
 *(.rel.gnu.linkonce.t*)

.rela.text
 *(.rela.text)
 *(.rela.text.*)
 *(.rela.gnu.linkonce.t*)

.rel.fini
 *(.rel.fini)

.rela.fini
 *(.rela.fini)

.rel.rodata
 *(.rel.rodata)
 *(.rel.rodata.*)
 *(.rel.gnu.linkonce.r*)

.rela.rodata
 *(.rela.rodata)
 *(.rela.rodata.*)
 *(.rela.gnu.linkonce.r*)

.rel.data
 *(.rel.data)
 *(.rel.data.*)
 *(.rel.gnu.linkonce.d*)

.rela.data
 *(.rela.data)
 *(.rela.data.*)
 *(.rela.gnu.linkonce.d*)

.rel.ctors
 *(.rel.ctors)

.rela.ctors
 *(.rela.ctors)

.rel.dtors
 *(.rel.dtors)

.rela.dtors
 *(.rela.dtors)

.rel.got
 *(.rel.got)

.rela.got
 *(.rela.got)

.rel.bss
 *(.rel.bss)

.rela.bss
 *(.rela.bss)

.rel.plt
 *(.rel.plt)

.rela.plt
 *(.rela.plt)

.text           0x0000000000000000     0x1e80
 *(.vectors)
 .vectors       0x0000000000000000       0x68 /home/user/arduino-1.8.15/hardware/tools/avr/bin/../lib/gcc/avr/7.3.0/../../../../avr/lib/avr5/crtatmega328p.o
                0x0000000000000000                __vectors
 *(.vectors)
 *(.progmem.gcc*)
                0x0000000000000068                . = ALIGN (0x2)
                0x0000000000000068                __trampolines_start = .
 *(.trampolines)
 .trampolines   0x0000000000000068        0x0 linker stubs
 *(.trampolines*)
                0x0000000000000068                __trampolines_end = .
 *libprintf_flt.a:*(.progmem.data)
 *libc.a:*(.progmem.data)
 *(.progmem*)
 .progmem.data.digital_pin_to_timer_PGM
                0x0000000000000068       0x14 /home/user/Osek/Test-LCD-HD44780/erika/lib/libarduinosdk.a(wiring_digital.c.o)
                0x0000000000000068                digital_pin_to_timer_PGM
 .progmem.data.digital_pin_to_bit_mask_PGM
                0x000000000000007c       0x14 /home/user/Osek/Test-LCD-HD44780/erika/lib/libarduinosdk.a(wiring_digital.c.o)
                0x000000000000007c                digital_pin_to_bit_mask_PGM
 .progmem.data.digital_pin_to_port_PGM
                0x0000000000000090       0x14 /home/user/Osek/Test-LCD-HD44780/erika/lib/libarduinosdk.a(wiring_digital.c.o)
                0x0000000000000090                digital_pin_to_port_PGM
 .progmem.data.port_to_output_PGM
                0x00000000000000a4        0xa /home/user/Osek/Test-LCD-HD44780/erika/lib/libarduinosdk.a(wiring_digital.c.o)
                0x00000000000000a4                port_to_output_PGM
 .progmem.data.port_to_mode_PGM
                0x00000000000000ae        0xa /home/user/Osek/Test-LCD-HD44780/erika/lib/libarduinosdk.a(wiring_digital.c.o)
                0x00000000000000ae                port_to_mode_PGM
                0x00000000000000b8                . = ALIGN (0x2)
 *(.jumptables)
 *(.jumptables*)
 *(.lowtext)
 *(.lowtext*)
                0x00000000000000b8                __ctors_start = .
 *(.ctors)
 .ctors         0x00000000000000b8        0x2 obj/task.cpp.o
 .ctors         0x00000000000000ba        0x2 /home/user/Osek/Test-LCD-HD44780/erika/lib/libarduinosdk.a(HardwareSerial0.cpp.o)
                0x00000000000000bc                __ctors_end = .
                0x00000000000000bc                __dtors_start = .
 *(.dtors)
                0x00000000000000bc                __dtors_end = .
 SORT(*)(.ctors)
 SORT(*)(.dtors)
 *(.init0)
 .init0         0x00000000000000bc        0x0 /home/user/arduino-1.8.15/hardware/tools/avr/bin/../lib/gcc/avr/7.3.0/../../../../avr/lib/avr5/crtatmega328p.o
                0x00000000000000bc                __init
 *(.init0)
 *(.init1)
 *(.init1)
 *(.init2)
 .init2         0x00000000000000bc        0xc /home/user/arduino-1.8.15/hardware/tools/avr/bin/../lib/gcc/avr/7.3.0/../../../../avr/lib/avr5/crtatmega328p.o
 *(.init2)
 *(.init3)
 *(.init3)
 *(.init4)
 .init4         0x00000000000000c8       0x16 /home/user/arduino-1.8.15/hardware/tools/avr/bin/../lib/gcc/avr/7.3.0/avr5/libgcc.a(_copy_data.o)
                0x00000000000000c8                __do_copy_data
 .init4         0x00000000000000de       0x10 /home/user/arduino-1.8.15/hardware/tools/avr/bin/../lib/gcc/avr/7.3.0/avr5/libgcc.a(_clear_bss.o)
                0x00000000000000de                __do_clear_bss
 *(.init4)
 *(.init5)
 *(.init5)
 *(.init6)
 .init6         0x00000000000000ee       0x16 /home/user/arduino-1.8.15/hardware/tools/avr/bin/../lib/gcc/avr/7.3.0/avr5/libgcc.a(_ctors.o)
                0x00000000000000ee                __do_global_ctors
 *(.init6)
 *(.init7)
 *(.init7)
 *(.init8)
 *(.init8)
 *(.init9)
 .init9         0x0000000000000104        0x8 /home/user/arduino-1.8.15/hardware/tools/avr/bin/../lib/gcc/avr/7.3.0/../../../../avr/lib/avr5/crtatmega328p.o
 *(.init9)
 *(.text)
 .text          0x000000000000010c        0x4 /home/user/arduino-1.8.15/hardware/tools/avr/bin/../lib/gcc/avr/7.3.0/../../../../avr/lib/avr5/crtatmega328p.o
                0x000000000000010c                __vector_22
                0x000000000000010c                __vector_1
                0x000000000000010c                __vector_24
                0x000000000000010c                __vector_12
                0x000000000000010c                __bad_interrupt
                0x000000000000010c                __vector_6
                0x000000000000010c                __vector_3
                0x000000000000010c                __vector_23
                0x000000000000010c                __vector_25
                0x000000000000010c                __vector_13
                0x000000000000010c                __vector_17
                0x000000000000010c                __vector_7
                0x000000000000010c                __vector_5
                0x000000000000010c                __vector_4
                0x000000000000010c                __vector_9
                0x000000000000010c                __vector_2
                0x000000000000010c                __vector_21
                0x000000000000010c                __vector_15
                0x000000000000010c                __vector_8
                0x000000000000010c                __vector_14
                0x000000000000010c                __vector_10
                0x000000000000010c                __vector_20
 .text          0x0000000000000110       0xe4 /home/user/Osek/Test-LCD-HD44780/erika/lib/libee.a(ee_avr8_asm.S.o)
                0x0000000000000110                osEE_hal_save_ctx_and_restore_ctx
                0x0000000000000150                osEE_hal_restore_ctx
                0x0000000000000190                osEE_hal_ready2stacked
                0x00000000000001a0                osEE_hal_save_ctx_and_ready2stacked
                0x00000000000001e0                osEE_hal_terminate_ctx
                0x00000000000001f4                . = ALIGN (0x2)
 *(.text.*)
 .text._ZN5Print17availableForWriteEv
                0x00000000000001f4        0x6 obj/LiquidCrystal.cpp.o
                0x00000000000001f4                _ZN5Print17availableForWriteEv
 .text._ZN5Print5flushEv
                0x00000000000001fa        0x2 obj/LiquidCrystal.cpp.o
                0x00000000000001fa                _ZN5Print5flushEv
 .text._ZN13LiquidCrystal11pulseEnableEv
                0x00000000000001fc       0x3a obj/LiquidCrystal.cpp.o
                0x00000000000001fc                _ZN13LiquidCrystal11pulseEnableEv
 .text._ZN13LiquidCrystal10write4bitsEh
                0x0000000000000236       0x5a obj/LiquidCrystal.cpp.o
                0x0000000000000236                _ZN13LiquidCrystal10write4bitsEh
 .text._ZN13LiquidCrystal10write8bitsEh
                0x0000000000000290       0x5a obj/LiquidCrystal.cpp.o
                0x0000000000000290                _ZN13LiquidCrystal10write8bitsEh
 .text._ZN13LiquidCrystal4sendEhh
                0x00000000000002ea       0x52 obj/LiquidCrystal.cpp.o
                0x00000000000002ea                _ZN13LiquidCrystal4sendEhh
 .text._ZN13LiquidCrystal7commandEh
                0x000000000000033c        0x6 obj/LiquidCrystal.cpp.o
                0x000000000000033c                _ZN13LiquidCrystal7commandEh
 .text._ZN13LiquidCrystal5clearEv
                0x0000000000000342        0xe obj/LiquidCrystal.cpp.o
                0x0000000000000342                _ZN13LiquidCrystal5clearEv
 .text._ZN13LiquidCrystal9setCursorEhh
                0x0000000000000350       0x22 obj/LiquidCrystal.cpp.o
                0x0000000000000350                _ZN13LiquidCrystal9setCursorEhh
 .text._ZN13LiquidCrystal7displayEv
                0x0000000000000372       0x10 obj/LiquidCrystal.cpp.o
                0x0000000000000372                _ZN13LiquidCrystal7displayEv
 .text._ZN13LiquidCrystal5beginEhhh
                0x0000000000000382      0x138 obj/LiquidCrystal.cpp.o
                0x0000000000000382                _ZN13LiquidCrystal5beginEhhh
 .text._ZN13LiquidCrystalC2Ehhhhhh
                0x00000000000004ba       0x40 obj/LiquidCrystal.cpp.o
                0x00000000000004ba                _ZN13LiquidCrystalC2Ehhhhhh
                0x00000000000004ba                _ZN13LiquidCrystalC1Ehhhhhh
 .text._ZN13LiquidCrystal10createCharEhPh
                0x00000000000004fa       0x50 obj/LiquidCrystal.cpp.o
                0x00000000000004fa                _ZN13LiquidCrystal10createCharEhPh
 .text._ZN13LiquidCrystal5writeEh
                0x000000000000054a        0xc obj/LiquidCrystal.cpp.o
                0x000000000000054a                _ZN13LiquidCrystal5writeEh
 .text.idle_hook
                0x0000000000000556       0x78 obj/code.cpp.o
                0x0000000000000556                idle_hook
 .text.setup    0x00000000000005ce       0x4e obj/code.cpp.o
                0x00000000000005ce                setup
 .text.startup.main
                0x000000000000061c       0x14 obj/code.cpp.o
                0x000000000000061c                main
 .text.serial_print
                0x0000000000000630       0x20 obj/debug.cpp.o
                0x0000000000000630                serial_print
 .text.startup._GLOBAL__sub_I_lcd
                0x0000000000000650       0x26 obj/task.cpp.o
 .text.FuncDisplayTask
                0x0000000000000676       0xfe obj/task.cpp.o
                0x0000000000000676                FuncDisplayTask
 .text.__vector_16
                0x0000000000000774       0x94 /home/user/Osek/Test-LCD-HD44780/erika/lib/libarduinosdk.a(wiring.c.o)
                0x0000000000000774                __vector_16
 .text.delayMicroseconds
                0x0000000000000808       0x16 /home/user/Osek/Test-LCD-HD44780/erika/lib/libarduinosdk.a(wiring.c.o)
                0x0000000000000808                delayMicroseconds
 .text.init     0x000000000000081e       0x76 /home/user/Osek/Test-LCD-HD44780/erika/lib/libarduinosdk.a(wiring.c.o)
                0x000000000000081e                init
 .text.turnOffPWM
                0x0000000000000894       0x52 /home/user/Osek/Test-LCD-HD44780/erika/lib/libarduinosdk.a(wiring_digital.c.o)
 .text.pinMode  0x00000000000008e6       0x78 /home/user/Osek/Test-LCD-HD44780/erika/lib/libarduinosdk.a(wiring_digital.c.o)
                0x00000000000008e6                pinMode
 .text.digitalWrite
                0x000000000000095e       0x5c /home/user/Osek/Test-LCD-HD44780/erika/lib/libarduinosdk.a(wiring_digital.c.o)
                0x000000000000095e                digitalWrite
 .text._ZN14HardwareSerial9availableEv
                0x00000000000009ba       0x18 /home/user/Osek/Test-LCD-HD44780/erika/lib/libarduinosdk.a(HardwareSerial.cpp.o)
                0x00000000000009ba                _ZN14HardwareSerial9availableEv
 .text._ZN14HardwareSerial4peekEv
                0x00000000000009d2       0x1c /home/user/Osek/Test-LCD-HD44780/erika/lib/libarduinosdk.a(HardwareSerial.cpp.o)
                0x00000000000009d2                _ZN14HardwareSerial4peekEv
 .text._ZN14HardwareSerial4readEv
                0x00000000000009ee       0x28 /home/user/Osek/Test-LCD-HD44780/erika/lib/libarduinosdk.a(HardwareSerial.cpp.o)
                0x00000000000009ee                _ZN14HardwareSerial4readEv
 .text._ZN14HardwareSerial17availableForWriteEv
                0x0000000000000a16       0x1e /home/user/Osek/Test-LCD-HD44780/erika/lib/libarduinosdk.a(HardwareSerial.cpp.o)
                0x0000000000000a16                _ZN14HardwareSerial17availableForWriteEv
 .text._Z14serialEventRunv
                0x0000000000000a34       0x1c /home/user/Osek/Test-LCD-HD44780/erika/lib/libarduinosdk.a(HardwareSerial.cpp.o)
                0x0000000000000a34                _Z14serialEventRunv
 .text._ZN14HardwareSerial17_tx_udr_empty_irqEv
                0x0000000000000a50       0x44 /home/user/Osek/Test-LCD-HD44780/erika/lib/libarduinosdk.a(HardwareSerial.cpp.o)
                0x0000000000000a50                _ZN14HardwareSerial17_tx_udr_empty_irqEv
 .text._ZN14HardwareSerial5flushEv
                0x0000000000000a94       0x40 /home/user/Osek/Test-LCD-HD44780/erika/lib/libarduinosdk.a(HardwareSerial.cpp.o)
                0x0000000000000a94                _ZN14HardwareSerial5flushEv
 .text._ZN14HardwareSerial5writeEh
                0x0000000000000ad4       0x9a /home/user/Osek/Test-LCD-HD44780/erika/lib/libarduinosdk.a(HardwareSerial.cpp.o)
                0x0000000000000ad4                _ZN14HardwareSerial5writeEh
 .text._ZN14HardwareSerial5beginEmh
                0x0000000000000b6e       0xc4 /home/user/Osek/Test-LCD-HD44780/erika/lib/libarduinosdk.a(HardwareSerial.cpp.o)
                0x0000000000000b6e                _ZN14HardwareSerial5beginEmh
 .text.__vector_18
                0x0000000000000c32       0x64 /home/user/Osek/Test-LCD-HD44780/erika/lib/libarduinosdk.a(HardwareSerial0.cpp.o)
                0x0000000000000c32                __vector_18
 .text.__vector_19
                0x0000000000000c96       0x4c /home/user/Osek/Test-LCD-HD44780/erika/lib/libarduinosdk.a(HardwareSerial0.cpp.o)
                0x0000000000000c96                __vector_19
 .text._Z17Serial0_availablev
                0x0000000000000ce2       0x14 /home/user/Osek/Test-LCD-HD44780/erika/lib/libarduinosdk.a(HardwareSerial0.cpp.o)
                0x0000000000000ce2                _Z17Serial0_availablev
 .text.startup._GLOBAL__sub_I___vector_18
                0x0000000000000cf6       0x5a /home/user/Osek/Test-LCD-HD44780/erika/lib/libarduinosdk.a(HardwareSerial0.cpp.o)
 .text._ZN5Print5writeEPKhj
                0x0000000000000d50       0x5a /home/user/Osek/Test-LCD-HD44780/erika/lib/libarduinosdk.a(Print.cpp.o)
                0x0000000000000d50                _ZN5Print5writeEPKhj
 .text._ZN5Print5writeEPKc.part.2
                0x0000000000000daa       0x1e /home/user/Osek/Test-LCD-HD44780/erika/lib/libarduinosdk.a(Print.cpp.o)
 .text._ZN5Print5printEPKc
                0x0000000000000dc8       0x10 /home/user/Osek/Test-LCD-HD44780/erika/lib/libarduinosdk.a(Print.cpp.o)
                0x0000000000000dc8                _ZN5Print5printEPKc
 .text._ZN5Print7printlnEv
                0x0000000000000dd8        0x8 /home/user/Osek/Test-LCD-HD44780/erika/lib/libarduinosdk.a(Print.cpp.o)
                0x0000000000000dd8                _ZN5Print7printlnEv
 .text._ZN5Print7printlnEPKc
                0x0000000000000de0       0x2e /home/user/Osek/Test-LCD-HD44780/erika/lib/libarduinosdk.a(Print.cpp.o)
                0x0000000000000de0                _ZN5Print7printlnEPKc
 .text.StartOS  0x0000000000000e0e      0x1b4 /home/user/Osek/Test-LCD-HD44780/erika/lib/libee.a(ee_oo_api_osek.c.o)
                0x0000000000000e0e                StartOS
 .text.TerminateTask
                0x0000000000000fc2       0x1e /home/user/Osek/Test-LCD-HD44780/erika/lib/libee.a(ee_oo_api_osek.c.o)
                0x0000000000000fc2                TerminateTask
 .text.osEE_scheduler_task_end
                0x0000000000000fe0       0x30 /home/user/Osek/Test-LCD-HD44780/erika/lib/libee.a(ee_oo_sched_entry_points.c.o)
                0x0000000000000fe0                osEE_scheduler_task_end
 .text.osEE_scheduler_task_wrapper_restore
                0x0000000000001010        0x2 /home/user/Osek/Test-LCD-HD44780/erika/lib/libee.a(ee_oo_sched_entry_points.c.o)
                0x0000000000001010                osEE_scheduler_task_wrapper_restore
 .text.osEE_scheduler_task_wrapper_run
                0x0000000000001012       0x24 /home/user/Osek/Test-LCD-HD44780/erika/lib/libee.a(ee_oo_sched_entry_points.c.o)
                0x0000000000001012                osEE_scheduler_task_wrapper_run
 .text.osEE_idle_hook_wrapper
                0x0000000000001036       0x54 /home/user/Osek/Test-LCD-HD44780/erika/lib/libee.a(ee_oo_sched_entry_points.c.o)
                0x0000000000001036                osEE_idle_hook_wrapper
 .text.osEE_scheduler_core_rq_preempt_stk
                0x000000000000108a       0xae /home/user/Osek/Test-LCD-HD44780/erika/lib/libee.a(ee_oo_scheduler.c.o)
                0x000000000000108a                osEE_scheduler_core_rq_preempt_stk
 .text.osEE_sn_priority_insert
                0x0000000000001138       0xaa /home/user/Osek/Test-LCD-HD44780/erika/lib/libee.a(ee_oo_scheduler.c.o)
                0x0000000000001138                osEE_sn_priority_insert
 .text.osEE_scheduler_rq_insert
                0x00000000000011e2        0xe /home/user/Osek/Test-LCD-HD44780/erika/lib/libee.a(ee_oo_scheduler.c.o)
                0x00000000000011e2                osEE_scheduler_rq_insert
 .text.osEE_scheduler_core_pop_running
                0x00000000000011f0       0x54 /home/user/Osek/Test-LCD-HD44780/erika/lib/libee.a(ee_oo_scheduler.c.o)
                0x00000000000011f0                osEE_scheduler_core_pop_running
 .text.osEE_scheduler_task_activated
                0x0000000000001244       0xcc /home/user/Osek/Test-LCD-HD44780/erika/lib/libee.a(ee_oo_sched_partitioned.c.o)
                0x0000000000001244                osEE_scheduler_task_activated
 .text.osEE_scheduler_task_terminated
                0x0000000000001310       0xf0 /home/user/Osek/Test-LCD-HD44780/erika/lib/libee.a(ee_oo_sched_partitioned.c.o)
                0x0000000000001310                osEE_scheduler_task_terminated
 .text.osEE_scheduler_task_preemption_point
                0x0000000000001400       0x32 /home/user/Osek/Test-LCD-HD44780/erika/lib/libee.a(ee_oo_sched_partitioned.c.o)
                0x0000000000001400                osEE_scheduler_task_preemption_point
 .text.osEE_scheduler_task_set_running
                0x0000000000001432       0x50 /home/user/Osek/Test-LCD-HD44780/erika/lib/libee.a(ee_oo_sched_partitioned.c.o)
                0x0000000000001432                osEE_scheduler_task_set_running
 .text.osEE_alarm_set_rel
                0x0000000000001482       0x22 /home/user/Osek/Test-LCD-HD44780/erika/lib/libee.a(ee_oo_alarm.c.o)
                0x0000000000001482                osEE_alarm_set_rel
 .text.__vector_default
                0x00000000000014a4        0x4 /home/user/Osek/Test-LCD-HD44780/erika/lib/libee.a(ee_atmega_intvect.c.o)
                0x00000000000014a4                __vector_default
                0x00000000000014a4                tag___vector_default
 .text.osEE_atmega_intvect
                0x00000000000014a8        0x4 /home/user/Osek/Test-LCD-HD44780/erika/lib/libee.a(ee_atmega_intvect.c.o)
                0x00000000000014a8                osEE_atmega_intvect
 .text.__vector_11
                0x00000000000014ac       0x10 /home/user/Osek/Test-LCD-HD44780/erika/lib/libee.a(ee_atmega_intvect.c.o)
                0x00000000000014ac                __vector_11
                0x00000000000014ac                tag___vector_11
 .text.osEE_avr8_isr2_stub
                0x00000000000014bc       0x6c /home/user/Osek/Test-LCD-HD44780/erika/lib/libee.a(ee_avr8_irqstub.c.o)
                0x00000000000014bc                osEE_avr8_isr2_stub
 .text.osEE_avr8_system_timer_init
                0x0000000000001528        0xc /home/user/Osek/Test-LCD-HD44780/erika/lib/libee.a(ee_atmega_system_timer.c.o)
                0x0000000000001528                osEE_avr8_system_timer_init
 .text.osEE_avr8_system_timer_handler
                0x0000000000001534        0xc /home/user/Osek/Test-LCD-HD44780/erika/lib/libee.a(ee_atmega_system_timer.c.o)
                0x0000000000001534                osEE_avr8_system_timer_handler
 .text.osEE_change_context_from_running
                0x0000000000001540       0x36 /home/user/Osek/Test-LCD-HD44780/erika/lib/libee.a(ee_std_change_context.c.o)
                0x0000000000001540                osEE_change_context_from_running
 .text.osEE_change_context_from_task_end
                0x0000000000001576       0x2c /home/user/Osek/Test-LCD-HD44780/erika/lib/libee.a(ee_std_change_context.c.o)
                0x0000000000001576                osEE_change_context_from_task_end
 .text.osEE_idle_task_terminate
                0x00000000000015a2       0x36 /home/user/Osek/Test-LCD-HD44780/erika/lib/libee.a(ee_std_change_context.c.o)
                0x00000000000015a2                osEE_idle_task_terminate
 .text.osEE_counter_insert_abs_trigger
                0x00000000000015d8       0x96 /home/user/Osek/Test-LCD-HD44780/erika/lib/libee.a(ee_oo_counter.c.o)
                0x00000000000015d8                osEE_counter_insert_abs_trigger
 .text.osEE_counter_insert_rel_trigger
                0x000000000000166e       0x40 /home/user/Osek/Test-LCD-HD44780/erika/lib/libee.a(ee_oo_counter.c.o)
                0x000000000000166e                osEE_counter_insert_rel_trigger
 .text.osEE_counter_increment
                0x00000000000016ae      0x112 /home/user/Osek/Test-LCD-HD44780/erika/lib/libee.a(ee_oo_counter.c.o)
                0x00000000000016ae                osEE_counter_increment
 .text.OsEE_atmega_startTimer1
                0x00000000000017c0       0xbc /home/user/Osek/Test-LCD-HD44780/erika/lib/libee.a(ee_atmega_timer1ctc.c.o)
                0x00000000000017c0                OsEE_atmega_startTimer1
 .text.libgcc.div
                0x000000000000187c       0x44 /home/user/arduino-1.8.15/hardware/tools/avr/bin/../lib/gcc/avr/7.3.0/avr5/libgcc.a(_udivmodsi4.o)
                0x000000000000187c                __udivmodsi4
 .text.libgcc   0x00000000000018c0        0xc /home/user/arduino-1.8.15/hardware/tools/avr/bin/../lib/gcc/avr/7.3.0/avr5/libgcc.a(_tablejump2.o)
                0x00000000000018c0                __tablejump2__
 .text.avr-libc
                0x00000000000018cc       0x46 /home/user/arduino-1.8.15/hardware/tools/avr/bin/../lib/gcc/avr/7.3.0/../../../../avr/lib/avr5/libc.a(sprintf.o)
                0x00000000000018cc                sprintf
 .text.avr-libc
                0x0000000000001912      0x3b4 /home/user/arduino-1.8.15/hardware/tools/avr/bin/../lib/gcc/avr/7.3.0/../../../../avr/lib/avr5/libc.a(vfprintf_std.o)
                0x0000000000001912                vfprintf
 .text.avr-libc
                0x0000000000001cc6       0x16 /home/user/arduino-1.8.15/hardware/tools/avr/bin/../lib/gcc/avr/7.3.0/../../../../avr/lib/avr5/libc.a(strnlen_P.o)
                0x0000000000001cc6                strnlen_P
 .text.avr-libc
                0x0000000000001cdc       0x16 /home/user/arduino-1.8.15/hardware/tools/avr/bin/../lib/gcc/avr/7.3.0/../../../../avr/lib/avr5/libc.a(strnlen.o)
                0x0000000000001cdc                strnlen
 .text.avr-libc
                0x0000000000001cf2       0x60 /home/user/arduino-1.8.15/hardware/tools/avr/bin/../lib/gcc/avr/7.3.0/../../../../avr/lib/avr5/libc.a(fputc.o)
                0x0000000000001cf2                fputc
 .text.avr-libc
                0x0000000000001d52       0xbc /home/user/arduino-1.8.15/hardware/tools/avr/bin/../lib/gcc/avr/7.3.0/../../../../avr/lib/avr5/libc.a(ultoa_invert.o)
                0x0000000000001d52                __ultoa_invert
 .text.libgcc.prologue
                0x0000000000001e0e       0x38 /home/user/arduino-1.8.15/hardware/tools/avr/bin/../lib/gcc/avr/7.3.0/avr5/libgcc.a(_prologue.o)
                0x0000000000001e0e                __prologue_saves__
 .text.libgcc.prologue
                0x0000000000001e46       0x36 /home/user/arduino-1.8.15/hardware/tools/avr/bin/../lib/gcc/avr/7.3.0/avr5/libgcc.a(_epilogue.o)
                0x0000000000001e46                __epilogue_restores__
                0x0000000000001e7c                . = ALIGN (0x2)
 *(.fini9)
 .fini9         0x0000000000001e7c        0x0 /home/user/arduino-1.8.15/hardware/tools/avr/bin/../lib/gcc/avr/7.3.0/avr5/libgcc.a(_exit.o)
                0x0000000000001e7c                exit
                0x0000000000001e7c                _exit
 *(.fini9)
 *(.fini8)
 *(.fini8)
 *(.fini7)
 *(.fini7)
 *(.fini6)
 *(.fini6)
 *(.fini5)
 *(.fini5)
 *(.fini4)
 *(.fini4)
 *(.fini3)
 *(.fini3)
 *(.fini2)
 *(.fini2)
 *(.fini1)
 *(.fini1)
 *(.fini0)
 .fini0         0x0000000000001e7c        0x4 /home/user/arduino-1.8.15/hardware/tools/avr/bin/../lib/gcc/avr/7.3.0/avr5/libgcc.a(_exit.o)
 *(.fini0)
                0x0000000000001e80                _etext = .

.data           0x0000000000800100      0x150 load address 0x0000000000001e80
                0x0000000000800100                PROVIDE (__data_start, .)
 *(.data)
 *(.data*)
 .data._ZL8mapChar1
                0x0000000000800100        0x8 obj/code.cpp.o
 .data.CCB      0x0000000000800108       0x12 obj/ee_applcfg.c.o
                0x0000000000800108                CCB
 .data.sn_array
                0x000000000080011a        0x8 obj/ee_applcfg.c.o
                0x000000000080011a                sn_array
 .data.tcb_array
                0x0000000000800122        0xc obj/ee_applcfg.c.o
                0x0000000000800122                tcb_array
 *(.gnu.linkonce.d*)
 *(.rodata)
 *(.rodata*)
 .rodata._ZTV13LiquidCrystal
                0x000000000080012e        0xc obj/LiquidCrystal.cpp.o
                0x000000000080012e                _ZTV13LiquidCrystal
 .rodata.idle_hook.str1.1
                0x000000000080013a       0x1b obj/code.cpp.o
 .rodata.setup.str1.1
                0x0000000000800155       0x29 obj/code.cpp.o
 .rodata.KDB    0x000000000080017e       0x12 obj/ee_applcfg.c.o
                0x000000000080017e                KDB
 .rodata.CDB    0x0000000000800190       0x10 obj/ee_applcfg.c.o
                0x0000000000800190                CDB
 .rodata.osEE_autostart_trigger_db
                0x00000000008001a0        0x4 obj/ee_applcfg.c.o
                0x00000000008001a0                osEE_autostart_trigger_db
 .rodata.trigger_autostart_info_OSDEFAULTAPPMODE
                0x00000000008001a4        0x6 obj/ee_applcfg.c.o
                0x00000000008001a4                trigger_autostart_info_OSDEFAULTAPPMODE
 .rodata.alarm_db_ptr_array
                0x00000000008001aa        0x2 obj/ee_applcfg.c.o
                0x00000000008001aa                alarm_db_ptr_array
 .rodata.alarm_db_array
                0x00000000008001ac        0xc obj/ee_applcfg.c.o
                0x00000000008001ac                alarm_db_array
 .rodata.counter_db_ptr_array
                0x00000000008001b8        0x2 obj/ee_applcfg.c.o
                0x00000000008001b8                counter_db_ptr_array
 .rodata.counter_db_array
                0x00000000008001ba        0x6 obj/ee_applcfg.c.o
                0x00000000008001ba                counter_db_array
 .rodata.osEE_autostart_tdb
                0x00000000008001c0        0x4 obj/ee_applcfg.c.o
                0x00000000008001c0                osEE_autostart_tdb
 .rodata.tdb_ptr_autostart_OSDEFAULTAPPMODE
                0x00000000008001c4        0x2 obj/ee_applcfg.c.o
                0x00000000008001c4                tdb_ptr_autostart_OSDEFAULTAPPMODE
 .rodata.tdb_ptr_array
                0x00000000008001c6        0x6 obj/ee_applcfg.c.o
                0x00000000008001c6                tdb_ptr_array
 .rodata.tdb_array
                0x00000000008001cc       0x2a obj/ee_applcfg.c.o
                0x00000000008001cc                tdb_array
 .rodata.sdb_array
                0x00000000008001f6        0x4 obj/ee_applcfg.c.o
                0x00000000008001f6                sdb_array
 .rodata.FuncDisplayTask.str1.1
                0x00000000008001fa       0x44 obj/task.cpp.o
 .rodata._ZTV14HardwareSerial
                0x000000000080023e       0x12 /home/user/Osek/Test-LCD-HD44780/erika/lib/libarduinosdk.a(HardwareSerial.cpp.o)
                0x000000000080023e                _ZTV14HardwareSerial
 .rodata._ZN5Print7printlnEv.str1.1
                0x0000000000800250       0x44 /home/user/Osek/Test-LCD-HD44780/erika/lib/libarduinosdk.a(Print.cpp.o)
                                          0x3 (size before relaxing)
 *(.gnu.linkonce.r*)
                0x0000000000800294                . = ALIGN (0x2)
                0x0000000000800294                _edata = .
                0x0000000000800294                PROVIDE (__data_end, .)

.bss            0x0000000000800250       0xd2
                0x0000000000800250                PROVIDE (__bss_start, .)
 *(.bss)
 *(.bss*)
 .bss.main_sp   0x0000000000800250        0x2 obj/code.cpp.o
                0x0000000000800250                main_sp
 .bss.scb_array
                0x0000000000800252        0x2 obj/ee_applcfg.c.o
                0x0000000000800252                scb_array
 .bss.blink_state
                0x0000000000800254        0x1 obj/task.cpp.o
                0x0000000000800254                blink_state
 .bss.count     0x0000000000800255        0x2 obj/task.cpp.o
                0x0000000000800255                count
 .bss.lcd       0x0000000000800257       0x18 obj/task.cpp.o
                0x0000000000800257                lcd
 .bss.timer0_fract
                0x000000000080026f        0x1 /home/user/Osek/Test-LCD-HD44780/erika/lib/libarduinosdk.a(wiring.c.o)
 .bss.timer0_millis
                0x0000000000800270        0x4 /home/user/Osek/Test-LCD-HD44780/erika/lib/libarduinosdk.a(wiring.c.o)
                0x0000000000800270                timer0_millis
 .bss.timer0_overflow_count
                0x0000000000800274        0x4 /home/user/Osek/Test-LCD-HD44780/erika/lib/libarduinosdk.a(wiring.c.o)
                0x0000000000800274                timer0_overflow_count
 .bss.Serial    0x0000000000800278       0x9d /home/user/Osek/Test-LCD-HD44780/erika/lib/libarduinosdk.a(HardwareSerial0.cpp.o)
                0x0000000000800278                Serial
 *(COMMON)
 COMMON         0x0000000000800315        0xd obj/ee_applcfg.c.o
                0x0000000000800315                KCB
                0x0000000000800316                alarm_cb_array
                0x000000000080031e                counter_cb_array
                0x0000000000800322                PROVIDE (__bss_end, .)
                0x0000000000001e80                __data_load_start = LOADADDR (.data)
                0x0000000000001fd0                __data_load_end = (__data_load_start + SIZEOF (.data))

.noinit         0x0000000000800322        0x0
                [!provide]                        PROVIDE (__noinit_start, .)
 *(.noinit*)
                [!provide]                        PROVIDE (__noinit_end, .)
                0x0000000000800322                _end = .
                [!provide]                        PROVIDE (__heap_start, .)

.eeprom         0x0000000000810000        0x0
 *(.eeprom*)
                0x0000000000810000                __eeprom_end = .

.fuse
 *(.fuse)
 *(.lfuse)
 *(.hfuse)
 *(.efuse)

.lock
 *(.lock*)

.signature
 *(.signature*)

.user_signatures
 *(.user_signatures*)

.stab
 *(.stab)

.stabstr
 *(.stabstr)

.stab.excl
 *(.stab.excl)

.stab.exclstr
 *(.stab.exclstr)

.stab.index
 *(.stab.index)

.stab.indexstr
 *(.stab.indexstr)

.comment        0x0000000000000000       0x11
 *(.comment)
 .comment       0x0000000000000000       0x11 obj/LiquidCrystal.cpp.o
                                         0x12 (size before relaxing)
 .comment       0x0000000000000011       0x12 obj/code.cpp.o
 .comment       0x0000000000000011       0x12 obj/debug.cpp.o
 .comment       0x0000000000000011       0x12 obj/ee_applcfg.c.o
 .comment       0x0000000000000011       0x12 obj/task.cpp.o
 .comment       0x0000000000000011       0x12 /home/user/Osek/Test-LCD-HD44780/erika/lib/libarduinosdk.a(wiring.c.o)
 .comment       0x0000000000000011       0x12 /home/user/Osek/Test-LCD-HD44780/erika/lib/libarduinosdk.a(wiring_digital.c.o)
 .comment       0x0000000000000011       0x12 /home/user/Osek/Test-LCD-HD44780/erika/lib/libarduinosdk.a(HardwareSerial.cpp.o)
 .comment       0x0000000000000011       0x12 /home/user/Osek/Test-LCD-HD44780/erika/lib/libarduinosdk.a(HardwareSerial0.cpp.o)
 .comment       0x0000000000000011       0x12 /home/user/Osek/Test-LCD-HD44780/erika/lib/libarduinosdk.a(Print.cpp.o)
 .comment       0x0000000000000011       0x12 /home/user/Osek/Test-LCD-HD44780/erika/lib/libee.a(ee_oo_api_osek.c.o)
 .comment       0x0000000000000011       0x12 /home/user/Osek/Test-LCD-HD44780/erika/lib/libee.a(ee_oo_sched_entry_points.c.o)
 .comment       0x0000000000000011       0x12 /home/user/Osek/Test-LCD-HD44780/erika/lib/libee.a(ee_oo_scheduler.c.o)
 .comment       0x0000000000000011       0x12 /home/user/Osek/Test-LCD-HD44780/erika/lib/libee.a(ee_oo_sched_partitioned.c.o)
 .comment       0x0000000000000011       0x12 /home/user/Osek/Test-LCD-HD44780/erika/lib/libee.a(ee_oo_alarm.c.o)
 .comment       0x0000000000000011       0x12 /home/user/Osek/Test-LCD-HD44780/erika/lib/libee.a(ee_atmega_intvect.c.o)
 .comment       0x0000000000000011       0x12 /home/user/Osek/Test-LCD-HD44780/erika/lib/libee.a(ee_avr8_irqstub.c.o)
 .comment       0x0000000000000011       0x12 /home/user/Osek/Test-LCD-HD44780/erika/lib/libee.a(ee_atmega_system_timer.c.o)
 .comment       0x0000000000000011       0x12 /home/user/Osek/Test-LCD-HD44780/erika/lib/libee.a(ee_std_change_context.c.o)
 .comment       0x0000000000000011       0x12 /home/user/Osek/Test-LCD-HD44780/erika/lib/libee.a(ee_oo_counter.c.o)
 .comment       0x0000000000000011       0x12 /home/user/Osek/Test-LCD-HD44780/erika/lib/libee.a(ee_atmega_timer1ctc.c.o)
 .comment       0x0000000000000011       0x12 /home/user/arduino-1.8.15/hardware/tools/avr/bin/../lib/gcc/avr/7.3.0/../../../../avr/lib/avr5/libc.a(sprintf.o)
 .comment       0x0000000000000011       0x12 /home/user/arduino-1.8.15/hardware/tools/avr/bin/../lib/gcc/avr/7.3.0/../../../../avr/lib/avr5/libc.a(vfprintf_std.o)
 .comment       0x0000000000000011       0x12 /home/user/arduino-1.8.15/hardware/tools/avr/bin/../lib/gcc/avr/7.3.0/../../../../avr/lib/avr5/libc.a(fputc.o)

.note.gnu.avr.deviceinfo
                0x0000000000000000       0x40
 .note.gnu.avr.deviceinfo
                0x0000000000000000       0x40 /home/user/arduino-1.8.15/hardware/tools/avr/bin/../lib/gcc/avr/7.3.0/../../../../avr/lib/avr5/crtatmega328p.o

.note.gnu.build-id
 *(.note.gnu.build-id)

.debug
 *(.debug)

.line
 *(.line)

.debug_srcinfo
 *(.debug_srcinfo)

.debug_sfnames
 *(.debug_sfnames)

.debug_aranges  0x0000000000000000      0x5f8
 *(.debug_aranges)
 .debug_aranges
                0x0000000000000000       0x48 /home/user/Osek/Test-LCD-HD44780/erika/lib/libarduinosdk.a(wiring.c.o)
 .debug_aranges
                0x0000000000000048       0x38 /home/user/Osek/Test-LCD-HD44780/erika/lib/libarduinosdk.a(wiring_digital.c.o)
 .debug_aranges
                0x0000000000000080       0x68 /home/user/Osek/Test-LCD-HD44780/erika/lib/libarduinosdk.a(HardwareSerial.cpp.o)
 .debug_aranges
                0x00000000000000e8       0x38 /home/user/Osek/Test-LCD-HD44780/erika/lib/libarduinosdk.a(HardwareSerial0.cpp.o)
 .debug_aranges
                0x0000000000000120      0x100 /home/user/Osek/Test-LCD-HD44780/erika/lib/libarduinosdk.a(Print.cpp.o)
 .debug_aranges
                0x0000000000000220       0xc0 /home/user/Osek/Test-LCD-HD44780/erika/lib/libee.a(ee_oo_api_osek.c.o)
 .debug_aranges
                0x00000000000002e0       0x38 /home/user/Osek/Test-LCD-HD44780/erika/lib/libee.a(ee_oo_sched_entry_points.c.o)
 .debug_aranges
                0x0000000000000318       0x38 /home/user/Osek/Test-LCD-HD44780/erika/lib/libee.a(ee_oo_scheduler.c.o)
 .debug_aranges
                0x0000000000000350       0x48 /home/user/Osek/Test-LCD-HD44780/erika/lib/libee.a(ee_oo_sched_partitioned.c.o)
 .debug_aranges
                0x0000000000000398       0x38 /home/user/Osek/Test-LCD-HD44780/erika/lib/libee.a(ee_oo_alarm.c.o)
 .debug_aranges
                0x00000000000003d0       0x30 /home/user/Osek/Test-LCD-HD44780/erika/lib/libee.a(ee_atmega_intvect.c.o)
 .debug_aranges
                0x0000000000000400       0x20 /home/user/Osek/Test-LCD-HD44780/erika/lib/libee.a(ee_avr8_asm.S.o)
 .debug_aranges
                0x0000000000000420       0x28 /home/user/Osek/Test-LCD-HD44780/erika/lib/libee.a(ee_avr8_irqstub.c.o)
 .debug_aranges
                0x0000000000000448       0x28 /home/user/Osek/Test-LCD-HD44780/erika/lib/libee.a(ee_atmega_system_timer.c.o)
 .debug_aranges
                0x0000000000000470       0x30 /home/user/Osek/Test-LCD-HD44780/erika/lib/libee.a(ee_std_change_context.c.o)
 .debug_aranges
                0x00000000000004a0       0x38 /home/user/Osek/Test-LCD-HD44780/erika/lib/libee.a(ee_oo_counter.c.o)
 .debug_aranges
                0x00000000000004d8       0x20 /home/user/Osek/Test-LCD-HD44780/erika/lib/libee.a(ee_atmega_timer1ctc.c.o)
 .debug_aranges
                0x00000000000004f8       0x20 /home/user/arduino-1.8.15/hardware/tools/avr/bin/../lib/gcc/avr/7.3.0/avr5/libgcc.a(_udivmodsi4.o)
 .debug_aranges
                0x0000000000000518       0x20 /home/user/arduino-1.8.15/hardware/tools/avr/bin/../lib/gcc/avr/7.3.0/avr5/libgcc.a(_exit.o)
 .debug_aranges
                0x0000000000000538       0x20 /home/user/arduino-1.8.15/hardware/tools/avr/bin/../lib/gcc/avr/7.3.0/avr5/libgcc.a(_copy_data.o)
 .debug_aranges
                0x0000000000000558       0x20 /home/user/arduino-1.8.15/hardware/tools/avr/bin/../lib/gcc/avr/7.3.0/avr5/libgcc.a(_clear_bss.o)
 .debug_aranges
                0x0000000000000578       0x20 /home/user/arduino-1.8.15/hardware/tools/avr/bin/../lib/gcc/avr/7.3.0/avr5/libgcc.a(_ctors.o)
 .debug_aranges
                0x0000000000000598       0x20 /home/user/arduino-1.8.15/hardware/tools/avr/bin/../lib/gcc/avr/7.3.0/avr5/libgcc.a(_tablejump2.o)
 .debug_aranges
                0x00000000000005b8       0x20 /home/user/arduino-1.8.15/hardware/tools/avr/bin/../lib/gcc/avr/7.3.0/avr5/libgcc.a(_prologue.o)
 .debug_aranges
                0x00000000000005d8       0x20 /home/user/arduino-1.8.15/hardware/tools/avr/bin/../lib/gcc/avr/7.3.0/avr5/libgcc.a(_epilogue.o)

.debug_pubnames
 *(.debug_pubnames)

.debug_info     0x0000000000000000    0x13526
 *(.debug_info .gnu.linkonce.wi.*)
 .debug_info    0x0000000000000000      0x5f4 /home/user/arduino-1.8.15/hardware/tools/avr/bin/../lib/gcc/avr/7.3.0/../../../../avr/lib/avr5/crtatmega328p.o
 .debug_info    0x00000000000005f4      0x44d /home/user/Osek/Test-LCD-HD44780/erika/lib/libarduinosdk.a(wiring.c.o)
 .debug_info    0x0000000000000a41      0x712 /home/user/Osek/Test-LCD-HD44780/erika/lib/libarduinosdk.a(wiring_digital.c.o)
 .debug_info    0x0000000000001153     0x206d /home/user/Osek/Test-LCD-HD44780/erika/lib/libarduinosdk.a(HardwareSerial.cpp.o)
 .debug_info    0x00000000000031c0     0x1ca8 /home/user/Osek/Test-LCD-HD44780/erika/lib/libarduinosdk.a(HardwareSerial0.cpp.o)
 .debug_info    0x0000000000004e68     0x2bbb /home/user/Osek/Test-LCD-HD44780/erika/lib/libarduinosdk.a(Print.cpp.o)
 .debug_info    0x0000000000007a23     0x2474 /home/user/Osek/Test-LCD-HD44780/erika/lib/libee.a(ee_oo_api_osek.c.o)
 .debug_info    0x0000000000009e97      0xfcd /home/user/Osek/Test-LCD-HD44780/erika/lib/libee.a(ee_oo_sched_entry_points.c.o)
 .debug_info    0x000000000000ae64      0xf8a /home/user/Osek/Test-LCD-HD44780/erika/lib/libee.a(ee_oo_scheduler.c.o)
 .debug_info    0x000000000000bdee     0x1317 /home/user/Osek/Test-LCD-HD44780/erika/lib/libee.a(ee_oo_sched_partitioned.c.o)
 .debug_info    0x000000000000d105      0xf34 /home/user/Osek/Test-LCD-HD44780/erika/lib/libee.a(ee_oo_alarm.c.o)
 .debug_info    0x000000000000e039      0xbf7 /home/user/Osek/Test-LCD-HD44780/erika/lib/libee.a(ee_atmega_intvect.c.o)
 .debug_info    0x000000000000ec30       0x86 /home/user/Osek/Test-LCD-HD44780/erika/lib/libee.a(ee_avr8_asm.S.o)
 .debug_info    0x000000000000ecb6      0xcda /home/user/Osek/Test-LCD-HD44780/erika/lib/libee.a(ee_avr8_irqstub.c.o)
 .debug_info    0x000000000000f990      0xc29 /home/user/Osek/Test-LCD-HD44780/erika/lib/libee.a(ee_atmega_system_timer.c.o)
 .debug_info    0x00000000000105b9      0xd71 /home/user/Osek/Test-LCD-HD44780/erika/lib/libee.a(ee_std_change_context.c.o)
 .debug_info    0x000000000001132a     0x10c2 /home/user/Osek/Test-LCD-HD44780/erika/lib/libee.a(ee_oo_counter.c.o)
 .debug_info    0x00000000000123ec      0xbe2 /home/user/Osek/Test-LCD-HD44780/erika/lib/libee.a(ee_atmega_timer1ctc.c.o)
 .debug_info    0x0000000000012fce       0xab /home/user/arduino-1.8.15/hardware/tools/avr/bin/../lib/gcc/avr/7.3.0/avr5/libgcc.a(_udivmodsi4.o)
 .debug_info    0x0000000000013079       0xab /home/user/arduino-1.8.15/hardware/tools/avr/bin/../lib/gcc/avr/7.3.0/avr5/libgcc.a(_exit.o)
 .debug_info    0x0000000000013124       0xab /home/user/arduino-1.8.15/hardware/tools/avr/bin/../lib/gcc/avr/7.3.0/avr5/libgcc.a(_copy_data.o)
 .debug_info    0x00000000000131cf       0xab /home/user/arduino-1.8.15/hardware/tools/avr/bin/../lib/gcc/avr/7.3.0/avr5/libgcc.a(_clear_bss.o)
 .debug_info    0x000000000001327a       0xab /home/user/arduino-1.8.15/hardware/tools/avr/bin/../lib/gcc/avr/7.3.0/avr5/libgcc.a(_ctors.o)
 .debug_info    0x0000000000013325       0xab /home/user/arduino-1.8.15/hardware/tools/avr/bin/../lib/gcc/avr/7.3.0/avr5/libgcc.a(_tablejump2.o)
 .debug_info    0x00000000000133d0       0xab /home/user/arduino-1.8.15/hardware/tools/avr/bin/../lib/gcc/avr/7.3.0/avr5/libgcc.a(_prologue.o)
 .debug_info    0x000000000001347b       0xab /home/user/arduino-1.8.15/hardware/tools/avr/bin/../lib/gcc/avr/7.3.0/avr5/libgcc.a(_epilogue.o)

.debug_abbrev   0x0000000000000000     0x3205
 *(.debug_abbrev)
 .debug_abbrev  0x0000000000000000      0x5a2 /home/user/arduino-1.8.15/hardware/tools/avr/bin/../lib/gcc/avr/7.3.0/../../../../avr/lib/avr5/crtatmega328p.o
 .debug_abbrev  0x00000000000005a2      0x1e3 /home/user/Osek/Test-LCD-HD44780/erika/lib/libarduinosdk.a(wiring.c.o)
 .debug_abbrev  0x0000000000000785      0x1fa /home/user/Osek/Test-LCD-HD44780/erika/lib/libarduinosdk.a(wiring_digital.c.o)
 .debug_abbrev  0x000000000000097f      0x52a /home/user/Osek/Test-LCD-HD44780/erika/lib/libarduinosdk.a(HardwareSerial.cpp.o)
 .debug_abbrev  0x0000000000000ea9      0x44e /home/user/Osek/Test-LCD-HD44780/erika/lib/libarduinosdk.a(HardwareSerial0.cpp.o)
 .debug_abbrev  0x00000000000012f7      0x562 /home/user/Osek/Test-LCD-HD44780/erika/lib/libarduinosdk.a(Print.cpp.o)
 .debug_abbrev  0x0000000000001859      0x3e2 /home/user/Osek/Test-LCD-HD44780/erika/lib/libee.a(ee_oo_api_osek.c.o)
 .debug_abbrev  0x0000000000001c3b      0x2cd /home/user/Osek/Test-LCD-HD44780/erika/lib/libee.a(ee_oo_sched_entry_points.c.o)
 .debug_abbrev  0x0000000000001f08      0x2a1 /home/user/Osek/Test-LCD-HD44780/erika/lib/libee.a(ee_oo_scheduler.c.o)
 .debug_abbrev  0x00000000000021a9      0x2d9 /home/user/Osek/Test-LCD-HD44780/erika/lib/libee.a(ee_oo_sched_partitioned.c.o)
 .debug_abbrev  0x0000000000002482      0x22c /home/user/Osek/Test-LCD-HD44780/erika/lib/libee.a(ee_oo_alarm.c.o)
 .debug_abbrev  0x00000000000026ae      0x16b /home/user/Osek/Test-LCD-HD44780/erika/lib/libee.a(ee_atmega_intvect.c.o)
 .debug_abbrev  0x0000000000002819       0x14 /home/user/Osek/Test-LCD-HD44780/erika/lib/libee.a(ee_avr8_asm.S.o)
 .debug_abbrev  0x000000000000282d      0x1f8 /home/user/Osek/Test-LCD-HD44780/erika/lib/libee.a(ee_avr8_irqstub.c.o)
 .debug_abbrev  0x0000000000002a25      0x194 /home/user/Osek/Test-LCD-HD44780/erika/lib/libee.a(ee_atmega_system_timer.c.o)
 .debug_abbrev  0x0000000000002bb9      0x184 /home/user/Osek/Test-LCD-HD44780/erika/lib/libee.a(ee_std_change_context.c.o)
 .debug_abbrev  0x0000000000002d3d      0x2e2 /home/user/Osek/Test-LCD-HD44780/erika/lib/libee.a(ee_oo_counter.c.o)
 .debug_abbrev  0x000000000000301f      0x146 /home/user/Osek/Test-LCD-HD44780/erika/lib/libee.a(ee_atmega_timer1ctc.c.o)
 .debug_abbrev  0x0000000000003165       0x14 /home/user/arduino-1.8.15/hardware/tools/avr/bin/../lib/gcc/avr/7.3.0/avr5/libgcc.a(_udivmodsi4.o)
 .debug_abbrev  0x0000000000003179       0x14 /home/user/arduino-1.8.15/hardware/tools/avr/bin/../lib/gcc/avr/7.3.0/avr5/libgcc.a(_exit.o)
 .debug_abbrev  0x000000000000318d       0x14 /home/user/arduino-1.8.15/hardware/tools/avr/bin/../lib/gcc/avr/7.3.0/avr5/libgcc.a(_copy_data.o)
 .debug_abbrev  0x00000000000031a1       0x14 /home/user/arduino-1.8.15/hardware/tools/avr/bin/../lib/gcc/avr/7.3.0/avr5/libgcc.a(_clear_bss.o)
 .debug_abbrev  0x00000000000031b5       0x14 /home/user/arduino-1.8.15/hardware/tools/avr/bin/../lib/gcc/avr/7.3.0/avr5/libgcc.a(_ctors.o)
 .debug_abbrev  0x00000000000031c9       0x14 /home/user/arduino-1.8.15/hardware/tools/avr/bin/../lib/gcc/avr/7.3.0/avr5/libgcc.a(_tablejump2.o)
 .debug_abbrev  0x00000000000031dd       0x14 /home/user/arduino-1.8.15/hardware/tools/avr/bin/../lib/gcc/avr/7.3.0/avr5/libgcc.a(_prologue.o)
 .debug_abbrev  0x00000000000031f1       0x14 /home/user/arduino-1.8.15/hardware/tools/avr/bin/../lib/gcc/avr/7.3.0/avr5/libgcc.a(_epilogue.o)

.debug_line     0x0000000000000000     0x3f33
 *(.debug_line .debug_line.* .debug_line_end)
 .debug_line    0x0000000000000000       0x1a /home/user/arduino-1.8.15/hardware/tools/avr/bin/../lib/gcc/avr/7.3.0/../../../../avr/lib/avr5/crtatmega328p.o
 .debug_line    0x000000000000001a      0x335 /home/user/Osek/Test-LCD-HD44780/erika/lib/libarduinosdk.a(wiring.c.o)
 .debug_line    0x000000000000034f      0x37f /home/user/Osek/Test-LCD-HD44780/erika/lib/libarduinosdk.a(wiring_digital.c.o)
 .debug_line    0x00000000000006ce      0x564 /home/user/Osek/Test-LCD-HD44780/erika/lib/libarduinosdk.a(HardwareSerial.cpp.o)
 .debug_line    0x0000000000000c32      0x298 /home/user/Osek/Test-LCD-HD44780/erika/lib/libarduinosdk.a(HardwareSerial0.cpp.o)
 .debug_line    0x0000000000000eca      0x698 /home/user/Osek/Test-LCD-HD44780/erika/lib/libarduinosdk.a(Print.cpp.o)
 .debug_line    0x0000000000001562      0x9ca /home/user/Osek/Test-LCD-HD44780/erika/lib/libee.a(ee_oo_api_osek.c.o)
 .debug_line    0x0000000000001f2c      0x29f /home/user/Osek/Test-LCD-HD44780/erika/lib/libee.a(ee_oo_sched_entry_points.c.o)
 .debug_line    0x00000000000021cb      0x34a /home/user/Osek/Test-LCD-HD44780/erika/lib/libee.a(ee_oo_scheduler.c.o)
 .debug_line    0x0000000000002515      0x42c /home/user/Osek/Test-LCD-HD44780/erika/lib/libee.a(ee_oo_sched_partitioned.c.o)
 .debug_line    0x0000000000002941      0x268 /home/user/Osek/Test-LCD-HD44780/erika/lib/libee.a(ee_oo_alarm.c.o)
 .debug_line    0x0000000000002ba9      0x1c3 /home/user/Osek/Test-LCD-HD44780/erika/lib/libee.a(ee_atmega_intvect.c.o)
 .debug_line    0x0000000000002d6c       0xe5 /home/user/Osek/Test-LCD-HD44780/erika/lib/libee.a(ee_avr8_asm.S.o)
 .debug_line    0x0000000000002e51      0x201 /home/user/Osek/Test-LCD-HD44780/erika/lib/libee.a(ee_avr8_irqstub.c.o)
 .debug_line    0x0000000000003052      0x1b3 /home/user/Osek/Test-LCD-HD44780/erika/lib/libee.a(ee_atmega_system_timer.c.o)
 .debug_line    0x0000000000003205      0x236 /home/user/Osek/Test-LCD-HD44780/erika/lib/libee.a(ee_std_change_context.c.o)
 .debug_line    0x000000000000343b      0x35e /home/user/Osek/Test-LCD-HD44780/erika/lib/libee.a(ee_oo_counter.c.o)
 .debug_line    0x0000000000003799      0x1f6 /home/user/Osek/Test-LCD-HD44780/erika/lib/libee.a(ee_atmega_timer1ctc.c.o)
 .debug_line    0x000000000000398f      0x122 /home/user/arduino-1.8.15/hardware/tools/avr/bin/../lib/gcc/avr/7.3.0/avr5/libgcc.a(_udivmodsi4.o)
 .debug_line    0x0000000000003ab1       0x62 /home/user/arduino-1.8.15/hardware/tools/avr/bin/../lib/gcc/avr/7.3.0/avr5/libgcc.a(_exit.o)
 .debug_line    0x0000000000003b13       0x98 /home/user/arduino-1.8.15/hardware/tools/avr/bin/../lib/gcc/avr/7.3.0/avr5/libgcc.a(_copy_data.o)
 .debug_line    0x0000000000003bab       0x86 /home/user/arduino-1.8.15/hardware/tools/avr/bin/../lib/gcc/avr/7.3.0/avr5/libgcc.a(_clear_bss.o)
 .debug_line    0x0000000000003c31       0x92 /home/user/arduino-1.8.15/hardware/tools/avr/bin/../lib/gcc/avr/7.3.0/avr5/libgcc.a(_ctors.o)
 .debug_line    0x0000000000003cc3       0x7a /home/user/arduino-1.8.15/hardware/tools/avr/bin/../lib/gcc/avr/7.3.0/avr5/libgcc.a(_tablejump2.o)
 .debug_line    0x0000000000003d3d       0xfe /home/user/arduino-1.8.15/hardware/tools/avr/bin/../lib/gcc/avr/7.3.0/avr5/libgcc.a(_prologue.o)
 .debug_line    0x0000000000003e3b       0xf8 /home/user/arduino-1.8.15/hardware/tools/avr/bin/../lib/gcc/avr/7.3.0/avr5/libgcc.a(_epilogue.o)

.debug_frame    0x0000000000000000      0xd7c
 *(.debug_frame)
 .debug_frame   0x0000000000000000       0xc4 /home/user/Osek/Test-LCD-HD44780/erika/lib/libarduinosdk.a(wiring.c.o)
 .debug_frame   0x00000000000000c4       0x7c /home/user/Osek/Test-LCD-HD44780/erika/lib/libarduinosdk.a(wiring_digital.c.o)
 .debug_frame   0x0000000000000140      0x110 /home/user/Osek/Test-LCD-HD44780/erika/lib/libarduinosdk.a(HardwareSerial.cpp.o)
 .debug_frame   0x0000000000000250       0xc0 /home/user/Osek/Test-LCD-HD44780/erika/lib/libarduinosdk.a(HardwareSerial0.cpp.o)
 .debug_frame   0x0000000000000310      0x3cc /home/user/Osek/Test-LCD-HD44780/erika/lib/libarduinosdk.a(Print.cpp.o)
 .debug_frame   0x00000000000006dc      0x228 /home/user/Osek/Test-LCD-HD44780/erika/lib/libee.a(ee_oo_api_osek.c.o)
 .debug_frame   0x0000000000000904       0x78 /home/user/Osek/Test-LCD-HD44780/erika/lib/libee.a(ee_oo_sched_entry_points.c.o)
 .debug_frame   0x000000000000097c       0xb0 /home/user/Osek/Test-LCD-HD44780/erika/lib/libee.a(ee_oo_scheduler.c.o)
 .debug_frame   0x0000000000000a2c      0x11c /home/user/Osek/Test-LCD-HD44780/erika/lib/libee.a(ee_oo_sched_partitioned.c.o)
 .debug_frame   0x0000000000000b48       0x60 /home/user/Osek/Test-LCD-HD44780/erika/lib/libee.a(ee_oo_alarm.c.o)
 .debug_frame   0x0000000000000ba8       0x44 /home/user/Osek/Test-LCD-HD44780/erika/lib/libee.a(ee_atmega_intvect.c.o)
 .debug_frame   0x0000000000000bec       0x34 /home/user/Osek/Test-LCD-HD44780/erika/lib/libee.a(ee_avr8_irqstub.c.o)
 .debug_frame   0x0000000000000c20       0x34 /home/user/Osek/Test-LCD-HD44780/erika/lib/libee.a(ee_atmega_system_timer.c.o)
 .debug_frame   0x0000000000000c54       0x44 /home/user/Osek/Test-LCD-HD44780/erika/lib/libee.a(ee_std_change_context.c.o)
 .debug_frame   0x0000000000000c98       0xc0 /home/user/Osek/Test-LCD-HD44780/erika/lib/libee.a(ee_oo_counter.c.o)
 .debug_frame   0x0000000000000d58       0x24 /home/user/Osek/Test-LCD-HD44780/erika/lib/libee.a(ee_atmega_timer1ctc.c.o)

.debug_str      0x0000000000000000     0x3e0b
 *(.debug_str)
 .debug_str     0x0000000000000000      0x208 /home/user/arduino-1.8.15/hardware/tools/avr/bin/../lib/gcc/avr/7.3.0/../../../../avr/lib/avr5/crtatmega328p.o
 .debug_str     0x0000000000000208      0x27c /home/user/Osek/Test-LCD-HD44780/erika/lib/libarduinosdk.a(wiring.c.o)
                                        0x2cc (size before relaxing)
 .debug_str     0x0000000000000484       0x97 /home/user/Osek/Test-LCD-HD44780/erika/lib/libarduinosdk.a(wiring_digital.c.o)
                                        0x2a5 (size before relaxing)
 .debug_str     0x000000000000051b     0x1489 /home/user/Osek/Test-LCD-HD44780/erika/lib/libarduinosdk.a(HardwareSerial.cpp.o)
                                       0x16a3 (size before relaxing)
 .debug_str     0x00000000000019a4      0x141 /home/user/Osek/Test-LCD-HD44780/erika/lib/libarduinosdk.a(HardwareSerial0.cpp.o)
                                       0x14de (size before relaxing)
 .debug_str     0x0000000000001ae5      0x406 /home/user/Osek/Test-LCD-HD44780/erika/lib/libarduinosdk.a(Print.cpp.o)
                                       0x12da (size before relaxing)
 .debug_str     0x0000000000001eeb     0x14f6 /home/user/Osek/Test-LCD-HD44780/erika/lib/libee.a(ee_oo_api_osek.c.o)
                                       0x17e3 (size before relaxing)
 .debug_str     0x00000000000033e1      0x16d /home/user/Osek/Test-LCD-HD44780/erika/lib/libee.a(ee_oo_sched_entry_points.c.o)
                                        0xdff (size before relaxing)
 .debug_str     0x000000000000354e      0x1c3 /home/user/Osek/Test-LCD-HD44780/erika/lib/libee.a(ee_oo_scheduler.c.o)
                                        0xd0b (size before relaxing)
 .debug_str     0x0000000000003711      0x20b /home/user/Osek/Test-LCD-HD44780/erika/lib/libee.a(ee_oo_sched_partitioned.c.o)
                                        0xe8d (size before relaxing)
 .debug_str     0x000000000000391c       0xde /home/user/Osek/Test-LCD-HD44780/erika/lib/libee.a(ee_oo_alarm.c.o)
                                        0xc6d (size before relaxing)
 .debug_str     0x00000000000039fa       0x84 /home/user/Osek/Test-LCD-HD44780/erika/lib/libee.a(ee_atmega_intvect.c.o)
                                        0xb9b (size before relaxing)
 .debug_str     0x0000000000003a7e       0x7e /home/user/Osek/Test-LCD-HD44780/erika/lib/libee.a(ee_avr8_irqstub.c.o)
                                        0xc18 (size before relaxing)
 .debug_str     0x0000000000003afc       0x92 /home/user/Osek/Test-LCD-HD44780/erika/lib/libee.a(ee_atmega_system_timer.c.o)
                                        0xbde (size before relaxing)
 .debug_str     0x0000000000003b8e       0xb9 /home/user/Osek/Test-LCD-HD44780/erika/lib/libee.a(ee_std_change_context.c.o)
                                        0xc67 (size before relaxing)
 .debug_str     0x0000000000003c47      0x14b /home/user/Osek/Test-LCD-HD44780/erika/lib/libee.a(ee_oo_counter.c.o)
                                        0xd61 (size before relaxing)
 .debug_str     0x0000000000003d92       0x79 /home/user/Osek/Test-LCD-HD44780/erika/lib/libee.a(ee_atmega_timer1ctc.c.o)
                                        0xbb1 (size before relaxing)

.debug_loc      0x0000000000000000     0x5b52
 *(.debug_loc)
 .debug_loc     0x0000000000000000      0x282 /home/user/Osek/Test-LCD-HD44780/erika/lib/libarduinosdk.a(wiring.c.o)
 .debug_loc     0x0000000000000282      0x658 /home/user/Osek/Test-LCD-HD44780/erika/lib/libarduinosdk.a(wiring_digital.c.o)
 .debug_loc     0x00000000000008da      0x47c /home/user/Osek/Test-LCD-HD44780/erika/lib/libarduinosdk.a(HardwareSerial.cpp.o)
 .debug_loc     0x0000000000000d56      0x18a /home/user/Osek/Test-LCD-HD44780/erika/lib/libarduinosdk.a(HardwareSerial0.cpp.o)
 .debug_loc     0x0000000000000ee0     0x1cde /home/user/Osek/Test-LCD-HD44780/erika/lib/libarduinosdk.a(Print.cpp.o)
 .debug_loc     0x0000000000002bbe      0xc62 /home/user/Osek/Test-LCD-HD44780/erika/lib/libee.a(ee_oo_api_osek.c.o)
 .debug_loc     0x0000000000003820      0x12b /home/user/Osek/Test-LCD-HD44780/erika/lib/libee.a(ee_oo_sched_entry_points.c.o)
 .debug_loc     0x000000000000394b      0x6d4 /home/user/Osek/Test-LCD-HD44780/erika/lib/libee.a(ee_oo_scheduler.c.o)
 .debug_loc     0x000000000000401f      0xaa1 /home/user/Osek/Test-LCD-HD44780/erika/lib/libee.a(ee_oo_sched_partitioned.c.o)
 .debug_loc     0x0000000000004ac0      0x48b /home/user/Osek/Test-LCD-HD44780/erika/lib/libee.a(ee_oo_alarm.c.o)
 .debug_loc     0x0000000000004f4b       0x80 /home/user/Osek/Test-LCD-HD44780/erika/lib/libee.a(ee_avr8_irqstub.c.o)
 .debug_loc     0x0000000000004fcb      0x312 /home/user/Osek/Test-LCD-HD44780/erika/lib/libee.a(ee_std_change_context.c.o)
 .debug_loc     0x00000000000052dd      0x712 /home/user/Osek/Test-LCD-HD44780/erika/lib/libee.a(ee_oo_counter.c.o)
 .debug_loc     0x00000000000059ef      0x163 /home/user/Osek/Test-LCD-HD44780/erika/lib/libee.a(ee_atmega_timer1ctc.c.o)

.debug_macinfo
 *(.debug_macinfo)

.debug_weaknames
 *(.debug_weaknames)

.debug_funcnames
 *(.debug_funcnames)

.debug_typenames
 *(.debug_typenames)

.debug_varnames
 *(.debug_varnames)

.debug_pubtypes
 *(.debug_pubtypes)

.debug_ranges   0x0000000000000000      0x6d0
 *(.debug_ranges)
 .debug_ranges  0x0000000000000000       0x38 /home/user/Osek/Test-LCD-HD44780/erika/lib/libarduinosdk.a(wiring.c.o)
 .debug_ranges  0x0000000000000038       0x40 /home/user/Osek/Test-LCD-HD44780/erika/lib/libarduinosdk.a(wiring_digital.c.o)
 .debug_ranges  0x0000000000000078       0x70 /home/user/Osek/Test-LCD-HD44780/erika/lib/libarduinosdk.a(HardwareSerial.cpp.o)
 .debug_ranges  0x00000000000000e8       0x40 /home/user/Osek/Test-LCD-HD44780/erika/lib/libarduinosdk.a(HardwareSerial0.cpp.o)
 .debug_ranges  0x0000000000000128      0x138 /home/user/Osek/Test-LCD-HD44780/erika/lib/libarduinosdk.a(Print.cpp.o)
 .debug_ranges  0x0000000000000260      0x198 /home/user/Osek/Test-LCD-HD44780/erika/lib/libee.a(ee_oo_api_osek.c.o)
 .debug_ranges  0x00000000000003f8       0x40 /home/user/Osek/Test-LCD-HD44780/erika/lib/libee.a(ee_oo_sched_entry_points.c.o)
 .debug_ranges  0x0000000000000438       0x58 /home/user/Osek/Test-LCD-HD44780/erika/lib/libee.a(ee_oo_scheduler.c.o)
 .debug_ranges  0x0000000000000490       0x98 /home/user/Osek/Test-LCD-HD44780/erika/lib/libee.a(ee_oo_sched_partitioned.c.o)
 .debug_ranges  0x0000000000000528       0x40 /home/user/Osek/Test-LCD-HD44780/erika/lib/libee.a(ee_oo_alarm.c.o)
 .debug_ranges  0x0000000000000568       0x20 /home/user/Osek/Test-LCD-HD44780/erika/lib/libee.a(ee_atmega_intvect.c.o)
 .debug_ranges  0x0000000000000588       0x18 /home/user/Osek/Test-LCD-HD44780/erika/lib/libee.a(ee_avr8_irqstub.c.o)
 .debug_ranges  0x00000000000005a0       0x18 /home/user/Osek/Test-LCD-HD44780/erika/lib/libee.a(ee_atmega_system_timer.c.o)
 .debug_ranges  0x00000000000005b8       0x20 /home/user/Osek/Test-LCD-HD44780/erika/lib/libee.a(ee_std_change_context.c.o)
 .debug_ranges  0x00000000000005d8       0xe8 /home/user/Osek/Test-LCD-HD44780/erika/lib/libee.a(ee_oo_counter.c.o)
 .debug_ranges  0x00000000000006c0       0x10 /home/user/Osek/Test-LCD-HD44780/erika/lib/libee.a(ee_atmega_timer1ctc.c.o)

.debug_macro
 *(.debug_macro)
OUTPUT(arduino.elf elf32-avr)
LOAD linker stubs
